04-17 12:08:18.530  3082 23839 I NearbySharing: SendManager event DistanceChanged(receiverId=8, distance=1, rangingData=null)
04-17 12:08:18.530  3082 23605 I NearbySharing: ShareTargetDiscoveredCallback: onShareTargetDiscovered()
04-17 12:08:18.530  3082 23605 I NearbySharing: ShareTargetDiscoveredCallback: onShareTargetDistanceChanged() with distance: 1, rangingData: null
04-17 12:08:18.533  1641  2167 D ShortcutService: rescanPackageIfNeeded 0@com.google.android.gms, forceRescan=false , isNewApp=false
04-17 12:08:18.536  1641  2377 D BackgroundInstallControlService: Package event received: 0
04-17 12:08:18.537  1641  2167 D ShortcutService: rescanPackageIfNeeded 0@com.google.android.gms, forceRescan=false , isNewApp=false
04-17 12:08:18.538  3082  3082 I NearbySharing: ShortcutInfoManager added shortcut motorola edge 40 neo
04-17 12:08:18.637  1641  2376 D ShortcutService: Saving package item com.google.android.gms to /data/system_ce/0/shortcut_service/packages/com.google.android.gms.xml
04-17 12:08:18.637  1641  1799 D ShortcutService: Getting shortcuts for launcher= com.android.systemuiuserId=0 pkg=com.google.android.gms
04-17 12:08:18.639  1641  2376 D ShortcutService: Persisting shortcuts from 0@com.google.android.gms
04-17 12:08:18.639  1641  2376 D ShortcutService: 8 [DynIc-uStrLiv]
04-17 12:08:18.632     0     0 W         : IRQ6 no longer affine to CPU5
04-17 12:08:18.660  1641  1799 D ShortcutService: Getting shortcuts for launcher= com.android.launcher3userId=0 pkg=com.google.android.gms
04-17 12:08:18.660  1094  2888 D vendor.qti.bluetooth@1.0-wake_lock: Release wakelock is released 
04-17 12:08:18.665  3195  3195 D BoundBrokerSvc: onUnbind: Intent { act=com.google.android.gms.backup.GMS_MODULE_RESTORE dat=chimera-action:/... cmp=com.google.android.gms/.chimera.GmsInternalBoundBrokerService }
04-17 12:08:19.078  3155  3155 W LocaleConfig: Failed to parse XML configuration from m3_button_group_child_size_change
04-17 12:08:19.078  3155  3155 W LocaleConfig: org.xmlpull.v1.XmlPullParserException: Unexpected start tag: found selector, expected locale-config
04-17 12:08:19.078  3155  3155 W LocaleConfig: 	at com.android.internal.util.XmlUtils.beginDocument(XmlUtils.java:1701)
04-17 12:08:19.078  3155  3155 W LocaleConfig: 	at android.app.LocaleConfig.parseLocaleConfig(LocaleConfig.java:204)
04-17 12:08:19.078  3155  3155 W LocaleConfig: 	at android.app.LocaleConfig.<init>(LocaleConfig.java:156)
04-17 12:08:19.078  3155  3155 W LocaleConfig: 	at android.app.LocaleConfig.fromContextIgnoringOverride(LocaleConfig.java:126)
04-17 12:08:19.078  3155  3155 W LocaleConfig: 	at android.app.ContextImpl.setResources(ContextImpl.java:3672)
04-17 12:08:19.078  3155  3155 W LocaleConfig: 	at android.app.ContextImpl.<init>(ContextImpl.java:3599)
04-17 12:08:19.078  3155  3155 W LocaleConfig: 	at android.app.ContextImpl.createApplicationContextAsUser(ContextImpl.java:2777)
04-17 12:08:19.078  3155  3155 W LocaleConfig: 	at android.app.ContextImpl.createApplicationContext(ContextImpl.java:2768)
04-17 12:08:19.078  3155  3155 W LocaleConfig: 	at android.content.ContextWrapper.createApplicationContext(ContextWrapper.java:1139)
04-17 12:08:19.078  3155  3155 W LocaleConfig: 	at android.app.Notification$Builder.recoverBuilder(Notification.java:7334)
04-17 12:08:19.078  3155  3155 W LocaleConfig: 	at android.ext.services.notification.NotificationEntry.<init>(go/retraceme a2165b383c7c7fbaaea02ced6998daf6ddee28de03c5f1acadd6984f59cff960:40)
04-17 12:08:19.078  3155  3155 W LocaleConfig: 	at android.ext.services.notification.Assistant.onNotificationPosted(go/retraceme a2165b383c7c7fbaaea02ced6998daf6ddee28de03c5f1acadd6984f59cff960:75)
04-17 12:08:19.078  3155  3155 W LocaleConfig: 	at android.service.notification.NotificationListenerService$MyHandler.handleMessage(NotificationListenerService.java:2476)
04-17 12:08:19.078  3155  3155 W LocaleConfig: 	at android.os.Handler.dispatchMessage(Handler.java:109)
04-17 12:08:19.078  3155  3155 W LocaleConfig: 	at android.os.Looper.loopOnce(Looper.java:232)
04-17 12:08:19.078  3155  3155 W LocaleConfig: 	at android.os.Looper.loop(Looper.java:317)
04-17 12:08:19.078  3155  3155 W LocaleConfig: 	at android.app.ActivityThread.main(ActivityThread.java:8934)
04-17 12:08:19.078  3155  3155 W LocaleConfig: 	at java.lang.reflect.Method.invoke(Native Method)
04-17 12:08:19.078  3155  3155 W LocaleConfig: 	at com.android.internal.os.RuntimeInit$MethodAndArgsCaller.run(RuntimeInit.java:591)
04-17 12:08:19.078  3155  3155 W LocaleConfig: 	at com.android.internal.os.ZygoteInit.main(ZygoteInit.java:911)
04-17 12:08:19.091  2437  2859 E ndroid.systemui: Resource 7f140000 is a complex map type.
04-17 12:08:19.092  2437  2859 W LocaleConfig: The resource file pointed to by the given resource ID isn't found.
04-17 12:08:19.092  2437  2859 E ndroid.systemui: Resource 7f140000 is a complex map type.
04-17 12:08:19.093  2437  2859 W LocaleConfig: The resource file pointed to by the given resource ID isn't found.
04-17 12:08:19.094  1641 19389 W ActivityManager: Foreground service started from background can not have location/camera/microphone access: service org.torproject.android/.service.OrbotService
04-17 12:08:19.105  2437  2859 W HWUI    : Image decoding logging dropped!
04-17 12:08:19.109  2437  2859 W HWUI    : Image decoding logging dropped!
04-17 12:08:19.252   950 23709 I resolv  : res_nsend: used send_dg 0 terrno: 110
04-17 12:08:19.252   950 23709 I resolv  : doQuery: rcode=255, ancount=0, return value=-110
04-17 12:08:19.260     0     0 I         : process 4997 (ValueStore-3) no longer affine to cpu5
04-17 12:08:19.281  4780  4997 I Finsky  : [132] WM::SCH: Logging work initialize for 12-1
04-17 12:08:19.285  4780  5060 I Finsky  : [140] SCH: Scheduling phonesky job Id: 12-1, CT: 1776424079139, Constraints: [{ L: 15000, D: 86400000, C: CHARGING_NONE, I: IDLE_NONE, N: NET_ANY, B: BATTERY_ANY }]
04-17 12:08:19.290  4780  5055 I Finsky  : [136] SCH: Scheduling 1 system job(s)
04-17 12:08:19.290  4780  5055 I Finsky  : [136] SCH: Scheduling system job Id: 9110, L: 0, D: 58038943, C: false, I: false, N: 1
04-17 12:08:19.304   950   994 I netd    : tetherGetStats() -> {[]} <1.81ms>
04-17 12:08:19.322  4780  4992 I Finsky  : [130] [ContentSync] finished, scheduled=true
04-17 12:08:19.322  4780  4780 I Finsky  : [2] SCH: job service start with id 9110.
04-17 12:08:19.324  6496  6496 I Finsky  : [2] SCH: job service start with id 9299.
04-17 12:08:19.334  4780 23662 I Finsky  : [328] SCH: Satisfied jobs for 9110 are: 12-1
04-17 12:08:19.337  6496 23651 I Finsky  : [317] SCH: Satisfied jobs for 9299 are: 12-1
04-17 12:08:19.338  6496 23841 I Finsky  : [324] SCH: Job 12-1 starting
04-17 12:08:19.339  2437  2859 W HWUI    : Image decoding logging dropped!
04-17 12:08:19.339  6496  6496 I Finsky  : [2] WM::SCH: Logging work start for 12-1
04-17 12:08:19.340  6496  6496 I Finsky  : [2] [ContentSync] job started
04-17 12:08:19.341  4780 23840 I Finsky  : [335] SCH: Job 12-1 starting
04-17 12:08:19.343  2437  2859 W HWUI    : Image decoding logging dropped!
04-17 12:08:19.344  4780  4780 I Finsky  : [2] WM::SCH: Logging work start for 12-1
04-17 12:08:19.345  4780  4780 I Finsky  : [2] [ContentSync] job started
04-17 12:08:19.529  6496 23842 I Finsky  : [325] App states replicator found 12 unowned apps
04-17 12:08:19.540  6496  6542 I Finsky  : [197] Completed 0 account content syncs with 0 successful.
04-17 12:08:19.541  6496  6496 I Finsky  : [2] [ContentSync] Installation state replication succeeded.
04-17 12:08:19.541  6496  6496 I Finsky  : [2] SCH: jobFinished: 12-1. TimeElapsed: 202ms.
04-17 12:08:19.542  6496  6496 I Finsky  : [2] WM::SCH: Logging work end for 12-1
04-17 12:08:19.547  1641  2328 E WifiStaIfaceAidlImpl: getCachedScanData failed with service-specific exception: android.os.ServiceSpecificException:  (code 4)
04-17 12:08:19.569  6496  6557 I Finsky  : [199] SCH: Scheduling phonesky job Id: 1-1337, CT: 1776404154946, Constraints: [{ L: 43188402, D: 86388402, C: CHARGING_NONE, I: IDLE_NONE, N: NET_ANY, B: BATTERY_ANY }]
04-17 12:08:19.571 23624 23626 I artd    : Dex parent of /data/app/~~Of8aPFiPILlzIrtLuOz8Xw==/com.google.android.apps.wellbeing-sYdRrlMQ4CKn0snQnQgsmA==/base.apk is not writable: Permission denied
04-17 12:08:19.571 23624 23626 I artd    : GetBestInfo checking odex in dalvik-cache (/data/dalvik-cache/arm64/data@app@~~Of8aPFiPILlzIrtLuOz8Xw==@com.google.android.apps.wellbeing-sYdRrlMQ4CKn0snQnQgsmA==@base.apk@classes.dex)
04-17 12:08:19.571 23624 23626 I artd    : Loading /data/dalvik-cache/arm64/data@app@~~Of8aPFiPILlzIrtLuOz8Xw==@com.google.android.apps.wellbeing-sYdRrlMQ4CKn0snQnQgsmA==@base.apk@classes.dex with executable: 0
04-17 12:08:19.571 23624 23626 I artd    : OatFileAssistant test for existing oat file /data/dalvik-cache/arm64/data@app@~~Of8aPFiPILlzIrtLuOz8Xw==@com.google.android.apps.wellbeing-sYdRrlMQ4CKn0snQnQgsmA==@base.apk@classes.dex: File /data/dalvik-cache/arm64/data@app@~~Of8aPFiPILlzIrtLuOz8Xw==@com.google.android.apps.wellbeing-sYdRrlMQ4CKn0snQnQgsmA==@base.apk@classes.vdex does not exist.
04-17 12:08:19.571 23624 23626 I artd    : GetBestInfo checking odex next to the dex file (/data/app/~~Of8aPFiPILlzIrtLuOz8Xw==/com.google.android.apps.wellbeing-sYdRrlMQ4CKn0snQnQgsmA==/oat/arm64/base.odex)
04-17 12:08:19.571 23624 23626 I artd    : Loading /data/app/~~Of8aPFiPILlzIrtLuOz8Xw==/com.google.android.apps.wellbeing-sYdRrlMQ4CKn0snQnQgsmA==/oat/arm64/base.odex with executable: 0
04-17 12:08:19.574  6496  6542 I Finsky  : [197] SCH: Scheduling 1 system job(s)
04-17 12:08:19.574  6496  6542 I Finsky  : [197] SCH: Scheduling system job Id: 9302, L: 23243774, D: 66443774, C: false, I: false, N: 1
04-17 12:08:19.580  6496 23841 I Finsky  : [324] SCH: job service finished with id 9299.
04-17 12:08:19.582 23624 23626 I artd    : Successfully loaded /data/app/~~Of8aPFiPILlzIrtLuOz8Xw==/com.google.android.apps.wellbeing-sYdRrlMQ4CKn0snQnQgsmA==/oat/arm64/base.odex with executable: 0
04-17 12:08:19.582 23624 23626 I artd    : Failed to verify checksums of oat file /data/app/~~Of8aPFiPILlzIrtLuOz8Xw==/com.google.android.apps.wellbeing-sYdRrlMQ4CKn0snQnQgsmA==/oat/arm64/base.odex error: Image checksum mismatch, expected i;18/8f4bf6b1:i;28/072cb484 to start with i;18/5697d995
04-17 12:08:19.582 23624 23626 I artd    : Oat image checksum does not match image checksum.
04-17 12:08:19.582 23624 23626 I artd    : /data/app/~~Of8aPFiPILlzIrtLuOz8Xw==/com.google.android.apps.wellbeing-sYdRrlMQ4CKn0snQnQgsmA==/oat/arm64/base.odex is kOatBootImageOutOfDate with filter speed-profile
04-17 12:08:19.582 23624 23626 I artd    : GetBestInfo checking vdex in dalvik-cache (/data/dalvik-cache/arm64/data@app@~~Of8aPFiPILlzIrtLuOz8Xw==@com.google.android.apps.wellbeing-sYdRrlMQ4CKn0snQnQgsmA==@base.apk@classes.vdex)
04-17 12:08:19.582 23624 23626 I artd    : unable to open vdex file /data/dalvik-cache/arm64/data@app@~~Of8aPFiPILlzIrtLuOz8Xw==@com.google.android.apps.wellbeing-sYdRrlMQ4CKn0snQnQgsmA==@base.apk@classes.vdex: File /data/dalvik-cache/arm64/data@app@~~Of8aPFiPILlzIrtLuOz8Xw==@com.google.android.apps.wellbeing-sYdRrlMQ4CKn0snQnQgsmA==@base.apk@classes.vdex does not exist.
04-17 12:08:19.582 23624 23626 I artd    : OatFileAssistant test for existing oat file /data/dalvik-cache/arm64/data@app@~~Of8aPFiPILlzIrtLuOz8Xw==@com.google.android.apps.wellbeing-sYdRrlMQ4CKn0snQnQgsmA==@base.apk@classes.vdex: File /data/dalvik-cache/arm64/data@app@~~Of8aPFiPILlzIrtLuOz8Xw==@com.google.android.apps.wellbeing-sYdRrlMQ4CKn0snQnQgsmA==@base.apk@classes.vdex does not exist.
04-17 12:08:19.582 23624 23626 I artd    : GetBestInfo checking vdex next to the dex file (/data/app/~~Of8aPFiPILlzIrtLuOz8Xw==/com.google.android.apps.wellbeing-sYdRrlMQ4CKn0snQnQgsmA==/oat/arm64/base.vdex)
04-17 12:08:19.583 23624 23626 I artd    : Successfully loaded /data/app/~~Of8aPFiPILlzIrtLuOz8Xw==/com.google.android.apps.wellbeing-sYdRrlMQ4CKn0snQnQgsmA==/oat/arm64/base.vdex with executable: 0
04-17 12:08:19.583 23624 23626 I artd    : Image checksum test skipped for vdex file /data/app/~~Of8aPFiPILlzIrtLuOz8Xw==/com.google.android.apps.wellbeing-sYdRrlMQ4CKn0snQnQgsmA==/oat/arm64/base.vdex
04-17 12:08:19.583 23624 23626 I artd    : /data/app/~~Of8aPFiPILlzIrtLuOz8Xw==/com.google.android.apps.wellbeing-sYdRrlMQ4CKn0snQnQgsmA==/oat/arm64/base.vdex is kOatUpToDate with filter verify
04-17 12:08:19.618   950   994 I netd    : tetherGetStats() -> {[]} <1.59ms>
04-17 12:08:19.626   950   994 I netd    : bandwidthSetGlobalAlert(2097152) <0.26ms>
04-17 12:08:19.636 23624 23626 I artd    : Dex parent of /data/app/~~ciosHVAXqIGM5hWBgqaqPQ==/com.google.ar.core-WzYwqEZZN3CSCDosa3CkZQ==/base.apk is not writable: Permission denied
04-17 12:08:19.636 23624 23626 I artd    : GetBestInfo checking odex in dalvik-cache (/data/dalvik-cache/arm64/data@app@~~ciosHVAXqIGM5hWBgqaqPQ==@com.google.ar.core-WzYwqEZZN3CSCDosa3CkZQ==@base.apk@classes.dex)
04-17 12:08:19.636 23624 23626 I artd    : Loading /data/dalvik-cache/arm64/data@app@~~ciosHVAXqIGM5hWBgqaqPQ==@com.google.ar.core-WzYwqEZZN3CSCDosa3CkZQ==@base.apk@classes.dex with executable: 0
04-17 12:08:19.637 23624 23626 I artd    : OatFileAssistant test for existing oat file /data/dalvik-cache/arm64/data@app@~~ciosHVAXqIGM5hWBgqaqPQ==@com.google.ar.core-WzYwqEZZN3CSCDosa3CkZQ==@base.apk@classes.dex: File /data/dalvik-cache/arm64/data@app@~~ciosHVAXqIGM5hWBgqaqPQ==@com.google.ar.core-WzYwqEZZN3CSCDosa3CkZQ==@base.apk@classes.vdex does not exist.
04-17 12:08:19.637 23624 23626 I artd    : GetBestInfo checking odex next to the dex file (/data/app/~~ciosHVAXqIGM5hWBgqaqPQ==/com.google.ar.core-WzYwqEZZN3CSCDosa3CkZQ==/oat/arm64/base.odex)
04-17 12:08:19.637 23624 23626 I artd    : Loading /data/app/~~ciosHVAXqIGM5hWBgqaqPQ==/com.google.ar.core-WzYwqEZZN3CSCDosa3CkZQ==/oat/arm64/base.odex with executable: 0
04-17 12:08:19.646 23624 23626 I artd    : Successfully loaded /data/app/~~ciosHVAXqIGM5hWBgqaqPQ==/com.google.ar.core-WzYwqEZZN3CSCDosa3CkZQ==/oat/arm64/base.odex with executable: 0
04-17 12:08:19.646 23624 23626 I artd    : Failed to verify checksums of oat file /data/app/~~ciosHVAXqIGM5hWBgqaqPQ==/com.google.ar.core-WzYwqEZZN3CSCDosa3CkZQ==/oat/arm64/base.odex error: Image checksum mismatch, expected i;18/8f4bf6b1:i;28/072cb484 to start with i;18/5697d995
04-17 12:08:19.646 23624 23626 I artd    : Oat image checksum does not match image checksum.
04-17 12:08:19.646 23624 23626 I artd    : /data/app/~~ciosHVAXqIGM5hWBgqaqPQ==/com.google.ar.core-WzYwqEZZN3CSCDosa3CkZQ==/oat/arm64/base.odex is kOatBootImageOutOfDate with filter speed-profile
04-17 12:08:19.646 23624 23626 I artd    : GetBestInfo checking vdex in dalvik-cache (/data/dalvik-cache/arm64/data@app@~~ciosHVAXqIGM5hWBgqaqPQ==@com.google.ar.core-WzYwqEZZN3CSCDosa3CkZQ==@base.apk@classes.vdex)
04-17 12:08:19.646 23624 23626 I artd    : unable to open vdex file /data/dalvik-cache/arm64/data@app@~~ciosHVAXqIGM5hWBgqaqPQ==@com.google.ar.core-WzYwqEZZN3CSCDosa3CkZQ==@base.apk@classes.vdex: File /data/dalvik-cache/arm64/data@app@~~ciosHVAXqIGM5hWBgqaqPQ==@com.google.ar.core-WzYwqEZZN3CSCDosa3CkZQ==@base.apk@classes.vdex does not exist.
04-17 12:08:19.646 23624 23626 I artd    : OatFileAssistant test for existing oat file /data/dalvik-cache/arm64/data@app@~~ciosHVAXqIGM5hWBgqaqPQ==@com.google.ar.core-WzYwqEZZN3CSCDosa3CkZQ==@base.apk@classes.vdex: File /data/dalvik-cache/arm64/data@app@~~ciosHVAXqIGM5hWBgqaqPQ==@com.google.ar.core-WzYwqEZZN3CSCDosa3CkZQ==@base.apk@classes.vdex does not exist.
04-17 12:08:19.646 23624 23626 I artd    : GetBestInfo checking vdex next to the dex file (/data/app/~~ciosHVAXqIGM5hWBgqaqPQ==/com.google.ar.core-WzYwqEZZN3CSCDosa3CkZQ==/oat/arm64/base.vdex)
04-17 12:08:19.648 23624 23626 I artd    : Successfully loaded /data/app/~~ciosHVAXqIGM5hWBgqaqPQ==/com.google.ar.core-WzYwqEZZN3CSCDosa3CkZQ==/oat/arm64/base.vdex with executable: 0
04-17 12:08:19.648 23624 23626 I artd    : Image checksum test skipped for vdex file /data/app/~~ciosHVAXqIGM5hWBgqaqPQ==/com.google.ar.core-WzYwqEZZN3CSCDosa3CkZQ==/oat/arm64/base.vdex
04-17 12:08:19.648 23624 23626 I artd    : /data/app/~~ciosHVAXqIGM5hWBgqaqPQ==/com.google.ar.core-WzYwqEZZN3CSCDosa3CkZQ==/oat/arm64/base.vdex is kOatUpToDate with filter verify
04-17 12:08:19.649 23624 23626 I artd    : Dex parent of /data/app/~~ciosHVAXqIGM5hWBgqaqPQ==/com.google.ar.core-WzYwqEZZN3CSCDosa3CkZQ==/base.apk is not writable: Permission denied
04-17 12:08:19.649 23624 23626 I artd    : GetBestInfo checking odex in dalvik-cache (/data/dalvik-cache/arm/data@app@~~ciosHVAXqIGM5hWBgqaqPQ==@com.google.ar.core-WzYwqEZZN3CSCDosa3CkZQ==@base.apk@classes.dex)
04-17 12:08:19.649 23624 23626 I artd    : Loading /data/dalvik-cache/arm/data@app@~~ciosHVAXqIGM5hWBgqaqPQ==@com.google.ar.core-WzYwqEZZN3CSCDosa3CkZQ==@base.apk@classes.dex with executable: 0
04-17 12:08:19.649 23624 23626 I artd    : OatFileAssistant test for existing oat file /data/dalvik-cache/arm/data@app@~~ciosHVAXqIGM5hWBgqaqPQ==@com.google.ar.core-WzYwqEZZN3CSCDosa3CkZQ==@base.apk@classes.dex: File /data/dalvik-cache/arm/data@app@~~ciosHVAXqIGM5hWBgqaqPQ==@com.google.ar.core-WzYwqEZZN3CSCDosa3CkZQ==@base.apk@classes.vdex does not exist.
04-17 12:08:19.649 23624 23626 I artd    : GetBestInfo checking odex next to the dex file (/data/app/~~ciosHVAXqIGM5hWBgqaqPQ==/com.google.ar.core-WzYwqEZZN3CSCDosa3CkZQ==/oat/arm/base.odex)
04-17 12:08:19.649 23624 23626 I artd    : Loading /data/app/~~ciosHVAXqIGM5hWBgqaqPQ==/com.google.ar.core-WzYwqEZZN3CSCDosa3CkZQ==/oat/arm/base.odex with executable: 0
04-17 12:08:19.657   950   994 I netd    : bandwidthRemoveInterfaceQuota(rmnet_data2) <2.46ms>
04-17 12:08:19.658 23624 23626 I artd    : Successfully loaded /data/app/~~ciosHVAXqIGM5hWBgqaqPQ==/com.google.ar.core-WzYwqEZZN3CSCDosa3CkZQ==/oat/arm/base.odex with executable: 0
04-17 12:08:19.658 23624 23626 I artd    : Failed to verify checksums of oat file /data/app/~~ciosHVAXqIGM5hWBgqaqPQ==/com.google.ar.core-WzYwqEZZN3CSCDosa3CkZQ==/oat/arm/base.odex error: Image checksum mismatch, expected i;18/aa9a8f01:i;28/e44cb165 to start with i;18/cd8fe729
04-17 12:08:19.658 23624 23626 I artd    : Oat image checksum does not match image checksum.
04-17 12:08:19.658 23624 23626 I artd    : /data/app/~~ciosHVAXqIGM5hWBgqaqPQ==/com.google.ar.core-WzYwqEZZN3CSCDosa3CkZQ==/oat/arm/base.odex is kOatBootImageOutOfDate with filter speed-profile
04-17 12:08:19.658 23624 23626 I artd    : GetBestInfo checking vdex in dalvik-cache (/data/dalvik-cache/arm/data@app@~~ciosHVAXqIGM5hWBgqaqPQ==@com.google.ar.core-WzYwqEZZN3CSCDosa3CkZQ==@base.apk@classes.vdex)
04-17 12:08:19.659 23624 23626 I artd    : unable to open vdex file /data/dalvik-cache/arm/data@app@~~ciosHVAXqIGM5hWBgqaqPQ==@com.google.ar.core-WzYwqEZZN3CSCDosa3CkZQ==@base.apk@classes.vdex: File /data/dalvik-cache/arm/data@app@~~ciosHVAXqIGM5hWBgqaqPQ==@com.google.ar.core-WzYwqEZZN3CSCDosa3CkZQ==@base.apk@classes.vdex does not exist.
04-17 12:08:19.659 23624 23626 I artd    : OatFileAssistant test for existing oat file /data/dalvik-cache/arm/data@app@~~ciosHVAXqIGM5hWBgqaqPQ==@com.google.ar.core-WzYwqEZZN3CSCDosa3CkZQ==@base.apk@classes.vdex: File /data/dalvik-cache/arm/data@app@~~ciosHVAXqIGM5hWBgqaqPQ==@com.google.ar.core-WzYwqEZZN3CSCDosa3CkZQ==@base.apk@classes.vdex does not exist.
04-17 12:08:19.659 23624 23626 I artd    : GetBestInfo checking vdex next to the dex file (/data/app/~~ciosHVAXqIGM5hWBgqaqPQ==/com.google.ar.core-WzYwqEZZN3CSCDosa3CkZQ==/oat/arm/base.vdex)
04-17 12:08:19.659   950   994 I netd    : bandwidthSetInterfaceQuota(rmnet_data2, 9223372036854775807) <1.60ms>
04-17 12:08:19.660 23624 23626 I artd    : Successfully loaded /data/app/~~ciosHVAXqIGM5hWBgqaqPQ==/com.google.ar.core-WzYwqEZZN3CSCDosa3CkZQ==/oat/arm/base.vdex with executable: 0
04-17 12:08:19.661 23624 23626 I artd    : Image checksum test skipped for vdex file /data/app/~~ciosHVAXqIGM5hWBgqaqPQ==/com.google.ar.core-WzYwqEZZN3CSCDosa3CkZQ==/oat/arm/base.vdex
04-17 12:08:19.661 23624 23626 I artd    : /data/app/~~ciosHVAXqIGM5hWBgqaqPQ==/com.google.ar.core-WzYwqEZZN3CSCDosa3CkZQ==/oat/arm/base.vdex is kOatUpToDate with filter verify
04-17 12:08:19.737  4780  4780 W Finsky  : [2] STU: Failed to get storage stats for package 'com.android.media' (1601: Error getting stats: android.content.pm.PackageManager.NameNotFoundException)
04-17 12:08:19.743 23624 23626 I artd    : Dex parent of /data/app/~~vSGYvaytgZCF5-l0bWx8fA==/com.google.android.apps.restore-cztcMtcAqcmalPV60IbpKg==/base.apk is not writable: Permission denied
04-17 12:08:19.743 23624 23626 I artd    : GetBestInfo checking odex in dalvik-cache (/data/dalvik-cache/arm64/data@app@~~vSGYvaytgZCF5-l0bWx8fA==@com.google.android.apps.restore-cztcMtcAqcmalPV60IbpKg==@base.apk@classes.dex)
04-17 12:08:19.743 23624 23626 I artd    : Loading /data/dalvik-cache/arm64/data@app@~~vSGYvaytgZCF5-l0bWx8fA==@com.google.android.apps.restore-cztcMtcAqcmalPV60IbpKg==@base.apk@classes.dex with executable: 0
04-17 12:08:19.744 23624 23626 I artd    : OatFileAssistant test for existing oat file /data/dalvik-cache/arm64/data@app@~~vSGYvaytgZCF5-l0bWx8fA==@com.google.android.apps.restore-cztcMtcAqcmalPV60IbpKg==@base.apk@classes.dex: File /data/dalvik-cache/arm64/data@app@~~vSGYvaytgZCF5-l0bWx8fA==@com.google.android.apps.restore-cztcMtcAqcmalPV60IbpKg==@base.apk@classes.vdex does not exist.
04-17 12:08:19.744 23624 23626 I artd    : GetBestInfo checking odex next to the dex file (/data/app/~~vSGYvaytgZCF5-l0bWx8fA==/com.google.android.apps.restore-cztcMtcAqcmalPV60IbpKg==/oat/arm64/base.odex)
04-17 12:08:19.744 23624 23626 I artd    : Loading /data/app/~~vSGYvaytgZCF5-l0bWx8fA==/com.google.android.apps.restore-cztcMtcAqcmalPV60IbpKg==/oat/arm64/base.odex with executable: 0
04-17 12:08:19.751 23624 23626 I artd    : Successfully loaded /data/app/~~vSGYvaytgZCF5-l0bWx8fA==/com.google.android.apps.restore-cztcMtcAqcmalPV60IbpKg==/oat/arm64/base.odex with executable: 0
04-17 12:08:19.752 23624 23626 I artd    : Failed to verify checksums of oat file /data/app/~~vSGYvaytgZCF5-l0bWx8fA==/com.google.android.apps.restore-cztcMtcAqcmalPV60IbpKg==/oat/arm64/base.odex error: Image checksum mismatch, expected i;18/8f4bf6b1:i;28/072cb484 to start with i;18/5697d995
04-17 12:08:19.752 23624 23626 I artd    : Oat image checksum does not match image checksum.
04-17 12:08:19.752 23624 23626 I artd    : /data/app/~~vSGYvaytgZCF5-l0bWx8fA==/com.google.android.apps.restore-cztcMtcAqcmalPV60IbpKg==/oat/arm64/base.odex is kOatBootImageOutOfDate with filter speed-profile
04-17 12:08:19.752 23624 23626 I artd    : GetBestInfo checking vdex in dalvik-cache (/data/dalvik-cache/arm64/data@app@~~vSGYvaytgZCF5-l0bWx8fA==@com.google.android.apps.restore-cztcMtcAqcmalPV60IbpKg==@base.apk@classes.vdex)
04-17 12:08:19.752 23624 23626 I artd    : unable to open vdex file /data/dalvik-cache/arm64/data@app@~~vSGYvaytgZCF5-l0bWx8fA==@com.google.android.apps.restore-cztcMtcAqcmalPV60IbpKg==@base.apk@classes.vdex: File /data/dalvik-cache/arm64/data@app@~~vSGYvaytgZCF5-l0bWx8fA==@com.google.android.apps.restore-cztcMtcAqcmalPV60IbpKg==@base.apk@classes.vdex does not exist.
04-17 12:08:19.752 23624 23626 I artd    : OatFileAssistant test for existing oat file /data/dalvik-cache/arm64/data@app@~~vSGYvaytgZCF5-l0bWx8fA==@com.google.android.apps.restore-cztcMtcAqcmalPV60IbpKg==@base.apk@classes.vdex: File /data/dalvik-cache/arm64/data@app@~~vSGYvaytgZCF5-l0bWx8fA==@com.google.android.apps.restore-cztcMtcAqcmalPV60IbpKg==@base.apk@classes.vdex does not exist.
04-17 12:08:19.752 23624 23626 I artd    : GetBestInfo checking vdex next to the dex file (/data/app/~~vSGYvaytgZCF5-l0bWx8fA==/com.google.android.apps.restore-cztcMtcAqcmalPV60IbpKg==/oat/arm64/base.vdex)
04-17 12:08:19.753 23624 23626 I artd    : Successfully loaded /data/app/~~vSGYvaytgZCF5-l0bWx8fA==/com.google.android.apps.restore-cztcMtcAqcmalPV60IbpKg==/oat/arm64/base.vdex with executable: 0
04-17 12:08:19.753 23624 23626 I artd    : Image checksum test skipped for vdex file /data/app/~~vSGYvaytgZCF5-l0bWx8fA==/com.google.android.apps.restore-cztcMtcAqcmalPV60IbpKg==/oat/arm64/base.vdex
04-17 12:08:19.753 23624 23626 I artd    : /data/app/~~vSGYvaytgZCF5-l0bWx8fA==/com.google.android.apps.restore-cztcMtcAqcmalPV60IbpKg==/oat/arm64/base.vdex is kOatUpToDate with filter verify
04-17 12:08:19.781     0     0 I         : process 13613 (Package size fe) no longer affine to cpu5
04-17 12:08:19.781     0     0 I         : process 4780 (android.vending) no longer affine to cpu5
04-17 12:08:19.800 23624 23626 I artd    : Dex parent of /data/app/~~kBeDxMToBvo5u6pC9MrrjQ==/com.google.android.partnersetup-sSSk-nrQIE7v4sJqaQsCtQ==/base.apk is not writable: Permission denied
04-17 12:08:19.800 23624 23626 I artd    : GetBestInfo checking odex in dalvik-cache (/data/dalvik-cache/arm64/data@app@~~kBeDxMToBvo5u6pC9MrrjQ==@com.google.android.partnersetup-sSSk-nrQIE7v4sJqaQsCtQ==@base.apk@classes.dex)
04-17 12:08:19.800 23624 23626 I artd    : Loading /data/dalvik-cache/arm64/data@app@~~kBeDxMToBvo5u6pC9MrrjQ==@com.google.android.partnersetup-sSSk-nrQIE7v4sJqaQsCtQ==@base.apk@classes.dex with executable: 0
04-17 12:08:19.800 23624 23626 I artd    : OatFileAssistant test for existing oat file /data/dalvik-cache/arm64/data@app@~~kBeDxMToBvo5u6pC9MrrjQ==@com.google.android.partnersetup-sSSk-nrQIE7v4sJqaQsCtQ==@base.apk@classes.dex: File /data/dalvik-cache/arm64/data@app@~~kBeDxMToBvo5u6pC9MrrjQ==@com.google.android.partnersetup-sSSk-nrQIE7v4sJqaQsCtQ==@base.apk@classes.vdex does not exist.
04-17 12:08:19.800 23624 23626 I artd    : GetBestInfo checking odex next to the dex file (/data/app/~~kBeDxMToBvo5u6pC9MrrjQ==/com.google.android.partnersetup-sSSk-nrQIE7v4sJqaQsCtQ==/oat/arm64/base.odex)
04-17 12:08:19.800 23624 23626 I artd    : Loading /data/app/~~kBeDxMToBvo5u6pC9MrrjQ==/com.google.android.partnersetup-sSSk-nrQIE7v4sJqaQsCtQ==/oat/arm64/base.odex with executable: 0
04-17 12:08:19.806 23624 23626 I artd    : Successfully loaded /data/app/~~kBeDxMToBvo5u6pC9MrrjQ==/com.google.android.partnersetup-sSSk-nrQIE7v4sJqaQsCtQ==/oat/arm64/base.odex with executable: 0
04-17 12:08:19.806 23624 23626 I artd    : Failed to verify checksums of oat file /data/app/~~kBeDxMToBvo5u6pC9MrrjQ==/com.google.android.partnersetup-sSSk-nrQIE7v4sJqaQsCtQ==/oat/arm64/base.odex error: Image checksum mismatch, expected i;18/8f4bf6b1:i;28/072cb484 to start with i;18/5697d995
04-17 12:08:19.806 23624 23626 I artd    : Oat image checksum does not match image checksum.
04-17 12:08:19.806 23624 23626 I artd    : /data/app/~~kBeDxMToBvo5u6pC9MrrjQ==/com.google.android.partnersetup-sSSk-nrQIE7v4sJqaQsCtQ==/oat/arm64/base.odex is kOatBootImageOutOfDate with filter speed-profile
04-17 12:08:19.806 23624 23626 I artd    : GetBestInfo checking vdex in dalvik-cache (/data/dalvik-cache/arm64/data@app@~~kBeDxMToBvo5u6pC9MrrjQ==@com.google.android.partnersetup-sSSk-nrQIE7v4sJqaQsCtQ==@base.apk@classes.vdex)
04-17 12:08:19.806 23624 23626 I artd    : unable to open vdex file /data/dalvik-cache/arm64/data@app@~~kBeDxMToBvo5u6pC9MrrjQ==@com.google.android.partnersetup-sSSk-nrQIE7v4sJqaQsCtQ==@base.apk@classes.vdex: File /data/dalvik-cache/arm64/data@app@~~kBeDxMToBvo5u6pC9MrrjQ==@com.google.android.partnersetup-sSSk-nrQIE7v4sJqaQsCtQ==@base.apk@classes.vdex does not exist.
04-17 12:08:19.806 23624 23626 I artd    : OatFileAssistant test for existing oat file /data/dalvik-cache/arm64/data@app@~~kBeDxMToBvo5u6pC9MrrjQ==@com.google.android.partnersetup-sSSk-nrQIE7v4sJqaQsCtQ==@base.apk@classes.vdex: File /data/dalvik-cache/arm64/data@app@~~kBeDxMToBvo5u6pC9MrrjQ==@com.google.android.partnersetup-sSSk-nrQIE7v4sJqaQsCtQ==@base.apk@classes.vdex does not exist.
04-17 12:08:19.806 23624 23626 I artd    : GetBestInfo checking vdex next to the dex file (/data/app/~~kBeDxMToBvo5u6pC9MrrjQ==/com.google.android.partnersetup-sSSk-nrQIE7v4sJqaQsCtQ==/oat/arm64/base.vdex)
04-17 12:08:19.806 23624 23626 I artd    : Successfully loaded /data/app/~~kBeDxMToBvo5u6pC9MrrjQ==/com.google.android.partnersetup-sSSk-nrQIE7v4sJqaQsCtQ==/oat/arm64/base.vdex with executable: 0
04-17 12:08:19.806 23624 23626 I artd    : Image checksum test skipped for vdex file /data/app/~~kBeDxMToBvo5u6pC9MrrjQ==/com.google.android.partnersetup-sSSk-nrQIE7v4sJqaQsCtQ==/oat/arm64/base.vdex
04-17 12:08:19.806 23624 23626 I artd    : /data/app/~~kBeDxMToBvo5u6pC9MrrjQ==/com.google.android.partnersetup-sSSk-nrQIE7v4sJqaQsCtQ==/oat/arm64/base.vdex is kOatUpToDate with filter verify
04-17 12:08:19.851 23624 23626 I artd    : Dex parent of /data/app/~~TGrd7V3I0-RCerP8-OaSJg==/org.pihole.android.test-9r25o9m5cXwfi7ubNwVz4A==/base.apk is not writable: Permission denied
04-17 12:08:19.852 23624 23626 I artd    : GetBestInfo checking odex in dalvik-cache (/data/dalvik-cache/arm64/data@app@~~TGrd7V3I0-RCerP8-OaSJg==@org.pihole.android.test-9r25o9m5cXwfi7ubNwVz4A==@base.apk@classes.dex)
04-17 12:08:19.852 23624 23626 I artd    : Loading /data/dalvik-cache/arm64/data@app@~~TGrd7V3I0-RCerP8-OaSJg==@org.pihole.android.test-9r25o9m5cXwfi7ubNwVz4A==@base.apk@classes.dex with executable: 0
04-17 12:08:19.852 23624 23626 I artd    : OatFileAssistant test for existing oat file /data/dalvik-cache/arm64/data@app@~~TGrd7V3I0-RCerP8-OaSJg==@org.pihole.android.test-9r25o9m5cXwfi7ubNwVz4A==@base.apk@classes.dex: File /data/dalvik-cache/arm64/data@app@~~TGrd7V3I0-RCerP8-OaSJg==@org.pihole.android.test-9r25o9m5cXwfi7ubNwVz4A==@base.apk@classes.vdex does not exist.
04-17 12:08:19.852 23624 23626 I artd    : GetBestInfo checking odex next to the dex file (/data/app/~~TGrd7V3I0-RCerP8-OaSJg==/org.pihole.android.test-9r25o9m5cXwfi7ubNwVz4A==/oat/arm64/base.odex)
04-17 12:08:19.852 23624 23626 I artd    : Loading /data/app/~~TGrd7V3I0-RCerP8-OaSJg==/org.pihole.android.test-9r25o9m5cXwfi7ubNwVz4A==/oat/arm64/base.odex with executable: 0
04-17 12:08:19.860 23624 23626 I artd    : Successfully loaded /data/app/~~TGrd7V3I0-RCerP8-OaSJg==/org.pihole.android.test-9r25o9m5cXwfi7ubNwVz4A==/oat/arm64/base.odex with executable: 0
04-17 12:08:19.865 23624 23626 I artd    : /data/app/~~TGrd7V3I0-RCerP8-OaSJg==/org.pihole.android.test-9r25o9m5cXwfi7ubNwVz4A==/oat/arm64/base.odex is kOatUpToDate with filter verify
04-17 12:08:19.878 23779 23784 I .pihole.android: NativeAlloc concurrent copying GC freed 72MB AllocSpace bytes, 1(1712KB) LOS objects, 72% free, 35MB/131MB, paused 109us,134us total 704.626ms
04-17 12:08:19.901 23624 23626 I artd    : Dex parent of /data/app/~~wXm3ImiftjPyblycexCqdg==/com.google.android.tts-l9tDuo1RWx8Jhh2MLgOHNg==/base.apk is not writable: Permission denied
04-17 12:08:19.902 23624 23626 I artd    : GetBestInfo checking odex in dalvik-cache (/data/dalvik-cache/arm64/data@app@~~wXm3ImiftjPyblycexCqdg==@com.google.android.tts-l9tDuo1RWx8Jhh2MLgOHNg==@base.apk@classes.dex)
04-17 12:08:19.902 23624 23626 I artd    : Loading /data/dalvik-cache/arm64/data@app@~~wXm3ImiftjPyblycexCqdg==@com.google.android.tts-l9tDuo1RWx8Jhh2MLgOHNg==@base.apk@classes.dex with executable: 0
04-17 12:08:19.902 23624 23626 I artd    : OatFileAssistant test for existing oat file /data/dalvik-cache/arm64/data@app@~~wXm3ImiftjPyblycexCqdg==@com.google.android.tts-l9tDuo1RWx8Jhh2MLgOHNg==@base.apk@classes.dex: File /data/dalvik-cache/arm64/data@app@~~wXm3ImiftjPyblycexCqdg==@com.google.android.tts-l9tDuo1RWx8Jhh2MLgOHNg==@base.apk@classes.vdex does not exist.
04-17 12:08:19.902 23624 23626 I artd    : GetBestInfo checking odex next to the dex file (/data/app/~~wXm3ImiftjPyblycexCqdg==/com.google.android.tts-l9tDuo1RWx8Jhh2MLgOHNg==/oat/arm64/base.odex)
04-17 12:08:19.902 23624 23626 I artd    : Loading /data/app/~~wXm3ImiftjPyblycexCqdg==/com.google.android.tts-l9tDuo1RWx8Jhh2MLgOHNg==/oat/arm64/base.odex with executable: 0
04-17 12:08:19.908 23624 23626 I artd    : Successfully loaded /data/app/~~wXm3ImiftjPyblycexCqdg==/com.google.android.tts-l9tDuo1RWx8Jhh2MLgOHNg==/oat/arm64/base.odex with executable: 0
04-17 12:08:19.908 23624 23626 I artd    : Failed to verify checksums of oat file /data/app/~~wXm3ImiftjPyblycexCqdg==/com.google.android.tts-l9tDuo1RWx8Jhh2MLgOHNg==/oat/arm64/base.odex error: Image checksum mismatch, expected i;18/8f4bf6b1:i;28/072cb484 to start with i;18/5697d995
04-17 12:08:19.908 23624 23626 I artd    : Oat image checksum does not match image checksum.
04-17 12:08:19.908 23624 23626 I artd    : /data/app/~~wXm3ImiftjPyblycexCqdg==/com.google.android.tts-l9tDuo1RWx8Jhh2MLgOHNg==/oat/arm64/base.odex is kOatBootImageOutOfDate with filter speed-profile
04-17 12:08:19.908 23624 23626 I artd    : GetBestInfo checking vdex in dalvik-cache (/data/dalvik-cache/arm64/data@app@~~wXm3ImiftjPyblycexCqdg==@com.google.android.tts-l9tDuo1RWx8Jhh2MLgOHNg==@base.apk@classes.vdex)
04-17 12:08:19.908 23624 23626 I artd    : unable to open vdex file /data/dalvik-cache/arm64/data@app@~~wXm3ImiftjPyblycexCqdg==@com.google.android.tts-l9tDuo1RWx8Jhh2MLgOHNg==@base.apk@classes.vdex: File /data/dalvik-cache/arm64/data@app@~~wXm3ImiftjPyblycexCqdg==@com.google.android.tts-l9tDuo1RWx8Jhh2MLgOHNg==@base.apk@classes.vdex does not exist.
04-17 12:08:19.908 23624 23626 I artd    : OatFileAssistant test for existing oat file /data/dalvik-cache/arm64/data@app@~~wXm3ImiftjPyblycexCqdg==@com.google.android.tts-l9tDuo1RWx8Jhh2MLgOHNg==@base.apk@classes.vdex: File /data/dalvik-cache/arm64/data@app@~~wXm3ImiftjPyblycexCqdg==@com.google.android.tts-l9tDuo1RWx8Jhh2MLgOHNg==@base.apk@classes.vdex does not exist.
04-17 12:08:19.908 23624 23626 I artd    : GetBestInfo checking vdex next to the dex file (/data/app/~~wXm3ImiftjPyblycexCqdg==/com.google.android.tts-l9tDuo1RWx8Jhh2MLgOHNg==/oat/arm64/base.vdex)
04-17 12:08:19.909 23624 23626 I artd    : Successfully loaded /data/app/~~wXm3ImiftjPyblycexCqdg==/com.google.android.tts-l9tDuo1RWx8Jhh2MLgOHNg==/oat/arm64/base.vdex with executable: 0
04-17 12:08:19.909 23624 23626 I artd    : Image checksum test skipped for vdex file /data/app/~~wXm3ImiftjPyblycexCqdg==/com.google.android.tts-l9tDuo1RWx8Jhh2MLgOHNg==/oat/arm64/base.vdex
04-17 12:08:19.909 23624 23626 I artd    : /data/app/~~wXm3ImiftjPyblycexCqdg==/com.google.android.tts-l9tDuo1RWx8Jhh2MLgOHNg==/oat/arm64/base.vdex is kOatUpToDate with filter verify
04-17 12:08:19.956 23624 23626 I artd    : Dex parent of /data/app/~~wB4msxsQ5hHBQDAjhxhevg==/chat.simplex.app-IkA0__dWBT-UtwqfILO3nA==/base.apk is not writable: Permission denied
04-17 12:08:19.956 23624 23626 I artd    : GetBestInfo checking odex in dalvik-cache (/data/dalvik-cache/arm64/data@app@~~wB4msxsQ5hHBQDAjhxhevg==@chat.simplex.app-IkA0__dWBT-UtwqfILO3nA==@base.apk@classes.dex)
04-17 12:08:19.956 23624 23626 I artd    : Loading /data/dalvik-cache/arm64/data@app@~~wB4msxsQ5hHBQDAjhxhevg==@chat.simplex.app-IkA0__dWBT-UtwqfILO3nA==@base.apk@classes.dex with executable: 0
04-17 12:08:19.956 23624 23626 I artd    : OatFileAssistant test for existing oat file /data/dalvik-cache/arm64/data@app@~~wB4msxsQ5hHBQDAjhxhevg==@chat.simplex.app-IkA0__dWBT-UtwqfILO3nA==@base.apk@classes.dex: File /data/dalvik-cache/arm64/data@app@~~wB4msxsQ5hHBQDAjhxhevg==@chat.simplex.app-IkA0__dWBT-UtwqfILO3nA==@base.apk@classes.vdex does not exist.
04-17 12:08:19.956 23624 23626 I artd    : GetBestInfo checking odex next to the dex file (/data/app/~~wB4msxsQ5hHBQDAjhxhevg==/chat.simplex.app-IkA0__dWBT-UtwqfILO3nA==/oat/arm64/base.odex)
04-17 12:08:19.956 23624 23626 I artd    : Loading /data/app/~~wB4msxsQ5hHBQDAjhxhevg==/chat.simplex.app-IkA0__dWBT-UtwqfILO3nA==/oat/arm64/base.odex with executable: 0
04-17 12:08:19.968 23624 23626 I artd    : Successfully loaded /data/app/~~wB4msxsQ5hHBQDAjhxhevg==/chat.simplex.app-IkA0__dWBT-UtwqfILO3nA==/oat/arm64/base.odex with executable: 0
04-17 12:08:19.973 23624 23626 I artd    : Failed to verify checksums of oat file /data/app/~~wB4msxsQ5hHBQDAjhxhevg==/chat.simplex.app-IkA0__dWBT-UtwqfILO3nA==/oat/arm64/base.odex error: Image checksum mismatch, expected i;18/8f4bf6b1:i;28/072cb484 to start with i;18/5697d995
04-17 12:08:19.973 23624 23626 I artd    : Oat image checksum does not match image checksum.
04-17 12:08:19.973 23624 23626 I artd    : /data/app/~~wB4msxsQ5hHBQDAjhxhevg==/chat.simplex.app-IkA0__dWBT-UtwqfILO3nA==/oat/arm64/base.odex is kOatBootImageOutOfDate with filter verify
04-17 12:08:19.973 23624 23626 I artd    : GetBestInfo checking vdex in dalvik-cache (/data/dalvik-cache/arm64/data@app@~~wB4msxsQ5hHBQDAjhxhevg==@chat.simplex.app-IkA0__dWBT-UtwqfILO3nA==@base.apk@classes.vdex)
04-17 12:08:19.973 23624 23626 I artd    : unable to open vdex file /data/dalvik-cache/arm64/data@app@~~wB4msxsQ5hHBQDAjhxhevg==@chat.simplex.app-IkA0__dWBT-UtwqfILO3nA==@base.apk@classes.vdex: File /data/dalvik-cache/arm64/data@app@~~wB4msxsQ5hHBQDAjhxhevg==@chat.simplex.app-IkA0__dWBT-UtwqfILO3nA==@base.apk@classes.vdex does not exist.
04-17 12:08:19.973 23624 23626 I artd    : OatFileAssistant test for existing oat file /data/dalvik-cache/arm64/data@app@~~wB4msxsQ5hHBQDAjhxhevg==@chat.simplex.app-IkA0__dWBT-UtwqfILO3nA==@base.apk@classes.vdex: File /data/dalvik-cache/arm64/data@app@~~wB4msxsQ5hHBQDAjhxhevg==@chat.simplex.app-IkA0__dWBT-UtwqfILO3nA==@base.apk@classes.vdex does not exist.
04-17 12:08:19.973 23624 23626 I artd    : GetBestInfo checking vdex next to the dex file (/data/app/~~wB4msxsQ5hHBQDAjhxhevg==/chat.simplex.app-IkA0__dWBT-UtwqfILO3nA==/oat/arm64/base.vdex)
04-17 12:08:19.980 23624 23626 I artd    : Successfully loaded /data/app/~~wB4msxsQ5hHBQDAjhxhevg==/chat.simplex.app-IkA0__dWBT-UtwqfILO3nA==/oat/arm64/base.vdex with executable: 0
04-17 12:08:19.980 23624 23626 I artd    : Image checksum test skipped for vdex file /data/app/~~wB4msxsQ5hHBQDAjhxhevg==/chat.simplex.app-IkA0__dWBT-UtwqfILO3nA==/oat/arm64/base.vdex
04-17 12:08:19.980 23624 23626 I artd    : /data/app/~~wB4msxsQ5hHBQDAjhxhevg==/chat.simplex.app-IkA0__dWBT-UtwqfILO3nA==/oat/arm64/base.vdex is kOatUpToDate with filter verify
04-17 12:08:20.018 23624 23626 I artd    : Dex parent of /data/app/~~hmMpJUs0-_mliVwTFVrcXg==/eu.siacs.conversations-Fa0MHaMIe6rVfTyd1axPIw==/base.apk is not writable: Permission denied
04-17 12:08:20.018 23624 23626 I artd    : GetBestInfo checking odex in dalvik-cache (/data/dalvik-cache/arm64/data@app@~~hmMpJUs0-_mliVwTFVrcXg==@eu.siacs.conversations-Fa0MHaMIe6rVfTyd1axPIw==@base.apk@classes.dex)
04-17 12:08:20.018 23624 23626 I artd    : Loading /data/dalvik-cache/arm64/data@app@~~hmMpJUs0-_mliVwTFVrcXg==@eu.siacs.conversations-Fa0MHaMIe6rVfTyd1axPIw==@base.apk@classes.dex with executable: 0
04-17 12:08:20.018 23624 23626 I artd    : OatFileAssistant test for existing oat file /data/dalvik-cache/arm64/data@app@~~hmMpJUs0-_mliVwTFVrcXg==@eu.siacs.conversations-Fa0MHaMIe6rVfTyd1axPIw==@base.apk@classes.dex: File /data/dalvik-cache/arm64/data@app@~~hmMpJUs0-_mliVwTFVrcXg==@eu.siacs.conversations-Fa0MHaMIe6rVfTyd1axPIw==@base.apk@classes.vdex does not exist.
04-17 12:08:20.018 23624 23626 I artd    : GetBestInfo checking odex next to the dex file (/data/app/~~hmMpJUs0-_mliVwTFVrcXg==/eu.siacs.conversations-Fa0MHaMIe6rVfTyd1axPIw==/oat/arm64/base.odex)
04-17 12:08:20.018 23624 23626 I artd    : Loading /data/app/~~hmMpJUs0-_mliVwTFVrcXg==/eu.siacs.conversations-Fa0MHaMIe6rVfTyd1axPIw==/oat/arm64/base.odex with executable: 0
04-17 12:08:20.024 23624 23626 I artd    : Successfully loaded /data/app/~~hmMpJUs0-_mliVwTFVrcXg==/eu.siacs.conversations-Fa0MHaMIe6rVfTyd1axPIw==/oat/arm64/base.odex with executable: 0
04-17 12:08:20.025 23624 23626 I artd    : Failed to verify checksums of oat file /data/app/~~hmMpJUs0-_mliVwTFVrcXg==/eu.siacs.conversations-Fa0MHaMIe6rVfTyd1axPIw==/oat/arm64/base.odex error: Image checksum mismatch, expected i;18/8f4bf6b1:i;28/072cb484 to start with i;18/5697d995
04-17 12:08:20.025 23624 23626 I artd    : Oat image checksum does not match image checksum.
04-17 12:08:20.025 23624 23626 I artd    : /data/app/~~hmMpJUs0-_mliVwTFVrcXg==/eu.siacs.conversations-Fa0MHaMIe6rVfTyd1axPIw==/oat/arm64/base.odex is kOatBootImageOutOfDate with filter speed-profile
04-17 12:08:20.025 23624 23626 I artd    : GetBestInfo checking vdex in dalvik-cache (/data/dalvik-cache/arm64/data@app@~~hmMpJUs0-_mliVwTFVrcXg==@eu.siacs.conversations-Fa0MHaMIe6rVfTyd1axPIw==@base.apk@classes.vdex)
04-17 12:08:20.025 23624 23626 I artd    : unable to open vdex file /data/dalvik-cache/arm64/data@app@~~hmMpJUs0-_mliVwTFVrcXg==@eu.siacs.conversations-Fa0MHaMIe6rVfTyd1axPIw==@base.apk@classes.vdex: File /data/dalvik-cache/arm64/data@app@~~hmMpJUs0-_mliVwTFVrcXg==@eu.siacs.conversations-Fa0MHaMIe6rVfTyd1axPIw==@base.apk@classes.vdex does not exist.
04-17 12:08:20.025 23624 23626 I artd    : OatFileAssistant test for existing oat file /data/dalvik-cache/arm64/data@app@~~hmMpJUs0-_mliVwTFVrcXg==@eu.siacs.conversations-Fa0MHaMIe6rVfTyd1axPIw==@base.apk@classes.vdex: File /data/dalvik-cache/arm64/data@app@~~hmMpJUs0-_mliVwTFVrcXg==@eu.siacs.conversations-Fa0MHaMIe6rVfTyd1axPIw==@base.apk@classes.vdex does not exist.
04-17 12:08:20.025 23624 23626 I artd    : GetBestInfo checking vdex next to the dex file (/data/app/~~hmMpJUs0-_mliVwTFVrcXg==/eu.siacs.conversations-Fa0MHaMIe6rVfTyd1axPIw==/oat/arm64/base.vdex)
04-17 12:08:20.025 23624 23626 I artd    : Successfully loaded /data/app/~~hmMpJUs0-_mliVwTFVrcXg==/eu.siacs.conversations-Fa0MHaMIe6rVfTyd1axPIw==/oat/arm64/base.vdex with executable: 0
04-17 12:08:20.025 23624 23626 I artd    : Image checksum test skipped for vdex file /data/app/~~hmMpJUs0-_mliVwTFVrcXg==/eu.siacs.conversations-Fa0MHaMIe6rVfTyd1axPIw==/oat/arm64/base.vdex
04-17 12:08:20.025 23624 23626 I artd    : /data/app/~~hmMpJUs0-_mliVwTFVrcXg==/eu.siacs.conversations-Fa0MHaMIe6rVfTyd1axPIw==/oat/arm64/base.vdex is kOatUpToDate with filter verify
04-17 12:08:20.063  4780  4780 W Finsky  : [2] STU: Failed to get storage stats for package 'com.android.permission' (1601: Error getting stats: android.content.pm.PackageManager.NameNotFoundException)
04-17 12:08:20.075  3155  3155 W LocaleConfig: Failed to parse XML configuration from m3_button_group_child_size_change
04-17 12:08:20.075  3155  3155 W LocaleConfig: org.xmlpull.v1.XmlPullParserException: Unexpected start tag: found selector, expected locale-config
04-17 12:08:20.075  3155  3155 W LocaleConfig: 	at com.android.internal.util.XmlUtils.beginDocument(XmlUtils.java:1701)
04-17 12:08:20.075  3155  3155 W LocaleConfig: 	at android.app.LocaleConfig.parseLocaleConfig(LocaleConfig.java:204)
04-17 12:08:20.075  3155  3155 W LocaleConfig: 	at android.app.LocaleConfig.<init>(LocaleConfig.java:156)
04-17 12:08:20.075  3155  3155 W LocaleConfig: 	at android.app.LocaleConfig.fromContextIgnoringOverride(LocaleConfig.java:126)
04-17 12:08:20.075  3155  3155 W LocaleConfig: 	at android.app.ContextImpl.setResources(ContextImpl.java:3672)
04-17 12:08:20.075  3155  3155 W LocaleConfig: 	at android.app.ContextImpl.<init>(ContextImpl.java:3599)
04-17 12:08:20.075  3155  3155 W LocaleConfig: 	at android.app.ContextImpl.createApplicationContextAsUser(ContextImpl.java:2777)
04-17 12:08:20.075  3155  3155 W LocaleConfig: 	at android.app.ContextImpl.createApplicationContext(ContextImpl.java:2768)
04-17 12:08:20.075  3155  3155 W LocaleConfig: 	at android.content.ContextWrapper.createApplicationContext(ContextWrapper.java:1139)
04-17 12:08:20.075  3155  3155 W LocaleConfig: 	at android.app.Notification$Builder.recoverBuilder(Notification.java:7334)
04-17 12:08:20.075  3155  3155 W LocaleConfig: 	at android.ext.services.notification.NotificationEntry.<init>(go/retraceme a2165b383c7c7fbaaea02ced6998daf6ddee28de03c5f1acadd6984f59cff960:40)
04-17 12:08:20.075  3155  3155 W LocaleConfig: 	at android.ext.services.notification.Assistant.onNotificationPosted(go/retraceme a2165b383c7c7fbaaea02ced6998daf6ddee28de03c5f1acadd6984f59cff960:75)
04-17 12:08:20.075  3155  3155 W LocaleConfig: 	at android.service.notification.NotificationListenerService$MyHandler.handleMessage(NotificationListenerService.java:2476)
04-17 12:08:20.075  3155  3155 W LocaleConfig: 	at android.os.Handler.dispatchMessage(Handler.java:109)
04-17 12:08:20.075  3155  3155 W LocaleConfig: 	at android.os.Looper.loopOnce(Looper.java:232)
04-17 12:08:20.075  3155  3155 W LocaleConfig: 	at android.os.Looper.loop(Looper.java:317)
04-17 12:08:20.075  3155  3155 W LocaleConfig: 	at android.app.ActivityThread.main(ActivityThread.java:8934)
04-17 12:08:20.075  3155  3155 W LocaleConfig: 	at java.lang.reflect.Method.invoke(Native Method)
04-17 12:08:20.075  3155  3155 W LocaleConfig: 	at com.android.internal.os.RuntimeInit$MethodAndArgsCaller.run(RuntimeInit.java:591)
04-17 12:08:20.075  3155  3155 W LocaleConfig: 	at com.android.internal.os.ZygoteInit.main(ZygoteInit.java:911)
04-17 12:08:20.079  4780  4780 W Finsky  : [2] STU: Failed to get storage stats for package 'com.android.configinfrastructure' (1601: Error getting stats: android.content.pm.PackageManager.NameNotFoundException)
04-17 12:08:20.082  4780  4780 W Finsky  : [2] STU: Failed to get storage stats for package 'com.android.wifi' (1601: Error getting stats: android.content.pm.PackageManager.NameNotFoundException)
04-17 12:08:20.083  2437  2859 E ndroid.systemui: Resource 7f140000 is a complex map type.
04-17 12:08:20.083  2437  2859 W LocaleConfig: The resource file pointed to by the given resource ID isn't found.
04-17 12:08:20.083  2437  2859 E ndroid.systemui: Resource 7f140000 is a complex map type.
04-17 12:08:20.084  2437  2859 W LocaleConfig: The resource file pointed to by the given resource ID isn't found.
04-17 12:08:20.097  2437  2859 W HWUI    : Image decoding logging dropped!
04-17 12:08:20.098  1641  8344 W ActivityManager: Foreground service started from background can not have location/camera/microphone access: service org.torproject.android/.service.OrbotService
04-17 12:08:20.100  4780  4780 W Finsky  : [2] STU: Failed to get storage stats for package 'com.android.adservices' (1601: Error getting stats: android.content.pm.PackageManager.NameNotFoundException)
04-17 12:08:20.102  2437  2859 W HWUI    : Image decoding logging dropped!
04-17 12:08:20.104  4780  4780 W Finsky  : [2] STU: Failed to get storage stats for package 'com.android.ondevicepersonalization' (1601: Error getting stats: android.content.pm.PackageManager.NameNotFoundException)
04-17 12:08:20.106  4780  4780 W Finsky  : [2] STU: Failed to get storage stats for package 'com.android.sdkext' (1601: Error getting stats: android.content.pm.PackageManager.NameNotFoundException)
04-17 12:08:20.106  4780  4780 W Finsky  : [2] STU: Failed to get storage stats for package 'com.android.nfcservices' (1601: Error getting stats: android.content.pm.PackageManager.NameNotFoundException)
04-17 12:08:20.106  4780  4780 W Finsky  : [2] STU: Failed to get storage stats for package 'com.android.conscrypt' (1601: Error getting stats: android.content.pm.PackageManager.NameNotFoundException)
04-17 12:08:20.113 23624 23626 I artd    : Dex parent of /data/app/~~rpzAIUXtJ51Rav4MIwmAhQ==/de.monocles.chat-7XhZaTNy6cj6goXrPGoElg==/base.apk is not writable: Permission denied
04-17 12:08:20.113 23624 23626 I artd    : GetBestInfo checking odex in dalvik-cache (/data/dalvik-cache/arm64/data@app@~~rpzAIUXtJ51Rav4MIwmAhQ==@de.monocles.chat-7XhZaTNy6cj6goXrPGoElg==@base.apk@classes.dex)
04-17 12:08:20.113 23624 23626 I artd    : Loading /data/dalvik-cache/arm64/data@app@~~rpzAIUXtJ51Rav4MIwmAhQ==@de.monocles.chat-7XhZaTNy6cj6goXrPGoElg==@base.apk@classes.dex with executable: 0
04-17 12:08:20.113 23624 23626 I artd    : OatFileAssistant test for existing oat file /data/dalvik-cache/arm64/data@app@~~rpzAIUXtJ51Rav4MIwmAhQ==@de.monocles.chat-7XhZaTNy6cj6goXrPGoElg==@base.apk@classes.dex: File /data/dalvik-cache/arm64/data@app@~~rpzAIUXtJ51Rav4MIwmAhQ==@de.monocles.chat-7XhZaTNy6cj6goXrPGoElg==@base.apk@classes.vdex does not exist.
04-17 12:08:20.113 23624 23626 I artd    : GetBestInfo checking odex next to the dex file (/data/app/~~rpzAIUXtJ51Rav4MIwmAhQ==/de.monocles.chat-7XhZaTNy6cj6goXrPGoElg==/oat/arm64/base.odex)
04-17 12:08:20.113 23624 23626 I artd    : Loading /data/app/~~rpzAIUXtJ51Rav4MIwmAhQ==/de.monocles.chat-7XhZaTNy6cj6goXrPGoElg==/oat/arm64/base.odex with executable: 0
04-17 12:08:20.121 23624 23626 I artd    : Successfully loaded /data/app/~~rpzAIUXtJ51Rav4MIwmAhQ==/de.monocles.chat-7XhZaTNy6cj6goXrPGoElg==/oat/arm64/base.odex with executable: 0
04-17 12:08:20.126 23624 23626 I artd    : /data/app/~~rpzAIUXtJ51Rav4MIwmAhQ==/de.monocles.chat-7XhZaTNy6cj6goXrPGoElg==/oat/arm64/base.odex is kOatUpToDate with filter verify
04-17 12:08:20.157  4780  4780 W Finsky  : [2] STU: Failed to get storage stats for package 'com.android.media.swcodec' (1601: Error getting stats: android.content.pm.PackageManager.NameNotFoundException)
04-17 12:08:20.176 23624 23626 I artd    : Dex parent of /data/app/~~eL9A_jzF-l7qjDp5t7dFKQ==/com.viber.voip-wcnxZmbxK8fw7ld0z6bbjA==/base.apk is not writable: Permission denied
04-17 12:08:20.176 23624 23626 I artd    : GetBestInfo checking odex in dalvik-cache (/data/dalvik-cache/arm64/data@app@~~eL9A_jzF-l7qjDp5t7dFKQ==@com.viber.voip-wcnxZmbxK8fw7ld0z6bbjA==@base.apk@classes.dex)
04-17 12:08:20.176 23624 23626 I artd    : Loading /data/dalvik-cache/arm64/data@app@~~eL9A_jzF-l7qjDp5t7dFKQ==@com.viber.voip-wcnxZmbxK8fw7ld0z6bbjA==@base.apk@classes.dex with executable: 0
04-17 12:08:20.176 23624 23626 I artd    : OatFileAssistant test for existing oat file /data/dalvik-cache/arm64/data@app@~~eL9A_jzF-l7qjDp5t7dFKQ==@com.viber.voip-wcnxZmbxK8fw7ld0z6bbjA==@base.apk@classes.dex: File /data/dalvik-cache/arm64/data@app@~~eL9A_jzF-l7qjDp5t7dFKQ==@com.viber.voip-wcnxZmbxK8fw7ld0z6bbjA==@base.apk@classes.vdex does not exist.
04-17 12:08:20.176 23624 23626 I artd    : GetBestInfo checking odex next to the dex file (/data/app/~~eL9A_jzF-l7qjDp5t7dFKQ==/com.viber.voip-wcnxZmbxK8fw7ld0z6bbjA==/oat/arm64/base.odex)
