04-17 12:08:24.177 23624 23626 I artd    : GetBestInfo checking odex next to the dex file (/data/app/~~98dNnvAYU_JZPmoVh5oCJQ==/com.healthalert.operator-wUNGh_gvJpQ7-EiNvXcUBA==/oat/arm64/base.odex)
04-17 12:08:24.177 23624 23626 I artd    : Loading /data/app/~~98dNnvAYU_JZPmoVh5oCJQ==/com.healthalert.operator-wUNGh_gvJpQ7-EiNvXcUBA==/oat/arm64/base.odex with executable: 0
04-17 12:08:24.187 23624 23626 I artd    : Successfully loaded /data/app/~~98dNnvAYU_JZPmoVh5oCJQ==/com.healthalert.operator-wUNGh_gvJpQ7-EiNvXcUBA==/oat/arm64/base.odex with executable: 0
04-17 12:08:24.192 23624 23626 I artd    : /data/app/~~98dNnvAYU_JZPmoVh5oCJQ==/com.healthalert.operator-wUNGh_gvJpQ7-EiNvXcUBA==/oat/arm64/base.odex is kOatUpToDate with filter verify
04-17 12:08:24.255 23624 23626 I artd    : Dex parent of /data/app/~~t5qEyd4Ph-LSURxy7eT5KA==/pw.faraday.faraday-UwmsBY-7aVqZce6G_yEHLw==/base.apk is not writable: Permission denied
04-17 12:08:24.255 23624 23626 I artd    : GetBestInfo checking odex in dalvik-cache (/data/dalvik-cache/arm64/data@app@~~t5qEyd4Ph-LSURxy7eT5KA==@pw.faraday.faraday-UwmsBY-7aVqZce6G_yEHLw==@base.apk@classes.dex)
04-17 12:08:24.255 23624 23626 I artd    : Loading /data/dalvik-cache/arm64/data@app@~~t5qEyd4Ph-LSURxy7eT5KA==@pw.faraday.faraday-UwmsBY-7aVqZce6G_yEHLw==@base.apk@classes.dex with executable: 0
04-17 12:08:24.255 23624 23626 I artd    : OatFileAssistant test for existing oat file /data/dalvik-cache/arm64/data@app@~~t5qEyd4Ph-LSURxy7eT5KA==@pw.faraday.faraday-UwmsBY-7aVqZce6G_yEHLw==@base.apk@classes.dex: File /data/dalvik-cache/arm64/data@app@~~t5qEyd4Ph-LSURxy7eT5KA==@pw.faraday.faraday-UwmsBY-7aVqZce6G_yEHLw==@base.apk@classes.vdex does not exist.
04-17 12:08:24.255 23624 23626 I artd    : GetBestInfo checking odex next to the dex file (/data/app/~~t5qEyd4Ph-LSURxy7eT5KA==/pw.faraday.faraday-UwmsBY-7aVqZce6G_yEHLw==/oat/arm64/base.odex)
04-17 12:08:24.255 23624 23626 I artd    : Loading /data/app/~~t5qEyd4Ph-LSURxy7eT5KA==/pw.faraday.faraday-UwmsBY-7aVqZce6G_yEHLw==/oat/arm64/base.odex with executable: 0
04-17 12:08:24.251     0     0 W         : IRQ6 no longer affine to CPU5
04-17 12:08:24.264 23624 23626 I artd    : Successfully loaded /data/app/~~t5qEyd4Ph-LSURxy7eT5KA==/pw.faraday.faraday-UwmsBY-7aVqZce6G_yEHLw==/oat/arm64/base.odex with executable: 0
04-17 12:08:24.267 23624 23626 I artd    : Failed to verify checksums of oat file /data/app/~~t5qEyd4Ph-LSURxy7eT5KA==/pw.faraday.faraday-UwmsBY-7aVqZce6G_yEHLw==/oat/arm64/base.odex error: Image checksum mismatch, expected i;18/8f4bf6b1:i;28/072cb484 to start with i;18/5697d995
04-17 12:08:24.267 23624 23626 I artd    : Oat image checksum does not match image checksum.
04-17 12:08:24.267 23624 23626 I artd    : /data/app/~~t5qEyd4Ph-LSURxy7eT5KA==/pw.faraday.faraday-UwmsBY-7aVqZce6G_yEHLw==/oat/arm64/base.odex is kOatBootImageOutOfDate with filter speed-profile
04-17 12:08:24.267 23624 23626 I artd    : GetBestInfo checking vdex in dalvik-cache (/data/dalvik-cache/arm64/data@app@~~t5qEyd4Ph-LSURxy7eT5KA==@pw.faraday.faraday-UwmsBY-7aVqZce6G_yEHLw==@base.apk@classes.vdex)
04-17 12:08:24.267 23624 23626 I artd    : unable to open vdex file /data/dalvik-cache/arm64/data@app@~~t5qEyd4Ph-LSURxy7eT5KA==@pw.faraday.faraday-UwmsBY-7aVqZce6G_yEHLw==@base.apk@classes.vdex: File /data/dalvik-cache/arm64/data@app@~~t5qEyd4Ph-LSURxy7eT5KA==@pw.faraday.faraday-UwmsBY-7aVqZce6G_yEHLw==@base.apk@classes.vdex does not exist.
04-17 12:08:24.268 23624 23626 I artd    : OatFileAssistant test for existing oat file /data/dalvik-cache/arm64/data@app@~~t5qEyd4Ph-LSURxy7eT5KA==@pw.faraday.faraday-UwmsBY-7aVqZce6G_yEHLw==@base.apk@classes.vdex: File /data/dalvik-cache/arm64/data@app@~~t5qEyd4Ph-LSURxy7eT5KA==@pw.faraday.faraday-UwmsBY-7aVqZce6G_yEHLw==@base.apk@classes.vdex does not exist.
04-17 12:08:24.268 23624 23626 I artd    : GetBestInfo checking vdex next to the dex file (/data/app/~~t5qEyd4Ph-LSURxy7eT5KA==/pw.faraday.faraday-UwmsBY-7aVqZce6G_yEHLw==/oat/arm64/base.vdex)
04-17 12:08:24.269 23624 23626 I artd    : Successfully loaded /data/app/~~t5qEyd4Ph-LSURxy7eT5KA==/pw.faraday.faraday-UwmsBY-7aVqZce6G_yEHLw==/oat/arm64/base.vdex with executable: 0
04-17 12:08:24.269 23624 23626 I artd    : Image checksum test skipped for vdex file /data/app/~~t5qEyd4Ph-LSURxy7eT5KA==/pw.faraday.faraday-UwmsBY-7aVqZce6G_yEHLw==/oat/arm64/base.vdex
04-17 12:08:24.269 23624 23626 I artd    : /data/app/~~t5qEyd4Ph-LSURxy7eT5KA==/pw.faraday.faraday-UwmsBY-7aVqZce6G_yEHLw==/oat/arm64/base.vdex is kOatUpToDate with filter verify
04-17 12:08:24.321 23624 23626 I artd    : Dex parent of /data/app/~~mhrqGXWx9yz5DnrqRpDcIQ==/com.google.android.googlequicksearchbox-ExzS6uVJbxq5uCeUx_bwww==/base.apk is not writable: Permission denied
04-17 12:08:24.321 23624 23626 I artd    : GetBestInfo checking odex in dalvik-cache (/data/dalvik-cache/arm64/data@app@~~mhrqGXWx9yz5DnrqRpDcIQ==@com.google.android.googlequicksearchbox-ExzS6uVJbxq5uCeUx_bwww==@base.apk@classes.dex)
04-17 12:08:24.321 23624 23626 I artd    : Loading /data/dalvik-cache/arm64/data@app@~~mhrqGXWx9yz5DnrqRpDcIQ==@com.google.android.googlequicksearchbox-ExzS6uVJbxq5uCeUx_bwww==@base.apk@classes.dex with executable: 0
04-17 12:08:24.321 23624 23626 I artd    : OatFileAssistant test for existing oat file /data/dalvik-cache/arm64/data@app@~~mhrqGXWx9yz5DnrqRpDcIQ==@com.google.android.googlequicksearchbox-ExzS6uVJbxq5uCeUx_bwww==@base.apk@classes.dex: File /data/dalvik-cache/arm64/data@app@~~mhrqGXWx9yz5DnrqRpDcIQ==@com.google.android.googlequicksearchbox-ExzS6uVJbxq5uCeUx_bwww==@base.apk@classes.vdex does not exist.
04-17 12:08:24.322 23624 23626 I artd    : GetBestInfo checking odex next to the dex file (/data/app/~~mhrqGXWx9yz5DnrqRpDcIQ==/com.google.android.googlequicksearchbox-ExzS6uVJbxq5uCeUx_bwww==/oat/arm64/base.odex)
04-17 12:08:24.322 23624 23626 I artd    : Loading /data/app/~~mhrqGXWx9yz5DnrqRpDcIQ==/com.google.android.googlequicksearchbox-ExzS6uVJbxq5uCeUx_bwww==/oat/arm64/base.odex with executable: 0
04-17 12:08:24.337 23624 23626 I artd    : Successfully loaded /data/app/~~mhrqGXWx9yz5DnrqRpDcIQ==/com.google.android.googlequicksearchbox-ExzS6uVJbxq5uCeUx_bwww==/oat/arm64/base.odex with executable: 0
04-17 12:08:24.338 23624 23626 I artd    : Failed to verify checksums of oat file /data/app/~~mhrqGXWx9yz5DnrqRpDcIQ==/com.google.android.googlequicksearchbox-ExzS6uVJbxq5uCeUx_bwww==/oat/arm64/base.odex error: Image checksum mismatch, expected i;18/8f4bf6b1:i;28/072cb484 to start with i;18/5697d995
04-17 12:08:24.338 23624 23626 I artd    : Oat image checksum does not match image checksum.
04-17 12:08:24.338 23624 23626 I artd    : /data/app/~~mhrqGXWx9yz5DnrqRpDcIQ==/com.google.android.googlequicksearchbox-ExzS6uVJbxq5uCeUx_bwww==/oat/arm64/base.odex is kOatBootImageOutOfDate with filter speed-profile
04-17 12:08:24.338 23624 23626 I artd    : GetBestInfo checking vdex in dalvik-cache (/data/dalvik-cache/arm64/data@app@~~mhrqGXWx9yz5DnrqRpDcIQ==@com.google.android.googlequicksearchbox-ExzS6uVJbxq5uCeUx_bwww==@base.apk@classes.vdex)
04-17 12:08:24.338 23624 23626 I artd    : unable to open vdex file /data/dalvik-cache/arm64/data@app@~~mhrqGXWx9yz5DnrqRpDcIQ==@com.google.android.googlequicksearchbox-ExzS6uVJbxq5uCeUx_bwww==@base.apk@classes.vdex: File /data/dalvik-cache/arm64/data@app@~~mhrqGXWx9yz5DnrqRpDcIQ==@com.google.android.googlequicksearchbox-ExzS6uVJbxq5uCeUx_bwww==@base.apk@classes.vdex does not exist.
04-17 12:08:24.338 23624 23626 I artd    : OatFileAssistant test for existing oat file /data/dalvik-cache/arm64/data@app@~~mhrqGXWx9yz5DnrqRpDcIQ==@com.google.android.googlequicksearchbox-ExzS6uVJbxq5uCeUx_bwww==@base.apk@classes.vdex: File /data/dalvik-cache/arm64/data@app@~~mhrqGXWx9yz5DnrqRpDcIQ==@com.google.android.googlequicksearchbox-ExzS6uVJbxq5uCeUx_bwww==@base.apk@classes.vdex does not exist.
04-17 12:08:24.338 23624 23626 I artd    : GetBestInfo checking vdex next to the dex file (/data/app/~~mhrqGXWx9yz5DnrqRpDcIQ==/com.google.android.googlequicksearchbox-ExzS6uVJbxq5uCeUx_bwww==/oat/arm64/base.vdex)
04-17 12:08:24.342 23624 23626 I artd    : Successfully loaded /data/app/~~mhrqGXWx9yz5DnrqRpDcIQ==/com.google.android.googlequicksearchbox-ExzS6uVJbxq5uCeUx_bwww==/oat/arm64/base.vdex with executable: 0
04-17 12:08:24.342 23624 23626 I artd    : Image checksum test skipped for vdex file /data/app/~~mhrqGXWx9yz5DnrqRpDcIQ==/com.google.android.googlequicksearchbox-ExzS6uVJbxq5uCeUx_bwww==/oat/arm64/base.vdex
04-17 12:08:24.342 23624 23626 I artd    : /data/app/~~mhrqGXWx9yz5DnrqRpDcIQ==/com.google.android.googlequicksearchbox-ExzS6uVJbxq5uCeUx_bwww==/oat/arm64/base.vdex is kOatUpToDate with filter verify
04-17 12:08:24.345 23624 23626 I artd    : Dex parent of /data/app/~~mhrqGXWx9yz5DnrqRpDcIQ==/com.google.android.googlequicksearchbox-ExzS6uVJbxq5uCeUx_bwww==/base.apk is not writable: Permission denied
04-17 12:08:24.345 23624 23626 I artd    : GetBestInfo checking odex in dalvik-cache (/data/dalvik-cache/arm/data@app@~~mhrqGXWx9yz5DnrqRpDcIQ==@com.google.android.googlequicksearchbox-ExzS6uVJbxq5uCeUx_bwww==@base.apk@classes.dex)
04-17 12:08:24.345 23624 23626 I artd    : Loading /data/dalvik-cache/arm/data@app@~~mhrqGXWx9yz5DnrqRpDcIQ==@com.google.android.googlequicksearchbox-ExzS6uVJbxq5uCeUx_bwww==@base.apk@classes.dex with executable: 0
04-17 12:08:24.345 23624 23626 I artd    : OatFileAssistant test for existing oat file /data/dalvik-cache/arm/data@app@~~mhrqGXWx9yz5DnrqRpDcIQ==@com.google.android.googlequicksearchbox-ExzS6uVJbxq5uCeUx_bwww==@base.apk@classes.dex: File /data/dalvik-cache/arm/data@app@~~mhrqGXWx9yz5DnrqRpDcIQ==@com.google.android.googlequicksearchbox-ExzS6uVJbxq5uCeUx_bwww==@base.apk@classes.vdex does not exist.
04-17 12:08:24.345 23624 23626 I artd    : GetBestInfo checking odex next to the dex file (/data/app/~~mhrqGXWx9yz5DnrqRpDcIQ==/com.google.android.googlequicksearchbox-ExzS6uVJbxq5uCeUx_bwww==/oat/arm/base.odex)
04-17 12:08:24.345 23624 23626 I artd    : Loading /data/app/~~mhrqGXWx9yz5DnrqRpDcIQ==/com.google.android.googlequicksearchbox-ExzS6uVJbxq5uCeUx_bwww==/oat/arm/base.odex with executable: 0
04-17 12:08:24.357  2437  2859 W HWUI    : Image decoding logging dropped!
04-17 12:08:24.359 23624 23626 I artd    : Successfully loaded /data/app/~~mhrqGXWx9yz5DnrqRpDcIQ==/com.google.android.googlequicksearchbox-ExzS6uVJbxq5uCeUx_bwww==/oat/arm/base.odex with executable: 0
04-17 12:08:24.359 23624 23626 I artd    : Failed to verify checksums of oat file /data/app/~~mhrqGXWx9yz5DnrqRpDcIQ==/com.google.android.googlequicksearchbox-ExzS6uVJbxq5uCeUx_bwww==/oat/arm/base.odex error: Image checksum mismatch, expected i;18/aa9a8f01:i;28/e44cb165 to start with i;18/cd8fe729
04-17 12:08:24.359 23624 23626 I artd    : Oat image checksum does not match image checksum.
04-17 12:08:24.359 23624 23626 I artd    : /data/app/~~mhrqGXWx9yz5DnrqRpDcIQ==/com.google.android.googlequicksearchbox-ExzS6uVJbxq5uCeUx_bwww==/oat/arm/base.odex is kOatBootImageOutOfDate with filter speed-profile
04-17 12:08:24.359 23624 23626 I artd    : GetBestInfo checking vdex in dalvik-cache (/data/dalvik-cache/arm/data@app@~~mhrqGXWx9yz5DnrqRpDcIQ==@com.google.android.googlequicksearchbox-ExzS6uVJbxq5uCeUx_bwww==@base.apk@classes.vdex)
04-17 12:08:24.359 23624 23626 I artd    : unable to open vdex file /data/dalvik-cache/arm/data@app@~~mhrqGXWx9yz5DnrqRpDcIQ==@com.google.android.googlequicksearchbox-ExzS6uVJbxq5uCeUx_bwww==@base.apk@classes.vdex: File /data/dalvik-cache/arm/data@app@~~mhrqGXWx9yz5DnrqRpDcIQ==@com.google.android.googlequicksearchbox-ExzS6uVJbxq5uCeUx_bwww==@base.apk@classes.vdex does not exist.
04-17 12:08:24.359 23624 23626 I artd    : OatFileAssistant test for existing oat file /data/dalvik-cache/arm/data@app@~~mhrqGXWx9yz5DnrqRpDcIQ==@com.google.android.googlequicksearchbox-ExzS6uVJbxq5uCeUx_bwww==@base.apk@classes.vdex: File /data/dalvik-cache/arm/data@app@~~mhrqGXWx9yz5DnrqRpDcIQ==@com.google.android.googlequicksearchbox-ExzS6uVJbxq5uCeUx_bwww==@base.apk@classes.vdex does not exist.
04-17 12:08:24.360 23624 23626 I artd    : GetBestInfo checking vdex next to the dex file (/data/app/~~mhrqGXWx9yz5DnrqRpDcIQ==/com.google.android.googlequicksearchbox-ExzS6uVJbxq5uCeUx_bwww==/oat/arm/base.vdex)
04-17 12:08:24.361  2437  2859 W HWUI    : Image decoding logging dropped!
04-17 12:08:24.381 23624 23626 I artd    : Successfully loaded /data/app/~~mhrqGXWx9yz5DnrqRpDcIQ==/com.google.android.googlequicksearchbox-ExzS6uVJbxq5uCeUx_bwww==/oat/arm/base.vdex with executable: 0
04-17 12:08:24.381 23624 23626 I artd    : Image checksum test skipped for vdex file /data/app/~~mhrqGXWx9yz5DnrqRpDcIQ==/com.google.android.googlequicksearchbox-ExzS6uVJbxq5uCeUx_bwww==/oat/arm/base.vdex
04-17 12:08:24.381 23624 23626 I artd    : /data/app/~~mhrqGXWx9yz5DnrqRpDcIQ==/com.google.android.googlequicksearchbox-ExzS6uVJbxq5uCeUx_bwww==/oat/arm/base.vdex is kOatUpToDate with filter verify
04-17 12:08:24.402 23779 23784 I .pihole.android: NativeAlloc concurrent copying GC freed 94MB AllocSpace bytes, 16(7608KB) LOS objects, 65% free, 50MB/146MB, paused 74us,135us total 932.628ms
04-17 12:08:24.446 23624 23626 I artd    : Dex parent of /data/app/~~1fzouiiNljycaxd95ho8Dw==/io.nekohasekai.sfa-a4-7i1hjTLw9d5RQrmayrg==/base.apk is not writable: Permission denied
04-17 12:08:24.447 23624 23626 I artd    : GetBestInfo checking odex in dalvik-cache (/data/dalvik-cache/arm64/data@app@~~1fzouiiNljycaxd95ho8Dw==@io.nekohasekai.sfa-a4-7i1hjTLw9d5RQrmayrg==@base.apk@classes.dex)
04-17 12:08:24.447 23624 23626 I artd    : Loading /data/dalvik-cache/arm64/data@app@~~1fzouiiNljycaxd95ho8Dw==@io.nekohasekai.sfa-a4-7i1hjTLw9d5RQrmayrg==@base.apk@classes.dex with executable: 0
04-17 12:08:24.447 23624 23626 I artd    : OatFileAssistant test for existing oat file /data/dalvik-cache/arm64/data@app@~~1fzouiiNljycaxd95ho8Dw==@io.nekohasekai.sfa-a4-7i1hjTLw9d5RQrmayrg==@base.apk@classes.dex: File /data/dalvik-cache/arm64/data@app@~~1fzouiiNljycaxd95ho8Dw==@io.nekohasekai.sfa-a4-7i1hjTLw9d5RQrmayrg==@base.apk@classes.vdex does not exist.
04-17 12:08:24.447 23624 23626 I artd    : GetBestInfo checking odex next to the dex file (/data/app/~~1fzouiiNljycaxd95ho8Dw==/io.nekohasekai.sfa-a4-7i1hjTLw9d5RQrmayrg==/oat/arm64/base.odex)
04-17 12:08:24.447 23624 23626 I artd    : Loading /data/app/~~1fzouiiNljycaxd95ho8Dw==/io.nekohasekai.sfa-a4-7i1hjTLw9d5RQrmayrg==/oat/arm64/base.odex with executable: 0
04-17 12:08:24.452 23624 23626 I artd    : Successfully loaded /data/app/~~1fzouiiNljycaxd95ho8Dw==/io.nekohasekai.sfa-a4-7i1hjTLw9d5RQrmayrg==/oat/arm64/base.odex with executable: 0
04-17 12:08:24.453 23624 23626 I artd    : Failed to verify checksums of oat file /data/app/~~1fzouiiNljycaxd95ho8Dw==/io.nekohasekai.sfa-a4-7i1hjTLw9d5RQrmayrg==/oat/arm64/base.odex error: Image checksum mismatch, expected i;18/8f4bf6b1:i;28/072cb484 to start with i;18/5697d995
04-17 12:08:24.453 23624 23626 I artd    : Oat image checksum does not match image checksum.
04-17 12:08:24.453 23624 23626 I artd    : /data/app/~~1fzouiiNljycaxd95ho8Dw==/io.nekohasekai.sfa-a4-7i1hjTLw9d5RQrmayrg==/oat/arm64/base.odex is kOatBootImageOutOfDate with filter verify
04-17 12:08:24.453 23624 23626 I artd    : GetBestInfo checking vdex in dalvik-cache (/data/dalvik-cache/arm64/data@app@~~1fzouiiNljycaxd95ho8Dw==@io.nekohasekai.sfa-a4-7i1hjTLw9d5RQrmayrg==@base.apk@classes.vdex)
04-17 12:08:24.453 23624 23626 I artd    : unable to open vdex file /data/dalvik-cache/arm64/data@app@~~1fzouiiNljycaxd95ho8Dw==@io.nekohasekai.sfa-a4-7i1hjTLw9d5RQrmayrg==@base.apk@classes.vdex: File /data/dalvik-cache/arm64/data@app@~~1fzouiiNljycaxd95ho8Dw==@io.nekohasekai.sfa-a4-7i1hjTLw9d5RQrmayrg==@base.apk@classes.vdex does not exist.
04-17 12:08:24.453 23624 23626 I artd    : OatFileAssistant test for existing oat file /data/dalvik-cache/arm64/data@app@~~1fzouiiNljycaxd95ho8Dw==@io.nekohasekai.sfa-a4-7i1hjTLw9d5RQrmayrg==@base.apk@classes.vdex: File /data/dalvik-cache/arm64/data@app@~~1fzouiiNljycaxd95ho8Dw==@io.nekohasekai.sfa-a4-7i1hjTLw9d5RQrmayrg==@base.apk@classes.vdex does not exist.
04-17 12:08:24.453 23624 23626 I artd    : GetBestInfo checking vdex next to the dex file (/data/app/~~1fzouiiNljycaxd95ho8Dw==/io.nekohasekai.sfa-a4-7i1hjTLw9d5RQrmayrg==/oat/arm64/base.vdex)
04-17 12:08:24.453 23624 23626 I artd    : Successfully loaded /data/app/~~1fzouiiNljycaxd95ho8Dw==/io.nekohasekai.sfa-a4-7i1hjTLw9d5RQrmayrg==/oat/arm64/base.vdex with executable: 0
04-17 12:08:24.453 23624 23626 I artd    : Image checksum test skipped for vdex file /data/app/~~1fzouiiNljycaxd95ho8Dw==/io.nekohasekai.sfa-a4-7i1hjTLw9d5RQrmayrg==/oat/arm64/base.vdex
04-17 12:08:24.453 23624 23626 I artd    : /data/app/~~1fzouiiNljycaxd95ho8Dw==/io.nekohasekai.sfa-a4-7i1hjTLw9d5RQrmayrg==/oat/arm64/base.vdex is kOatUpToDate with filter verify
04-17 12:08:24.472     0     0 W         : IRQ6 no longer affine to CPU4
04-17 12:08:24.487 23624 23626 I artd    : Dex parent of /data/app/~~trULp43NklBCJe5vBfFtpg==/org.mozilla.firefox-v14ASJFqqyLpF2vRSNqVKw==/base.apk is not writable: Permission denied
04-17 12:08:24.487 23624 23626 I artd    : GetBestInfo checking odex in dalvik-cache (/data/dalvik-cache/arm64/data@app@~~trULp43NklBCJe5vBfFtpg==@org.mozilla.firefox-v14ASJFqqyLpF2vRSNqVKw==@base.apk@classes.dex)
04-17 12:08:24.487 23624 23626 I artd    : Loading /data/dalvik-cache/arm64/data@app@~~trULp43NklBCJe5vBfFtpg==@org.mozilla.firefox-v14ASJFqqyLpF2vRSNqVKw==@base.apk@classes.dex with executable: 0
04-17 12:08:24.487 23624 23626 I artd    : OatFileAssistant test for existing oat file /data/dalvik-cache/arm64/data@app@~~trULp43NklBCJe5vBfFtpg==@org.mozilla.firefox-v14ASJFqqyLpF2vRSNqVKw==@base.apk@classes.dex: File /data/dalvik-cache/arm64/data@app@~~trULp43NklBCJe5vBfFtpg==@org.mozilla.firefox-v14ASJFqqyLpF2vRSNqVKw==@base.apk@classes.vdex does not exist.
04-17 12:08:24.487 23624 23626 I artd    : GetBestInfo checking odex next to the dex file (/data/app/~~trULp43NklBCJe5vBfFtpg==/org.mozilla.firefox-v14ASJFqqyLpF2vRSNqVKw==/oat/arm64/base.odex)
04-17 12:08:24.487 23624 23626 I artd    : Loading /data/app/~~trULp43NklBCJe5vBfFtpg==/org.mozilla.firefox-v14ASJFqqyLpF2vRSNqVKw==/oat/arm64/base.odex with executable: 0
04-17 12:08:24.495 23624 23626 I artd    : Successfully loaded /data/app/~~trULp43NklBCJe5vBfFtpg==/org.mozilla.firefox-v14ASJFqqyLpF2vRSNqVKw==/oat/arm64/base.odex with executable: 0
04-17 12:08:24.495 23624 23626 I artd    : Failed to verify checksums of oat file /data/app/~~trULp43NklBCJe5vBfFtpg==/org.mozilla.firefox-v14ASJFqqyLpF2vRSNqVKw==/oat/arm64/base.odex error: Image checksum mismatch, expected i;18/8f4bf6b1:i;28/072cb484 to start with i;18/5697d995
04-17 12:08:24.495 23624 23626 I artd    : Oat image checksum does not match image checksum.
04-17 12:08:24.495 23624 23626 I artd    : /data/app/~~trULp43NklBCJe5vBfFtpg==/org.mozilla.firefox-v14ASJFqqyLpF2vRSNqVKw==/oat/arm64/base.odex is kOatBootImageOutOfDate with filter speed-profile
04-17 12:08:24.495 23624 23626 I artd    : GetBestInfo checking vdex in dalvik-cache (/data/dalvik-cache/arm64/data@app@~~trULp43NklBCJe5vBfFtpg==@org.mozilla.firefox-v14ASJFqqyLpF2vRSNqVKw==@base.apk@classes.vdex)
04-17 12:08:24.495 23624 23626 I artd    : unable to open vdex file /data/dalvik-cache/arm64/data@app@~~trULp43NklBCJe5vBfFtpg==@org.mozilla.firefox-v14ASJFqqyLpF2vRSNqVKw==@base.apk@classes.vdex: File /data/dalvik-cache/arm64/data@app@~~trULp43NklBCJe5vBfFtpg==@org.mozilla.firefox-v14ASJFqqyLpF2vRSNqVKw==@base.apk@classes.vdex does not exist.
04-17 12:08:24.495 23624 23626 I artd    : OatFileAssistant test for existing oat file /data/dalvik-cache/arm64/data@app@~~trULp43NklBCJe5vBfFtpg==@org.mozilla.firefox-v14ASJFqqyLpF2vRSNqVKw==@base.apk@classes.vdex: File /data/dalvik-cache/arm64/data@app@~~trULp43NklBCJe5vBfFtpg==@org.mozilla.firefox-v14ASJFqqyLpF2vRSNqVKw==@base.apk@classes.vdex does not exist.
04-17 12:08:24.495 23624 23626 I artd    : GetBestInfo checking vdex next to the dex file (/data/app/~~trULp43NklBCJe5vBfFtpg==/org.mozilla.firefox-v14ASJFqqyLpF2vRSNqVKw==/oat/arm64/base.vdex)
04-17 12:08:24.497 23624 23626 I artd    : Successfully loaded /data/app/~~trULp43NklBCJe5vBfFtpg==/org.mozilla.firefox-v14ASJFqqyLpF2vRSNqVKw==/oat/arm64/base.vdex with executable: 0
04-17 12:08:24.497 23624 23626 I artd    : Image checksum test skipped for vdex file /data/app/~~trULp43NklBCJe5vBfFtpg==/org.mozilla.firefox-v14ASJFqqyLpF2vRSNqVKw==/oat/arm64/base.vdex
04-17 12:08:24.497 23624 23626 I artd    : /data/app/~~trULp43NklBCJe5vBfFtpg==/org.mozilla.firefox-v14ASJFqqyLpF2vRSNqVKw==/oat/arm64/base.vdex is kOatUpToDate with filter verify
04-17 12:08:24.543 23624 23626 I artd    : Dex parent of /data/app/~~IQWSfsqy4zge8jPh-7FY4g==/com.sipnetic.app-3x_dQDiEwxy-1MgjbgMLow==/base.apk is not writable: Permission denied
04-17 12:08:24.543 23624 23626 I artd    : GetBestInfo checking odex in dalvik-cache (/data/dalvik-cache/arm64/data@app@~~IQWSfsqy4zge8jPh-7FY4g==@com.sipnetic.app-3x_dQDiEwxy-1MgjbgMLow==@base.apk@classes.dex)
04-17 12:08:24.543 23624 23626 I artd    : Loading /data/dalvik-cache/arm64/data@app@~~IQWSfsqy4zge8jPh-7FY4g==@com.sipnetic.app-3x_dQDiEwxy-1MgjbgMLow==@base.apk@classes.dex with executable: 0
04-17 12:08:24.543 23624 23626 I artd    : OatFileAssistant test for existing oat file /data/dalvik-cache/arm64/data@app@~~IQWSfsqy4zge8jPh-7FY4g==@com.sipnetic.app-3x_dQDiEwxy-1MgjbgMLow==@base.apk@classes.dex: File /data/dalvik-cache/arm64/data@app@~~IQWSfsqy4zge8jPh-7FY4g==@com.sipnetic.app-3x_dQDiEwxy-1MgjbgMLow==@base.apk@classes.vdex does not exist.
04-17 12:08:24.543 23624 23626 I artd    : GetBestInfo checking odex next to the dex file (/data/app/~~IQWSfsqy4zge8jPh-7FY4g==/com.sipnetic.app-3x_dQDiEwxy-1MgjbgMLow==/oat/arm64/base.odex)
04-17 12:08:24.543 23624 23626 I artd    : Loading /data/app/~~IQWSfsqy4zge8jPh-7FY4g==/com.sipnetic.app-3x_dQDiEwxy-1MgjbgMLow==/oat/arm64/base.odex with executable: 0
04-17 12:08:24.547 23624 23626 I artd    : Successfully loaded /data/app/~~IQWSfsqy4zge8jPh-7FY4g==/com.sipnetic.app-3x_dQDiEwxy-1MgjbgMLow==/oat/arm64/base.odex with executable: 0
04-17 12:08:24.554 23624 23626 I artd    : /data/app/~~IQWSfsqy4zge8jPh-7FY4g==/com.sipnetic.app-3x_dQDiEwxy-1MgjbgMLow==/oat/arm64/base.odex is kOatUpToDate with filter verify
04-17 12:08:24.578  4780  4780 W Finsky  : [2] STU: Failed to get storage stats for package 'com.android.neuralnetworks' (1601: Error getting stats: android.content.pm.PackageManager.NameNotFoundException)
04-17 12:08:24.583 23624 23626 I artd    : Dex parent of /data/app/~~mKcQn8IpMrf3eA1PNksZKg==/org.fdroid.fdroid-5r2MpDoGmqOhYkApkWqHGQ==/base.apk is not writable: Permission denied
04-17 12:08:24.583 23624 23626 I artd    : GetBestInfo checking odex in dalvik-cache (/data/dalvik-cache/arm64/data@app@~~mKcQn8IpMrf3eA1PNksZKg==@org.fdroid.fdroid-5r2MpDoGmqOhYkApkWqHGQ==@base.apk@classes.dex)
04-17 12:08:24.583 23624 23626 I artd    : Loading /data/dalvik-cache/arm64/data@app@~~mKcQn8IpMrf3eA1PNksZKg==@org.fdroid.fdroid-5r2MpDoGmqOhYkApkWqHGQ==@base.apk@classes.dex with executable: 0
04-17 12:08:24.583 23624 23626 I artd    : OatFileAssistant test for existing oat file /data/dalvik-cache/arm64/data@app@~~mKcQn8IpMrf3eA1PNksZKg==@org.fdroid.fdroid-5r2MpDoGmqOhYkApkWqHGQ==@base.apk@classes.dex: File /data/dalvik-cache/arm64/data@app@~~mKcQn8IpMrf3eA1PNksZKg==@org.fdroid.fdroid-5r2MpDoGmqOhYkApkWqHGQ==@base.apk@classes.vdex does not exist.
04-17 12:08:24.583 23624 23626 I artd    : GetBestInfo checking odex next to the dex file (/data/app/~~mKcQn8IpMrf3eA1PNksZKg==/org.fdroid.fdroid-5r2MpDoGmqOhYkApkWqHGQ==/oat/arm64/base.odex)
04-17 12:08:24.583 23624 23626 I artd    : Loading /data/app/~~mKcQn8IpMrf3eA1PNksZKg==/org.fdroid.fdroid-5r2MpDoGmqOhYkApkWqHGQ==/oat/arm64/base.odex with executable: 0
04-17 12:08:24.588 23624 23626 I artd    : Successfully loaded /data/app/~~mKcQn8IpMrf3eA1PNksZKg==/org.fdroid.fdroid-5r2MpDoGmqOhYkApkWqHGQ==/oat/arm64/base.odex with executable: 0
04-17 12:08:24.589 23624 23626 I artd    : Failed to verify checksums of oat file /data/app/~~mKcQn8IpMrf3eA1PNksZKg==/org.fdroid.fdroid-5r2MpDoGmqOhYkApkWqHGQ==/oat/arm64/base.odex error: Image checksum mismatch, expected i;18/8f4bf6b1:i;28/072cb484 to start with i;18/5697d995
04-17 12:08:24.589 23624 23626 I artd    : Oat image checksum does not match image checksum.
04-17 12:08:24.589 23624 23626 I artd    : /data/app/~~mKcQn8IpMrf3eA1PNksZKg==/org.fdroid.fdroid-5r2MpDoGmqOhYkApkWqHGQ==/oat/arm64/base.odex is kOatBootImageOutOfDate with filter speed-profile
04-17 12:08:24.589 23624 23626 I artd    : GetBestInfo checking vdex in dalvik-cache (/data/dalvik-cache/arm64/data@app@~~mKcQn8IpMrf3eA1PNksZKg==@org.fdroid.fdroid-5r2MpDoGmqOhYkApkWqHGQ==@base.apk@classes.vdex)
04-17 12:08:24.589 23624 23626 I artd    : unable to open vdex file /data/dalvik-cache/arm64/data@app@~~mKcQn8IpMrf3eA1PNksZKg==@org.fdroid.fdroid-5r2MpDoGmqOhYkApkWqHGQ==@base.apk@classes.vdex: File /data/dalvik-cache/arm64/data@app@~~mKcQn8IpMrf3eA1PNksZKg==@org.fdroid.fdroid-5r2MpDoGmqOhYkApkWqHGQ==@base.apk@classes.vdex does not exist.
04-17 12:08:24.589 23624 23626 I artd    : OatFileAssistant test for existing oat file /data/dalvik-cache/arm64/data@app@~~mKcQn8IpMrf3eA1PNksZKg==@org.fdroid.fdroid-5r2MpDoGmqOhYkApkWqHGQ==@base.apk@classes.vdex: File /data/dalvik-cache/arm64/data@app@~~mKcQn8IpMrf3eA1PNksZKg==@org.fdroid.fdroid-5r2MpDoGmqOhYkApkWqHGQ==@base.apk@classes.vdex does not exist.
04-17 12:08:24.589 23624 23626 I artd    : GetBestInfo checking vdex next to the dex file (/data/app/~~mKcQn8IpMrf3eA1PNksZKg==/org.fdroid.fdroid-5r2MpDoGmqOhYkApkWqHGQ==/oat/arm64/base.vdex)
04-17 12:08:24.589 23624 23626 I artd    : Successfully loaded /data/app/~~mKcQn8IpMrf3eA1PNksZKg==/org.fdroid.fdroid-5r2MpDoGmqOhYkApkWqHGQ==/oat/arm64/base.vdex with executable: 0
04-17 12:08:24.589 23624 23626 I artd    : Image checksum test skipped for vdex file /data/app/~~mKcQn8IpMrf3eA1PNksZKg==/org.fdroid.fdroid-5r2MpDoGmqOhYkApkWqHGQ==/oat/arm64/base.vdex
04-17 12:08:24.590 23624 23626 I artd    : /data/app/~~mKcQn8IpMrf3eA1PNksZKg==/org.fdroid.fdroid-5r2MpDoGmqOhYkApkWqHGQ==/oat/arm64/base.vdex is kOatUpToDate with filter verify
04-17 12:08:24.633 23624 23626 I artd    : Dex parent of /data/app/~~1Cdxyn_MXTfyj8n2hE4Euw==/org.telegram.messenger-h5L5umcZAR0kdXIbOKsncg==/base.apk is not writable: Permission denied
04-17 12:08:24.633 23624 23626 I artd    : GetBestInfo checking odex in dalvik-cache (/data/dalvik-cache/arm64/data@app@~~1Cdxyn_MXTfyj8n2hE4Euw==@org.telegram.messenger-h5L5umcZAR0kdXIbOKsncg==@base.apk@classes.dex)
04-17 12:08:24.633 23624 23626 I artd    : Loading /data/dalvik-cache/arm64/data@app@~~1Cdxyn_MXTfyj8n2hE4Euw==@org.telegram.messenger-h5L5umcZAR0kdXIbOKsncg==@base.apk@classes.dex with executable: 0
04-17 12:08:24.633 23624 23626 I artd    : OatFileAssistant test for existing oat file /data/dalvik-cache/arm64/data@app@~~1Cdxyn_MXTfyj8n2hE4Euw==@org.telegram.messenger-h5L5umcZAR0kdXIbOKsncg==@base.apk@classes.dex: File /data/dalvik-cache/arm64/data@app@~~1Cdxyn_MXTfyj8n2hE4Euw==@org.telegram.messenger-h5L5umcZAR0kdXIbOKsncg==@base.apk@classes.vdex does not exist.
04-17 12:08:24.633 23624 23626 I artd    : GetBestInfo checking odex next to the dex file (/data/app/~~1Cdxyn_MXTfyj8n2hE4Euw==/org.telegram.messenger-h5L5umcZAR0kdXIbOKsncg==/oat/arm64/base.odex)
04-17 12:08:24.634 23624 23626 I artd    : Loading /data/app/~~1Cdxyn_MXTfyj8n2hE4Euw==/org.telegram.messenger-h5L5umcZAR0kdXIbOKsncg==/oat/arm64/base.odex with executable: 0
04-17 12:08:24.642 23624 23626 I artd    : Successfully loaded /data/app/~~1Cdxyn_MXTfyj8n2hE4Euw==/org.telegram.messenger-h5L5umcZAR0kdXIbOKsncg==/oat/arm64/base.odex with executable: 0
04-17 12:08:24.642 23624 23626 I artd    : Failed to verify checksums of oat file /data/app/~~1Cdxyn_MXTfyj8n2hE4Euw==/org.telegram.messenger-h5L5umcZAR0kdXIbOKsncg==/oat/arm64/base.odex error: Image checksum mismatch, expected i;18/8f4bf6b1:i;28/072cb484 to start with i;18/5697d995
04-17 12:08:24.642 23624 23626 I artd    : Oat image checksum does not match image checksum.
04-17 12:08:24.642 23624 23626 I artd    : /data/app/~~1Cdxyn_MXTfyj8n2hE4Euw==/org.telegram.messenger-h5L5umcZAR0kdXIbOKsncg==/oat/arm64/base.odex is kOatBootImageOutOfDate with filter speed-profile
04-17 12:08:24.642 23624 23626 I artd    : GetBestInfo checking vdex in dalvik-cache (/data/dalvik-cache/arm64/data@app@~~1Cdxyn_MXTfyj8n2hE4Euw==@org.telegram.messenger-h5L5umcZAR0kdXIbOKsncg==@base.apk@classes.vdex)
04-17 12:08:24.642 23624 23626 I artd    : unable to open vdex file /data/dalvik-cache/arm64/data@app@~~1Cdxyn_MXTfyj8n2hE4Euw==@org.telegram.messenger-h5L5umcZAR0kdXIbOKsncg==@base.apk@classes.vdex: File /data/dalvik-cache/arm64/data@app@~~1Cdxyn_MXTfyj8n2hE4Euw==@org.telegram.messenger-h5L5umcZAR0kdXIbOKsncg==@base.apk@classes.vdex does not exist.
04-17 12:08:24.642 23624 23626 I artd    : OatFileAssistant test for existing oat file /data/dalvik-cache/arm64/data@app@~~1Cdxyn_MXTfyj8n2hE4Euw==@org.telegram.messenger-h5L5umcZAR0kdXIbOKsncg==@base.apk@classes.vdex: File /data/dalvik-cache/arm64/data@app@~~1Cdxyn_MXTfyj8n2hE4Euw==@org.telegram.messenger-h5L5umcZAR0kdXIbOKsncg==@base.apk@classes.vdex does not exist.
04-17 12:08:24.642 23624 23626 I artd    : GetBestInfo checking vdex next to the dex file (/data/app/~~1Cdxyn_MXTfyj8n2hE4Euw==/org.telegram.messenger-h5L5umcZAR0kdXIbOKsncg==/oat/arm64/base.vdex)
04-17 12:08:24.645 23624 23626 I artd    : Successfully loaded /data/app/~~1Cdxyn_MXTfyj8n2hE4Euw==/org.telegram.messenger-h5L5umcZAR0kdXIbOKsncg==/oat/arm64/base.vdex with executable: 0
04-17 12:08:24.645 23624 23626 I artd    : Image checksum test skipped for vdex file /data/app/~~1Cdxyn_MXTfyj8n2hE4Euw==/org.telegram.messenger-h5L5umcZAR0kdXIbOKsncg==/oat/arm64/base.vdex
04-17 12:08:24.645 23624 23626 I artd    : /data/app/~~1Cdxyn_MXTfyj8n2hE4Euw==/org.telegram.messenger-h5L5umcZAR0kdXIbOKsncg==/oat/arm64/base.vdex is kOatUpToDate with filter verify
04-17 12:08:24.678  4780  4780 W Finsky  : [2] STU: Failed to get storage stats for package 'com.android.healthfitness' (1601: Error getting stats: android.content.pm.PackageManager.NameNotFoundException)
04-17 12:08:24.687 23624 23626 I artd    : Dex parent of /data/app/~~X3aKUqZ73ZhAZTnWsqfh_Q==/com.zoffcc.applications.trifa-lJsjivTD5hL2jktSQyCPIQ==/base.apk is not writable: Permission denied
04-17 12:08:24.687 23624 23626 I artd    : GetBestInfo checking odex in dalvik-cache (/data/dalvik-cache/arm64/data@app@~~X3aKUqZ73ZhAZTnWsqfh_Q==@com.zoffcc.applications.trifa-lJsjivTD5hL2jktSQyCPIQ==@base.apk@classes.dex)
04-17 12:08:24.687 23624 23626 I artd    : Loading /data/dalvik-cache/arm64/data@app@~~X3aKUqZ73ZhAZTnWsqfh_Q==@com.zoffcc.applications.trifa-lJsjivTD5hL2jktSQyCPIQ==@base.apk@classes.dex with executable: 0
04-17 12:08:24.687 23624 23626 I artd    : OatFileAssistant test for existing oat file /data/dalvik-cache/arm64/data@app@~~X3aKUqZ73ZhAZTnWsqfh_Q==@com.zoffcc.applications.trifa-lJsjivTD5hL2jktSQyCPIQ==@base.apk@classes.dex: File /data/dalvik-cache/arm64/data@app@~~X3aKUqZ73ZhAZTnWsqfh_Q==@com.zoffcc.applications.trifa-lJsjivTD5hL2jktSQyCPIQ==@base.apk@classes.vdex does not exist.
04-17 12:08:24.687 23624 23626 I artd    : GetBestInfo checking odex next to the dex file (/data/app/~~X3aKUqZ73ZhAZTnWsqfh_Q==/com.zoffcc.applications.trifa-lJsjivTD5hL2jktSQyCPIQ==/oat/arm64/base.odex)
04-17 12:08:24.687 23624 23626 I artd    : Loading /data/app/~~X3aKUqZ73ZhAZTnWsqfh_Q==/com.zoffcc.applications.trifa-lJsjivTD5hL2jktSQyCPIQ==/oat/arm64/base.odex with executable: 0
04-17 12:08:24.690 23624 23626 I artd    : Successfully loaded /data/app/~~X3aKUqZ73ZhAZTnWsqfh_Q==/com.zoffcc.applications.trifa-lJsjivTD5hL2jktSQyCPIQ==/oat/arm64/base.odex with executable: 0
04-17 12:08:24.690 23624 23626 I artd    : Failed to verify checksums of oat file /data/app/~~X3aKUqZ73ZhAZTnWsqfh_Q==/com.zoffcc.applications.trifa-lJsjivTD5hL2jktSQyCPIQ==/oat/arm64/base.odex error: Image checksum mismatch, expected i;18/8f4bf6b1:i;28/072cb484 to start with i;18/5697d995
04-17 12:08:24.690 23624 23626 I artd    : Oat image checksum does not match image checksum.
04-17 12:08:24.690 23624 23626 I artd    : /data/app/~~X3aKUqZ73ZhAZTnWsqfh_Q==/com.zoffcc.applications.trifa-lJsjivTD5hL2jktSQyCPIQ==/oat/arm64/base.odex is kOatBootImageOutOfDate with filter verify
04-17 12:08:24.690 23624 23626 I artd    : GetBestInfo checking vdex in dalvik-cache (/data/dalvik-cache/arm64/data@app@~~X3aKUqZ73ZhAZTnWsqfh_Q==@com.zoffcc.applications.trifa-lJsjivTD5hL2jktSQyCPIQ==@base.apk@classes.vdex)
04-17 12:08:24.690 23624 23626 I artd    : unable to open vdex file /data/dalvik-cache/arm64/data@app@~~X3aKUqZ73ZhAZTnWsqfh_Q==@com.zoffcc.applications.trifa-lJsjivTD5hL2jktSQyCPIQ==@base.apk@classes.vdex: File /data/dalvik-cache/arm64/data@app@~~X3aKUqZ73ZhAZTnWsqfh_Q==@com.zoffcc.applications.trifa-lJsjivTD5hL2jktSQyCPIQ==@base.apk@classes.vdex does not exist.
04-17 12:08:24.690 23624 23626 I artd    : OatFileAssistant test for existing oat file /data/dalvik-cache/arm64/data@app@~~X3aKUqZ73ZhAZTnWsqfh_Q==@com.zoffcc.applications.trifa-lJsjivTD5hL2jktSQyCPIQ==@base.apk@classes.vdex: File /data/dalvik-cache/arm64/data@app@~~X3aKUqZ73ZhAZTnWsqfh_Q==@com.zoffcc.applications.trifa-lJsjivTD5hL2jktSQyCPIQ==@base.apk@classes.vdex does not exist.
04-17 12:08:24.690 23624 23626 I artd    : GetBestInfo checking vdex next to the dex file (/data/app/~~X3aKUqZ73ZhAZTnWsqfh_Q==/com.zoffcc.applications.trifa-lJsjivTD5hL2jktSQyCPIQ==/oat/arm64/base.vdex)
04-17 12:08:24.691 23624 23626 I artd    : Successfully loaded /data/app/~~X3aKUqZ73ZhAZTnWsqfh_Q==/com.zoffcc.applications.trifa-lJsjivTD5hL2jktSQyCPIQ==/oat/arm64/base.vdex with executable: 0
04-17 12:08:24.691 23624 23626 I artd    : Image checksum test skipped for vdex file /data/app/~~X3aKUqZ73ZhAZTnWsqfh_Q==/com.zoffcc.applications.trifa-lJsjivTD5hL2jktSQyCPIQ==/oat/arm64/base.vdex
04-17 12:08:24.691 23624 23626 I artd    : /data/app/~~X3aKUqZ73ZhAZTnWsqfh_Q==/com.zoffcc.applications.trifa-lJsjivTD5hL2jktSQyCPIQ==/oat/arm64/base.vdex is kOatUpToDate with filter verify
04-17 12:08:24.716  4780  4780 W Finsky  : [2] STU: Failed to get storage stats for package 'com.android.devicelock' (1601: Error getting stats: android.content.pm.PackageManager.NameNotFoundException)
04-17 12:08:24.731 23624 23626 I artd    : Dex parent of /data/app/~~EZGZgbiOnL4DnmYzJqxg1w==/com.google.android.contactkeys-yInKt9ALWMj3W5sWWNJafg==/base.apk is not writable: Permission denied
04-17 12:08:24.732 23624 23626 I artd    : GetBestInfo checking odex in dalvik-cache (/data/dalvik-cache/arm64/data@app@~~EZGZgbiOnL4DnmYzJqxg1w==@com.google.android.contactkeys-yInKt9ALWMj3W5sWWNJafg==@base.apk@classes.dex)
04-17 12:08:24.732 23624 23626 I artd    : Loading /data/dalvik-cache/arm64/data@app@~~EZGZgbiOnL4DnmYzJqxg1w==@com.google.android.contactkeys-yInKt9ALWMj3W5sWWNJafg==@base.apk@classes.dex with executable: 0
04-17 12:08:24.732 23624 23626 I artd    : OatFileAssistant test for existing oat file /data/dalvik-cache/arm64/data@app@~~EZGZgbiOnL4DnmYzJqxg1w==@com.google.android.contactkeys-yInKt9ALWMj3W5sWWNJafg==@base.apk@classes.dex: File /data/dalvik-cache/arm64/data@app@~~EZGZgbiOnL4DnmYzJqxg1w==@com.google.android.contactkeys-yInKt9ALWMj3W5sWWNJafg==@base.apk@classes.vdex does not exist.
04-17 12:08:24.732 23624 23626 I artd    : GetBestInfo checking odex next to the dex file (/data/app/~~EZGZgbiOnL4DnmYzJqxg1w==/com.google.android.contactkeys-yInKt9ALWMj3W5sWWNJafg==/oat/arm64/base.odex)
04-17 12:08:24.732 23624 23626 I artd    : Loading /data/app/~~EZGZgbiOnL4DnmYzJqxg1w==/com.google.android.contactkeys-yInKt9ALWMj3W5sWWNJafg==/oat/arm64/base.odex with executable: 0
04-17 12:08:24.747 23624 23626 I artd    : Successfully loaded /data/app/~~EZGZgbiOnL4DnmYzJqxg1w==/com.google.android.contactkeys-yInKt9ALWMj3W5sWWNJafg==/oat/arm64/base.odex with executable: 0
04-17 12:08:24.747 23624 23626 I artd    : Failed to verify checksums of oat file /data/app/~~EZGZgbiOnL4DnmYzJqxg1w==/com.google.android.contactkeys-yInKt9ALWMj3W5sWWNJafg==/oat/arm64/base.odex error: Image checksum mismatch, expected i;18/8f4bf6b1:i;28/072cb484 to start with i;18/5697d995
04-17 12:08:24.747 23624 23626 I artd    : Oat image checksum does not match image checksum.
04-17 12:08:24.747 23624 23626 I artd    : /data/app/~~EZGZgbiOnL4DnmYzJqxg1w==/com.google.android.contactkeys-yInKt9ALWMj3W5sWWNJafg==/oat/arm64/base.odex is kOatBootImageOutOfDate with filter speed-profile
04-17 12:08:24.747 23624 23626 I artd    : GetBestInfo checking vdex in dalvik-cache (/data/dalvik-cache/arm64/data@app@~~EZGZgbiOnL4DnmYzJqxg1w==@com.google.android.contactkeys-yInKt9ALWMj3W5sWWNJafg==@base.apk@classes.vdex)
04-17 12:08:24.747 23624 23626 I artd    : unable to open vdex file /data/dalvik-cache/arm64/data@app@~~EZGZgbiOnL4DnmYzJqxg1w==@com.google.android.contactkeys-yInKt9ALWMj3W5sWWNJafg==@base.apk@classes.vdex: File /data/dalvik-cache/arm64/data@app@~~EZGZgbiOnL4DnmYzJqxg1w==@com.google.android.contactkeys-yInKt9ALWMj3W5sWWNJafg==@base.apk@classes.vdex does not exist.
04-17 12:08:24.747 23624 23626 I artd    : OatFileAssistant test for existing oat file /data/dalvik-cache/arm64/data@app@~~EZGZgbiOnL4DnmYzJqxg1w==@com.google.android.contactkeys-yInKt9ALWMj3W5sWWNJafg==@base.apk@classes.vdex: File /data/dalvik-cache/arm64/data@app@~~EZGZgbiOnL4DnmYzJqxg1w==@com.google.android.contactkeys-yInKt9ALWMj3W5sWWNJafg==@base.apk@classes.vdex does not exist.
04-17 12:08:24.747 23624 23626 I artd    : GetBestInfo checking vdex next to the dex file (/data/app/~~EZGZgbiOnL4DnmYzJqxg1w==/com.google.android.contactkeys-yInKt9ALWMj3W5sWWNJafg==/oat/arm64/base.vdex)
04-17 12:08:24.751 23624 23626 I artd    : Successfully loaded /data/app/~~EZGZgbiOnL4DnmYzJqxg1w==/com.google.android.contactkeys-yInKt9ALWMj3W5sWWNJafg==/oat/arm64/base.vdex with executable: 0
04-17 12:08:24.751 23624 23626 I artd    : Image checksum test skipped for vdex file /data/app/~~EZGZgbiOnL4DnmYzJqxg1w==/com.google.android.contactkeys-yInKt9ALWMj3W5sWWNJafg==/oat/arm64/base.vdex
04-17 12:08:24.751 23624 23626 I artd    : /data/app/~~EZGZgbiOnL4DnmYzJqxg1w==/com.google.android.contactkeys-yInKt9ALWMj3W5sWWNJafg==/oat/arm64/base.vdex is kOatUpToDate with filter verify
04-17 12:08:24.841  4780  4780 W Finsky  : [2] STU: Failed to get storage stats for package 'com.android.tethering' (1601: Error getting stats: android.content.pm.PackageManager.NameNotFoundException)
04-17 12:08:24.849 23624 23626 I artd    : Dex parent of /data/app/~~KmOSps8B4Aqu1XbQOuFJIQ==/ch.threema.app.libre-R-7Rc4VWEFF24ZVEHDyQuQ==/base.apk is not writable: Permission denied
04-17 12:08:24.849 23624 23626 I artd    : GetBestInfo checking odex in dalvik-cache (/data/dalvik-cache/arm64/data@app@~~KmOSps8B4Aqu1XbQOuFJIQ==@ch.threema.app.libre-R-7Rc4VWEFF24ZVEHDyQuQ==@base.apk@classes.dex)
04-17 12:08:24.849 23624 23626 I artd    : Loading /data/dalvik-cache/arm64/data@app@~~KmOSps8B4Aqu1XbQOuFJIQ==@ch.threema.app.libre-R-7Rc4VWEFF24ZVEHDyQuQ==@base.apk@classes.dex with executable: 0
04-17 12:08:24.850 23624 23626 I artd    : OatFileAssistant test for existing oat file /data/dalvik-cache/arm64/data@app@~~KmOSps8B4Aqu1XbQOuFJIQ==@ch.threema.app.libre-R-7Rc4VWEFF24ZVEHDyQuQ==@base.apk@classes.dex: File /data/dalvik-cache/arm64/data@app@~~KmOSps8B4Aqu1XbQOuFJIQ==@ch.threema.app.libre-R-7Rc4VWEFF24ZVEHDyQuQ==@base.apk@classes.vdex does not exist.
04-17 12:08:24.850 23624 23626 I artd    : GetBestInfo checking odex next to the dex file (/data/app/~~KmOSps8B4Aqu1XbQOuFJIQ==/ch.threema.app.libre-R-7Rc4VWEFF24ZVEHDyQuQ==/oat/arm64/base.odex)
04-17 12:08:24.850 23624 23626 I artd    : Loading /data/app/~~KmOSps8B4Aqu1XbQOuFJIQ==/ch.threema.app.libre-R-7Rc4VWEFF24ZVEHDyQuQ==/oat/arm64/base.odex with executable: 0
04-17 12:08:24.853 23624 23626 I artd    : Successfully loaded /data/app/~~KmOSps8B4Aqu1XbQOuFJIQ==/ch.threema.app.libre-R-7Rc4VWEFF24ZVEHDyQuQ==/oat/arm64/base.odex with executable: 0
04-17 12:08:24.855 23624 23626 I artd    : Failed to verify checksums of oat file /data/app/~~KmOSps8B4Aqu1XbQOuFJIQ==/ch.threema.app.libre-R-7Rc4VWEFF24ZVEHDyQuQ==/oat/arm64/base.odex error: Image checksum mismatch, expected i;18/8f4bf6b1:i;28/072cb484 to start with i;18/5697d995
04-17 12:08:24.855 23624 23626 I artd    : Oat image checksum does not match image checksum.
04-17 12:08:24.855 23624 23626 I artd    : /data/app/~~KmOSps8B4Aqu1XbQOuFJIQ==/ch.threema.app.libre-R-7Rc4VWEFF24ZVEHDyQuQ==/oat/arm64/base.odex is kOatBootImageOutOfDate with filter verify
04-17 12:08:24.855 23624 23626 I artd    : GetBestInfo checking vdex in dalvik-cache (/data/dalvik-cache/arm64/data@app@~~KmOSps8B4Aqu1XbQOuFJIQ==@ch.threema.app.libre-R-7Rc4VWEFF24ZVEHDyQuQ==@base.apk@classes.vdex)
04-17 12:08:24.855 23624 23626 I artd    : unable to open vdex file /data/dalvik-cache/arm64/data@app@~~KmOSps8B4Aqu1XbQOuFJIQ==@ch.threema.app.libre-R-7Rc4VWEFF24ZVEHDyQuQ==@base.apk@classes.vdex: File /data/dalvik-cache/arm64/data@app@~~KmOSps8B4Aqu1XbQOuFJIQ==@ch.threema.app.libre-R-7Rc4VWEFF24ZVEHDyQuQ==@base.apk@classes.vdex does not exist.
04-17 12:08:24.855 23624 23626 I artd    : OatFileAssistant test for existing oat file /data/dalvik-cache/arm64/data@app@~~KmOSps8B4Aqu1XbQOuFJIQ==@ch.threema.app.libre-R-7Rc4VWEFF24ZVEHDyQuQ==@base.apk@classes.vdex: File /data/dalvik-cache/arm64/data@app@~~KmOSps8B4Aqu1XbQOuFJIQ==@ch.threema.app.libre-R-7Rc4VWEFF24ZVEHDyQuQ==@base.apk@classes.vdex does not exist.
04-17 12:08:24.855 23624 23626 I artd    : GetBestInfo checking vdex next to the dex file (/data/app/~~KmOSps8B4Aqu1XbQOuFJIQ==/ch.threema.app.libre-R-7Rc4VWEFF24ZVEHDyQuQ==/oat/arm64/base.vdex)
04-17 12:08:24.856 23624 23626 I artd    : Successfully loaded /data/app/~~KmOSps8B4Aqu1XbQOuFJIQ==/ch.threema.app.libre-R-7Rc4VWEFF24ZVEHDyQuQ==/oat/arm64/base.vdex with executable: 0
04-17 12:08:24.857 23624 23626 I artd    : Image checksum test skipped for vdex file /data/app/~~KmOSps8B4Aqu1XbQOuFJIQ==/ch.threema.app.libre-R-7Rc4VWEFF24ZVEHDyQuQ==/oat/arm64/base.vdex
04-17 12:08:24.857 23624 23626 I artd    : /data/app/~~KmOSps8B4Aqu1XbQOuFJIQ==/ch.threema.app.libre-R-7Rc4VWEFF24ZVEHDyQuQ==/oat/arm64/base.vdex is kOatUpToDate with filter verify
04-17 12:08:24.897 23624 23626 I artd    : Dex parent of /data/app/~~G_QlmrDDrckF9kIbRoO9YQ==/com.kunzisoft.keepass.libre-SENpxQuwv2iWWTRctaS1uQ==/base.apk is not writable: Permission denied
04-17 12:08:24.897 23624 23626 I artd    : GetBestInfo checking odex in dalvik-cache (/data/dalvik-cache/arm64/data@app@~~G_QlmrDDrckF9kIbRoO9YQ==@com.kunzisoft.keepass.libre-SENpxQuwv2iWWTRctaS1uQ==@base.apk@classes.dex)
04-17 12:08:24.897 23624 23626 I artd    : Loading /data/dalvik-cache/arm64/data@app@~~G_QlmrDDrckF9kIbRoO9YQ==@com.kunzisoft.keepass.libre-SENpxQuwv2iWWTRctaS1uQ==@base.apk@classes.dex with executable: 0
04-17 12:08:24.897 23624 23626 I artd    : OatFileAssistant test for existing oat file /data/dalvik-cache/arm64/data@app@~~G_QlmrDDrckF9kIbRoO9YQ==@com.kunzisoft.keepass.libre-SENpxQuwv2iWWTRctaS1uQ==@base.apk@classes.dex: File /data/dalvik-cache/arm64/data@app@~~G_QlmrDDrckF9kIbRoO9YQ==@com.kunzisoft.keepass.libre-SENpxQuwv2iWWTRctaS1uQ==@base.apk@classes.vdex does not exist.
04-17 12:08:24.897 23624 23626 I artd    : GetBestInfo checking odex next to the dex file (/data/app/~~G_QlmrDDrckF9kIbRoO9YQ==/com.kunzisoft.keepass.libre-SENpxQuwv2iWWTRctaS1uQ==/oat/arm64/base.odex)
04-17 12:08:24.897 23624 23626 I artd    : Loading /data/app/~~G_QlmrDDrckF9kIbRoO9YQ==/com.kunzisoft.keepass.libre-SENpxQuwv2iWWTRctaS1uQ==/oat/arm64/base.odex with executable: 0
04-17 12:08:24.909 23624 23626 I artd    : Successfully loaded /data/app/~~G_QlmrDDrckF9kIbRoO9YQ==/com.kunzisoft.keepass.libre-SENpxQuwv2iWWTRctaS1uQ==/oat/arm64/base.odex with executable: 0
04-17 12:08:24.912 23624 23626 I artd    : Failed to verify checksums of oat file /data/app/~~G_QlmrDDrckF9kIbRoO9YQ==/com.kunzisoft.keepass.libre-SENpxQuwv2iWWTRctaS1uQ==/oat/arm64/base.odex error: Image checksum mismatch, expected i;18/8f4bf6b1:i;28/072cb484 to start with i;18/5697d995
04-17 12:08:24.912 23624 23626 I artd    : Oat image checksum does not match image checksum.
04-17 12:08:24.912 23624 23626 I artd    : /data/app/~~G_QlmrDDrckF9kIbRoO9YQ==/com.kunzisoft.keepass.libre-SENpxQuwv2iWWTRctaS1uQ==/oat/arm64/base.odex is kOatBootImageOutOfDate with filter verify
04-17 12:08:24.912 23624 23626 I artd    : GetBestInfo checking vdex in dalvik-cache (/data/dalvik-cache/arm64/data@app@~~G_QlmrDDrckF9kIbRoO9YQ==@com.kunzisoft.keepass.libre-SENpxQuwv2iWWTRctaS1uQ==@base.apk@classes.vdex)
04-17 12:08:24.912 23624 23626 I artd    : unable to open vdex file /data/dalvik-cache/arm64/data@app@~~G_QlmrDDrckF9kIbRoO9YQ==@com.kunzisoft.keepass.libre-SENpxQuwv2iWWTRctaS1uQ==@base.apk@classes.vdex: File /data/dalvik-cache/arm64/data@app@~~G_QlmrDDrckF9kIbRoO9YQ==@com.kunzisoft.keepass.libre-SENpxQuwv2iWWTRctaS1uQ==@base.apk@classes.vdex does not exist.
04-17 12:08:24.912 23624 23626 I artd    : OatFileAssistant test for existing oat file /data/dalvik-cache/arm64/data@app@~~G_QlmrDDrckF9kIbRoO9YQ==@com.kunzisoft.keepass.libre-SENpxQuwv2iWWTRctaS1uQ==@base.apk@classes.vdex: File /data/dalvik-cache/arm64/data@app@~~G_QlmrDDrckF9kIbRoO9YQ==@com.kunzisoft.keepass.libre-SENpxQuwv2iWWTRctaS1uQ==@base.apk@classes.vdex does not exist.
04-17 12:08:24.912 23624 23626 I artd    : GetBestInfo checking vdex next to the dex file (/data/app/~~G_QlmrDDrckF9kIbRoO9YQ==/com.kunzisoft.keepass.libre-SENpxQuwv2iWWTRctaS1uQ==/oat/arm64/base.vdex)
04-17 12:08:24.915 23624 23626 I artd    : Successfully loaded /data/app/~~G_QlmrDDrckF9kIbRoO9YQ==/com.kunzisoft.keepass.libre-SENpxQuwv2iWWTRctaS1uQ==/oat/arm64/base.vdex with executable: 0
04-17 12:08:24.915 23624 23626 I artd    : Image checksum test skipped for vdex file /data/app/~~G_QlmrDDrckF9kIbRoO9YQ==/com.kunzisoft.keepass.libre-SENpxQuwv2iWWTRctaS1uQ==/oat/arm64/base.vdex
04-17 12:08:24.915 23624 23626 I artd    : /data/app/~~G_QlmrDDrckF9kIbRoO9YQ==/com.kunzisoft.keepass.libre-SENpxQuwv2iWWTRctaS1uQ==/oat/arm64/base.vdex is kOatUpToDate with filter verify
04-17 12:08:24.949 23624 23626 I artd    : Dex parent of /data/app/~~uKI70LwIFiJbC_OvqA1QGQ==/com.m2049r.xmrwallet-LsXxIIDqBPiv6fmeIaD7aQ==/base.apk is not writable: Permission denied
04-17 12:08:24.949 23624 23626 I artd    : GetBestInfo checking odex in dalvik-cache (/data/dalvik-cache/arm64/data@app@~~uKI70LwIFiJbC_OvqA1QGQ==@com.m2049r.xmrwallet-LsXxIIDqBPiv6fmeIaD7aQ==@base.apk@classes.dex)
04-17 12:08:24.949 23624 23626 I artd    : Loading /data/dalvik-cache/arm64/data@app@~~uKI70LwIFiJbC_OvqA1QGQ==@com.m2049r.xmrwallet-LsXxIIDqBPiv6fmeIaD7aQ==@base.apk@classes.dex with executable: 0
04-17 12:08:24.950 23624 23626 I artd    : OatFileAssistant test for existing oat file /data/dalvik-cache/arm64/data@app@~~uKI70LwIFiJbC_OvqA1QGQ==@com.m2049r.xmrwallet-LsXxIIDqBPiv6fmeIaD7aQ==@base.apk@classes.dex: File /data/dalvik-cache/arm64/data@app@~~uKI70LwIFiJbC_OvqA1QGQ==@com.m2049r.xmrwallet-LsXxIIDqBPiv6fmeIaD7aQ==@base.apk@classes.vdex does not exist.
04-17 12:08:24.950 23624 23626 I artd    : GetBestInfo checking odex next to the dex file (/data/app/~~uKI70LwIFiJbC_OvqA1QGQ==/com.m2049r.xmrwallet-LsXxIIDqBPiv6fmeIaD7aQ==/oat/arm64/base.odex)
04-17 12:08:24.950 23624 23626 I artd    : Loading /data/app/~~uKI70LwIFiJbC_OvqA1QGQ==/com.m2049r.xmrwallet-LsXxIIDqBPiv6fmeIaD7aQ==/oat/arm64/base.odex with executable: 0
04-17 12:08:24.956 23624 23626 I artd    : Successfully loaded /data/app/~~uKI70LwIFiJbC_OvqA1QGQ==/com.m2049r.xmrwallet-LsXxIIDqBPiv6fmeIaD7aQ==/oat/arm64/base.odex with executable: 0
04-17 12:08:24.960 23624 23626 I artd    : Failed to verify checksums of oat file /data/app/~~uKI70LwIFiJbC_OvqA1QGQ==/com.m2049r.xmrwallet-LsXxIIDqBPiv6fmeIaD7aQ==/oat/arm64/base.odex error: Image checksum mismatch, expected i;18/8f4bf6b1:i;28/072cb484 to start with i;18/5697d995
04-17 12:08:24.960 23624 23626 I artd    : Oat image checksum does not match image checksum.
04-17 12:08:24.960 23624 23626 I artd    : /data/app/~~uKI70LwIFiJbC_OvqA1QGQ==/com.m2049r.xmrwallet-LsXxIIDqBPiv6fmeIaD7aQ==/oat/arm64/base.odex is kOatBootImageOutOfDate with filter speed-profile
04-17 12:08:24.960 23624 23626 I artd    : GetBestInfo checking vdex in dalvik-cache (/data/dalvik-cache/arm64/data@app@~~uKI70LwIFiJbC_OvqA1QGQ==@com.m2049r.xmrwallet-LsXxIIDqBPiv6fmeIaD7aQ==@base.apk@classes.vdex)
04-17 12:08:24.960 23624 23626 I artd    : unable to open vdex file /data/dalvik-cache/arm64/data@app@~~uKI70LwIFiJbC_OvqA1QGQ==@com.m2049r.xmrwallet-LsXxIIDqBPiv6fmeIaD7aQ==@base.apk@classes.vdex: File /data/dalvik-cache/arm64/data@app@~~uKI70LwIFiJbC_OvqA1QGQ==@com.m2049r.xmrwallet-LsXxIIDqBPiv6fmeIaD7aQ==@base.apk@classes.vdex does not exist.
04-17 12:08:24.960 23624 23626 I artd    : OatFileAssistant test for existing oat file /data/dalvik-cache/arm64/data@app@~~uKI70LwIFiJbC_OvqA1QGQ==@com.m2049r.xmrwallet-LsXxIIDqBPiv6fmeIaD7aQ==@base.apk@classes.vdex: File /data/dalvik-cache/arm64/data@app@~~uKI70LwIFiJbC_OvqA1QGQ==@com.m2049r.xmrwallet-LsXxIIDqBPiv6fmeIaD7aQ==@base.apk@classes.vdex does not exist.
04-17 12:08:24.960 23624 23626 I artd    : GetBestInfo checking vdex next to the dex file (/data/app/~~uKI70LwIFiJbC_OvqA1QGQ==/com.m2049r.xmrwallet-LsXxIIDqBPiv6fmeIaD7aQ==/oat/arm64/base.vdex)
04-17 12:08:24.963 23624 23626 I artd    : Successfully loaded /data/app/~~uKI70LwIFiJbC_OvqA1QGQ==/com.m2049r.xmrwallet-LsXxIIDqBPiv6fmeIaD7aQ==/oat/arm64/base.vdex with executable: 0
04-17 12:08:24.963 23624 23626 I artd    : Image checksum test skipped for vdex file /data/app/~~uKI70LwIFiJbC_OvqA1QGQ==/com.m2049r.xmrwallet-LsXxIIDqBPiv6fmeIaD7aQ==/oat/arm64/base.vdex
04-17 12:08:24.963 23624 23626 I artd    : /data/app/~~uKI70LwIFiJbC_OvqA1QGQ==/com.m2049r.xmrwallet-LsXxIIDqBPiv6fmeIaD7aQ==/oat/arm64/base.vdex is kOatUpToDate with filter verify
