04-17 11:39:46.879  2437  2482 V WindowManagerShell: Playing animation for (#37) android.os.BinderProxy@32fce77@0
04-17 11:39:46.879  2437  2482 V ShellRecents: RecentsTransitionHandler.startAnimation: no controller found
04-17 11:39:46.880  2437  2482 V WindowManagerShell: Transition doesn't have explicit remote, search filters for match for {id=37 t=OPEN f=0x0 trk=0 r=[0@Point(0, 0)] c=[{m=OPEN f=NONE leash=Surface(name=Task=2364)/@0xe4e2d62 sb=Rect(0, 0 - 1080, 2340) eb=Rect(0, 0 - 1080, 2340) epz=Point(1080, 2340) d=0 taskParent=-1},{m=TO_BACK f=SHOW_WALLPAPER leash=Surface(name=Task=2355)/@0x4e95ef3 sb=Rect(0, 0 - 1080, 2340) eb=Rect(0, 0 - 1080, 2340) epz=Point(1080, 2340) d=0 taskParent=-1}]}
04-17 11:39:46.880  2437  2482 V WindowManagerShell:  Checking filter Pair{{types=[] flags=0x0] notFlags=0x100 checks=[{atype=home independent=true modes=[OPEN,TO_FRONT] flags=NONE mustBeTask=false order=TOP topActivity=ComponentInfo{com.android.launcher3/com.android.launcher3.uioverrides.QuickstepLauncher} launchCookie=null windowingMode=undefined},{atype=standard independent=true modes=[CLOSE,TO_BACK] flags=NONE mustBeTask=false order=ANY topActivity=null launchCookie=null windowingMode=undefined},{NOT atype=undefined independent=true modes=[] flags=NONE mustBeTask=true order=ANY topActivity=null launchCookie=null customAnim=true windowingMode=undefined}]} RemoteTransition { remoteTransition = android.window.IRemoteTransition$Stub$Proxy@70023d8, appThread = android.app.IApplicationThread$Stub$Proxy@70b4331, debugName = QuickstepLaunchHome }}
04-17 11:39:46.880  2437  2482 V WindowManagerShell:  Delegate animation for (#37) to null
04-17 11:39:46.880  2437  2482 V WindowManagerShell: start default transition animation, info = {id=37 t=OPEN f=0x0 trk=0 r=[0@Point(0, 0)] c=[{m=OPEN f=NONE leash=Surface(name=Task=2364)/@0xe4e2d62 sb=Rect(0, 0 - 1080, 2340) eb=Rect(0, 0 - 1080, 2340) epz=Point(1080, 2340) d=0 taskParent=-1},{m=TO_BACK f=SHOW_WALLPAPER leash=Surface(name=Task=2355)/@0x4e95ef3 sb=Rect(0, 0 - 1080, 2340) eb=Rect(0, 0 - 1080, 2340) epz=Point(1080, 2340) d=0 taskParent=-1}]}
04-17 11:39:46.880  3740  3740 I SetupWizard: [evj] [logReason:Get Notification Priority, UserDismissed: false, PersonalizationComplete: true, DPEnable: false, DPExisted: false, DPComplete: false, DAPAReason:Just a few more steps Uncompleted actions:[restore]]
04-17 11:39:46.881  3740  3740 I SetupWizard: [evj] Personalization is completed.
04-17 11:39:46.881  3740  3740 I SetupWizard: [DeferredSetupNotificationSchedulerService] Removing existing notification. Priority is DO_NOT_SHOW
04-17 11:39:46.881  1641 23074 W UserManagerService: Requested status bar icon for non-badged user 0
04-17 11:39:46.881  3740  3740 I SetupWizard: [evg] Remove existing notification, the type is=3
04-17 11:39:46.882  2437  2482 V WindowManagerShell: loadAnimation: anim=android.view.animation.AnimationSet@e65bdae animAttr=0x13 type=OPEN isEntrance=false
04-17 11:39:46.882  2437  2482 V WindowManagerShell: loadAnimation: anim=android.view.animation.AnimationSet@a5406ba animAttr=0x12 type=OPEN isEntrance=true
04-17 11:39:46.883  3740  3740 I SetupWizard: [evj] Personalization is completed.
04-17 11:39:46.884  2437  2482 V WindowManagerShell:  animated by com.android.wm.shell.transition.DefaultTransitionHandler@da59b7e
04-17 11:39:46.886  1641 19372 D ConnectivityService: requestNetwork for uid/pid:10161/2437 asUid: 10461 activeRequest: null callbackRequest: 531 [NetworkRequest [ REQUEST id=532, [ Capabilities: INTERNET&NOT_RESTRICTED&TRUSTED&NOT_VCN_MANAGED&NOT_BANDWIDTH_CONSTRAINED Uid: 10461 RequestorUid: 10161 RequestorPkg: com.android.systemui UnderlyingNetworks: Null] ]] callback flags: 0 order: 2147483647 isUidTracked: false declaredMethods: ALL
04-17 11:39:46.890  1641  2328 D WifiNetworkFactory: got request NetworkRequest [ REQUEST id=532, [ Capabilities: INTERNET&NOT_RESTRICTED&TRUSTED&NOT_VCN_MANAGED&NOT_BANDWIDTH_CONSTRAINED Uid: 10461 RequestorUid: 10161 RequestorPkg: com.android.systemui UnderlyingNetworks: Null] ]
04-17 11:39:46.891  1641  2328 D UntrustedWifiNetworkFactory: got request NetworkRequest [ REQUEST id=532, [ Capabilities: INTERNET&NOT_RESTRICTED&TRUSTED&NOT_VCN_MANAGED&NOT_BANDWIDTH_CONSTRAINED Uid: 10461 RequestorUid: 10161 RequestorPkg: com.android.systemui UnderlyingNetworks: Null] ]
04-17 11:39:46.891  1641  2328 D OemPaidWifiNetworkFactory: got request NetworkRequest [ REQUEST id=532, [ Capabilities: INTERNET&NOT_RESTRICTED&TRUSTED&NOT_VCN_MANAGED&NOT_BANDWIDTH_CONSTRAINED Uid: 10461 RequestorUid: 10161 RequestorPkg: com.android.systemui UnderlyingNetworks: Null] ]
04-17 11:39:46.892  1641  2328 D MultiInternetWifiNetworkFactory: got request NetworkRequest [ REQUEST id=532, [ Capabilities: INTERNET&NOT_RESTRICTED&TRUSTED&NOT_VCN_MANAGED&NOT_BANDWIDTH_CONSTRAINED Uid: 10461 RequestorUid: 10161 RequestorPkg: com.android.systemui UnderlyingNetworks: Null] ]
04-17 11:39:46.893  1641  2336 D ConnectivityService: NetReassign [532 : null → 100] [c 0] [a 2] [i 3]
04-17 11:39:46.925  4580  4580 I bvhy    : onPause
04-17 11:39:46.936 23319 23319 D CompatChangeReporter: Compat change id reported: 352594277; UID 10461; state: ENABLED
04-17 11:39:46.955 23319 23319 D CompatChangeReporter: Compat change id reported: 349153669; UID 10461; state: ENABLED
04-17 11:39:47.008  3195 22706 I gle.android.gms: Explicit concurrent copying GC freed 6031KB AllocSpace bytes, 22(952KB) LOS objects, 75% free, 28MB/115MB, paused 594us,99us total 346.738ms
04-17 11:39:47.072  3155  3155 W LocaleConfig: Failed to parse XML configuration from m3_button_group_child_size_change
04-17 11:39:47.072  3155  3155 W LocaleConfig: org.xmlpull.v1.XmlPullParserException: Unexpected start tag: found selector, expected locale-config
04-17 11:39:47.072  3155  3155 W LocaleConfig: 	at com.android.internal.util.XmlUtils.beginDocument(XmlUtils.java:1701)
04-17 11:39:47.072  3155  3155 W LocaleConfig: 	at android.app.LocaleConfig.parseLocaleConfig(LocaleConfig.java:204)
04-17 11:39:47.072  3155  3155 W LocaleConfig: 	at android.app.LocaleConfig.<init>(LocaleConfig.java:156)
04-17 11:39:47.072  3155  3155 W LocaleConfig: 	at android.app.LocaleConfig.fromContextIgnoringOverride(LocaleConfig.java:126)
04-17 11:39:47.072  3155  3155 W LocaleConfig: 	at android.app.ContextImpl.setResources(ContextImpl.java:3672)
04-17 11:39:47.072  3155  3155 W LocaleConfig: 	at android.app.ContextImpl.<init>(ContextImpl.java:3599)
04-17 11:39:47.072  3155  3155 W LocaleConfig: 	at android.app.ContextImpl.createApplicationContextAsUser(ContextImpl.java:2777)
04-17 11:39:47.072  3155  3155 W LocaleConfig: 	at android.app.ContextImpl.createApplicationContext(ContextImpl.java:2768)
04-17 11:39:47.072  3155  3155 W LocaleConfig: 	at android.content.ContextWrapper.createApplicationContext(ContextWrapper.java:1139)
04-17 11:39:47.072  3155  3155 W LocaleConfig: 	at android.app.Notification$Builder.recoverBuilder(Notification.java:7334)
04-17 11:39:47.072  3155  3155 W LocaleConfig: 	at android.ext.services.notification.NotificationEntry.<init>(go/retraceme a2165b383c7c7fbaaea02ced6998daf6ddee28de03c5f1acadd6984f59cff960:40)
04-17 11:39:47.072  3155  3155 W LocaleConfig: 	at android.ext.services.notification.Assistant.onNotificationPosted(go/retraceme a2165b383c7c7fbaaea02ced6998daf6ddee28de03c5f1acadd6984f59cff960:75)
04-17 11:39:47.072  3155  3155 W LocaleConfig: 	at android.service.notification.NotificationListenerService$MyHandler.handleMessage(NotificationListenerService.java:2476)
04-17 11:39:47.072  3155  3155 W LocaleConfig: 	at android.os.Handler.dispatchMessage(Handler.java:109)
04-17 11:39:47.072  3155  3155 W LocaleConfig: 	at android.os.Looper.loopOnce(Looper.java:232)
04-17 11:39:47.072  3155  3155 W LocaleConfig: 	at android.os.Looper.loop(Looper.java:317)
04-17 11:39:47.072  3155  3155 W LocaleConfig: 	at android.app.ActivityThread.main(ActivityThread.java:8934)
04-17 11:39:47.072  3155  3155 W LocaleConfig: 	at java.lang.reflect.Method.invoke(Native Method)
04-17 11:39:47.072  3155  3155 W LocaleConfig: 	at com.android.internal.os.RuntimeInit$MethodAndArgsCaller.run(RuntimeInit.java:591)
04-17 11:39:47.072  3155  3155 W LocaleConfig: 	at com.android.internal.os.ZygoteInit.main(ZygoteInit.java:911)
04-17 11:39:47.078  2437  2859 E ndroid.systemui: Resource 7f140000 is a complex map type.
04-17 11:39:47.079  2437  2859 W LocaleConfig: The resource file pointed to by the given resource ID isn't found.
04-17 11:39:47.079  2437  2859 E ndroid.systemui: Resource 7f140000 is a complex map type.
04-17 11:39:47.079  2437  2859 W LocaleConfig: The resource file pointed to by the given resource ID isn't found.
04-17 11:39:47.092  2437  2859 W HWUI    : Image decoding logging dropped!
04-17 11:39:47.096  2437  2859 W HWUI    : Image decoding logging dropped!
04-17 11:39:47.167  1641  2749 W ActivityManager: Foreground service started from background can not have location/camera/microphone access: service org.torproject.android/.service.OrbotService
04-17 11:39:47.180  2437  2482 V WindowManagerShell: Transition animation finished (aborted=false), notifying core (#37) android.os.BinderProxy@32fce77@0
04-17 11:39:47.182  1641  1751 V WindowManager: Finish Transition (#37): created at 04-17 11:39:46.801 collect-started=0.248ms request-sent=16.997ms started=19.328ms ready=31.861ms sent=74.539ms finished=380.572ms
04-17 11:39:47.183  4580  4580 D VRI[QuickstepLauncher]: visibilityChanged oldVisibility=true newVisibility=false
04-17 11:39:47.183  2771  2771 D VRI[QuickstepLauncher]: visibilityChanged oldVisibility=true newVisibility=false
04-17 11:39:47.184  2437  2482 V WindowManagerShell: Track 0 became idle
04-17 11:39:47.185  2437  2482 V WindowManagerShell: All active transition animations finished
04-17 11:39:47.185  1641  2749 W UserManagerService: Requested status bar icon for non-badged user 0
04-17 11:39:47.186  1641  2749 W UserManagerService: Requested status bar icon for non-badged user 0
04-17 11:39:47.325  1641  2749 D CoreBackPreview: Window{bd0a4d8 u0 org.pihole.android/org.pihole.android.MainActivity}: Setting back callback OnBackInvokedCallbackInfo{mCallback=android.window.IOnBackInvokedCallback$Stub$Proxy@1223f8f, mPriority=0, mIsAnimationCallback=false, mOverrideBehavior=0}
04-17 11:39:47.409  1094  3015 I vendor.qti.bluetooth@1.0-ibs_handler: ProcessIbsCmd: Received IBS_WAKE_IND: 0xFD
04-17 11:39:47.409  1094  3015 D vendor.qti.bluetooth@1.0-ibs_handler: SerialClockVote: vote for UART CLK ON
04-17 11:39:47.409  1094  3015 D vendor.qti.bluetooth@1.0-wake_lock: Acquire wakelock is acquired 
04-17 11:39:47.409  1094  3015 I vendor.qti.bluetooth@1.0-ibs_handler: ProcessIbsCmd: Writing IBS_WAKE_ACK
04-17 11:39:47.416  2437  2859 W HWUI    : Image decoding logging dropped!
04-17 11:39:47.419  2437  2859 W HWUI    : Image decoding logging dropped!
04-17 11:39:47.431     0     0 I FG      : fg_battery_soc_smooth_tracking: soc:100, last_soc:100, raw_soc:100, soc_changed:1.
04-17 11:39:47.431     0     0 I FG      : soc_monitor_work: soc:100, raw_soc:100, c:10253, s:4
04-17 11:39:47.487  1094  3015 I vendor.qti.bluetooth@1.0-ibs_handler: ProcessIbsCmd: Received IBS_SLEEP_IND: 0xFE
04-17 11:39:47.487  1094  3015 D vendor.qti.bluetooth@1.0-ibs_handler: SerialClockVote: vote for UART CLK OFF
04-17 11:39:47.582 23319 23319 W .pihole.android: Method boolean androidx.compose.runtime.snapshots.SnapshotStateList.conditionalUpdate(boolean, kotlin.jvm.functions.Function1) failed lock verification and will run slower.
04-17 11:39:47.582 23319 23319 W .pihole.android: Common causes for lock verification issues are non-optimized dex code
04-17 11:39:47.582 23319 23319 W .pihole.android: and incorrect proguard optimizations.
04-17 11:39:47.582 23319 23319 W .pihole.android: Method boolean androidx.compose.runtime.snapshots.SnapshotStateList.conditionalUpdate$default(androidx.compose.runtime.snapshots.SnapshotStateList, boolean, kotlin.jvm.functions.Function1, int, java.lang.Object) failed lock verification and will run slower.
04-17 11:39:47.582 23319 23319 W .pihole.android: Method java.lang.Object androidx.compose.runtime.snapshots.SnapshotStateList.mutate(kotlin.jvm.functions.Function1) failed lock verification and will run slower.
04-17 11:39:47.582 23319 23319 W .pihole.android: Method void androidx.compose.runtime.snapshots.SnapshotStateList.update(boolean, kotlin.jvm.functions.Function1) failed lock verification and will run slower.
04-17 11:39:47.582 23319 23319 W .pihole.android: Method void androidx.compose.runtime.snapshots.SnapshotStateList.update$default(androidx.compose.runtime.snapshots.SnapshotStateList, boolean, kotlin.jvm.functions.Function1, int, java.lang.Object) failed lock verification and will run slower.
04-17 11:39:47.637  1094  2888 D vendor.qti.bluetooth@1.0-wake_lock: Release wakelock is released 
04-17 11:39:47.859 23319 23349 I AdrenoGLES-0: QUALCOMM build                   : 95db91f, Ifbc588260a
04-17 11:39:47.859 23319 23349 I AdrenoGLES-0: Build Date                       : 09/24/20
04-17 11:39:47.859 23319 23349 I AdrenoGLES-0: OpenGL ES Shader Compiler Version: EV031.32.02.01
04-17 11:39:47.859 23319 23349 I AdrenoGLES-0: Local Branch                     : mybrancheafe5b6d-fb5b-f1b0-b904-5cb90179c3e0
04-17 11:39:47.859 23319 23349 I AdrenoGLES-0: Remote Branch                    : quic/gfx-adreno.lnx.1.0.r114-rel
04-17 11:39:47.859 23319 23349 I AdrenoGLES-0: Remote Branch                    : NONE
04-17 11:39:47.859 23319 23349 I AdrenoGLES-0: Reconstruct Branch               : NOTHING
04-17 11:39:47.859 23319 23349 I AdrenoGLES-0: Build Config                     : S P 10.0.7 AArch64
04-17 11:39:47.859 23319 23349 I AdrenoGLES-0: Driver Path                      : /vendor/lib64/egl/libGLESv2_adreno.so
04-17 11:39:47.871 23319 23349 I AdrenoGLES-0: PFP: 0x016ee190, ME: 0x00000000
04-17 11:39:47.883  1182  1239 E HWComposer: getSupportedContentTypes: getSupportedContentTypes failed for display 4630946693002713985: UNSUPPORTED (8)
04-17 11:39:47.885  1641  2328 E WifiStaIfaceAidlImpl: getCachedScanData failed with service-specific exception: android.os.ServiceSpecificException:  (code 4)
04-17 11:39:47.889     0     0 I servicemanager: Caller(pid=23319,uid=10461,sid=u:r:untrusted_app:s0:c205,c257,c512,c768) Could not find android.hardware.graphics.allocator.IAllocator/default in the VINTF manifest. No alternative instances declared in VINTF.
04-17 11:39:47.891     0     0 I binder  : 23319:23382 ioctl 40046210 7c09894094 returned -22
04-17 11:39:47.892   670   670 I hwservicemanager: getTransport: Cannot find entry android.hardware.graphics.mapper@4.0::IMapper/default in either framework or device VINTF manifest.
04-17 11:39:47.893 23319 23382 I Gralloc4: mapper 4.x is not supported
04-17 11:39:47.893   670   670 I hwservicemanager: getTransport: Cannot find entry android.hardware.graphics.mapper@3.0::IMapper/default in either framework or device VINTF manifest.
04-17 11:39:47.893 23319 23382 W Gralloc3: mapper 3.x is not supported
04-17 11:39:47.901 23319 23382 I Gralloc2: Adding additional valid usage bits: 0x8202000
04-17 11:39:48.041  1641  1751 W ziparchive: Unable to open '/data/app/~~YYKzkKLt419pacFwCZ9pOw==/org.pihole.android-386Pb3cfYA7Q03RNhaWZ4g==/base.dm': No such file or directory
04-17 11:39:48.044  1641  1751 I ActivityTaskManager: Displayed org.pihole.android/.MainActivity for user 0: +1s245ms
04-17 11:39:48.059 23319 23328 I HWUI    : Davey! duration=1057ms; Flags=1, FrameTimelineVsyncId=2703630, IntendedVsync=40859549014044, Vsync=40859549014044, InputEventId=0, HandleInputStart=40859549846130, AnimationStart=40859549850557, PerformTraversalsStart=40859549852692, DrawStart=40860495885921, FrameDeadline=40859565680710, FrameInterval=40859549835557, FrameStartTime=18028763, SyncQueued=40860541019306, SyncStart=40860541199463, IssueDrawCommandsStart=40860541757223, SwapBuffers=40860603749515, FrameCompleted=40860606872067, DequeueBufferDuration=24063, QueueBufferDuration=378542, GpuCompleted=40860606872067, SwapBuffersCompleted=40860604794671, DisplayPresentTime=0, CommandSubmissionCompleted=40860603749515, 
04-17 11:39:48.069  3155  3155 W LocaleConfig: Failed to parse XML configuration from m3_button_group_child_size_change
04-17 11:39:48.069  3155  3155 W LocaleConfig: org.xmlpull.v1.XmlPullParserException: Unexpected start tag: found selector, expected locale-config
04-17 11:39:48.069  3155  3155 W LocaleConfig: 	at com.android.internal.util.XmlUtils.beginDocument(XmlUtils.java:1701)
04-17 11:39:48.069  3155  3155 W LocaleConfig: 	at android.app.LocaleConfig.parseLocaleConfig(LocaleConfig.java:204)
04-17 11:39:48.069  3155  3155 W LocaleConfig: 	at android.app.LocaleConfig.<init>(LocaleConfig.java:156)
04-17 11:39:48.069  3155  3155 W LocaleConfig: 	at android.app.LocaleConfig.fromContextIgnoringOverride(LocaleConfig.java:126)
04-17 11:39:48.069  3155  3155 W LocaleConfig: 	at android.app.ContextImpl.setResources(ContextImpl.java:3672)
04-17 11:39:48.069  3155  3155 W LocaleConfig: 	at android.app.ContextImpl.<init>(ContextImpl.java:3599)
04-17 11:39:48.069  3155  3155 W LocaleConfig: 	at android.app.ContextImpl.createApplicationContextAsUser(ContextImpl.java:2777)
04-17 11:39:48.069  3155  3155 W LocaleConfig: 	at android.app.ContextImpl.createApplicationContext(ContextImpl.java:2768)
04-17 11:39:48.069  3155  3155 W LocaleConfig: 	at android.content.ContextWrapper.createApplicationContext(ContextWrapper.java:1139)
04-17 11:39:48.069  3155  3155 W LocaleConfig: 	at android.app.Notification$Builder.recoverBuilder(Notification.java:7334)
04-17 11:39:48.069  3155  3155 W LocaleConfig: 	at android.ext.services.notification.NotificationEntry.<init>(go/retraceme a2165b383c7c7fbaaea02ced6998daf6ddee28de03c5f1acadd6984f59cff960:40)
04-17 11:39:48.069  3155  3155 W LocaleConfig: 	at android.ext.services.notification.Assistant.onNotificationPosted(go/retraceme a2165b383c7c7fbaaea02ced6998daf6ddee28de03c5f1acadd6984f59cff960:75)
04-17 11:39:48.069  3155  3155 W LocaleConfig: 	at android.service.notification.NotificationListenerService$MyHandler.handleMessage(NotificationListenerService.java:2476)
04-17 11:39:48.069  3155  3155 W LocaleConfig: 	at android.os.Handler.dispatchMessage(Handler.java:109)
04-17 11:39:48.069  3155  3155 W LocaleConfig: 	at android.os.Looper.loopOnce(Looper.java:232)
04-17 11:39:48.069  3155  3155 W LocaleConfig: 	at android.os.Looper.loop(Looper.java:317)
04-17 11:39:48.069  3155  3155 W LocaleConfig: 	at android.app.ActivityThread.main(ActivityThread.java:8934)
04-17 11:39:48.069  3155  3155 W LocaleConfig: 	at java.lang.reflect.Method.invoke(Native Method)
04-17 11:39:48.069  3155  3155 W LocaleConfig: 	at com.android.internal.os.RuntimeInit$MethodAndArgsCaller.run(RuntimeInit.java:591)
04-17 11:39:48.069  3155  3155 W LocaleConfig: 	at com.android.internal.os.ZygoteInit.main(ZygoteInit.java:911)
04-17 11:39:48.084  2437  2859 E ndroid.systemui: Resource 7f140000 is a complex map type.
04-17 11:39:48.085  2437  2859 W LocaleConfig: The resource file pointed to by the given resource ID isn't found.
04-17 11:39:48.085  2437  2859 E ndroid.systemui: Resource 7f140000 is a complex map type.
04-17 11:39:48.085  2437  2859 W LocaleConfig: The resource file pointed to by the given resource ID isn't found.
04-17 11:39:48.095 23319 23319 I Choreographer: Skipped 58 frames!  The application may be doing too much work on its main thread.
04-17 11:39:48.097  2437  2859 W HWUI    : Image decoding logging dropped!
04-17 11:39:48.100  2437  2859 W HWUI    : Image decoding logging dropped!
04-17 11:39:48.149 23319 23331 I HWUI    : Davey! duration=1101ms; Flags=0, FrameTimelineVsyncId=2703681, IntendedVsync=40859603144302, Vsync=40860648824330, InputEventId=0, HandleInputStart=40860664756077, AnimationStart=40860664759150, PerformTraversalsStart=40860696316702, DrawStart=40860696433108, FrameDeadline=40860629377727, FrameInterval=40860664012692, FrameStartTime=18028966, SyncQueued=40860699502900, SyncStart=40860699598890, IssueDrawCommandsStart=40860699715192, SwapBuffers=40860701331077, FrameCompleted=40860704349931, DequeueBufferDuration=15781, QueueBufferDuration=505625, GpuCompleted=40860704349931, SwapBuffersCompleted=40860702512900, DisplayPresentTime=0, CommandSubmissionCompleted=40860701331077, 
04-17 11:39:48.150  1641  2208 I ImeTracker: org.pihole.android:fe0cbbd8: onRequestHide at ORIGIN_SERVER reason HIDE_UNSPECIFIED_WINDOW fromUser false
04-17 11:39:48.168  1641 23074 W ActivityManager: Foreground service started from background can not have location/camera/microphone access: service org.torproject.android/.service.OrbotService
04-17 11:39:48.176  3082  4327 I FontLog : Received query Noto Color Emoji Compat, URI content://com.google.android.gms.fonts [CONTEXT service_id=132 ]
04-17 11:39:48.177  3082  4327 I FontLog : Query [emojicompat-emoji-font] resolved to {Noto Color Emoji Compat, wdth 100.0, wght 400, ital 0.0, bestEffort false}, isVf false} [CONTEXT service_id=132 ]
04-17 11:39:48.190  3082  4327 I FontLog : Fetch {Noto Color Emoji Compat, wdth 100.0, wght 400, ital 0.0, bestEffort false}, isVf false} end status Status{statusCode=SUCCESS, resolution=null} [CONTEXT service_id=132 ]
04-17 11:39:48.198  3082  4327 I FontLog : Pulling font file for id = 34, cache size = 8 [CONTEXT service_id=132 ]
04-17 11:39:48.216  3082  4327 I FontLog : Pulling font file for id = 34, cache size = 8 [CONTEXT service_id=132 ]
04-17 11:39:48.412  2437  2859 W HWUI    : Image decoding logging dropped!
04-17 11:39:48.416  2437  2859 W HWUI    : Image decoding logging dropped!
04-17 11:39:48.416 23319 23319 D InsetsController: hide(ime(), fromIme=false)
04-17 11:39:48.416 23319 23319 I ImeTracker: org.pihole.android:fe0cbbd8: onCancelled at PHASE_CLIENT_ALREADY_HIDDEN
04-17 11:39:48.417   950   950 I netd    : tetherGetStats() -> {[]} <2.83ms>
04-17 11:39:48.424 23319 23390 D ProfileInstaller: Installing profile for org.pihole.android
04-17 11:39:48.469  2437  2513 W WindowOnBackDispatcher: sendCancelIfRunning: isInProgress=false callback=android.view.ViewRootImpl$$ExternalSyntheticLambda13@cecfb7b
04-17 11:39:48.470  1641 23074 D CoreBackPreview: Window{aa18e u0 Splash Screen org.pihole.android EXITING}: Setting back callback null
04-17 11:39:48.475  2771  2771 D BaseDepthController: setSurface:
04-17 11:39:48.475  2771  2771 D BaseDepthController: 	mWaitingOnSurfaceValidity: false
04-17 11:39:48.475  2771  2771 D BaseDepthController: 	mSurface: null
04-17 11:39:48.476  2771  2771 D StateManager: goToState - fromState: Normal, toState: Normal, partial trace:
04-17 11:39:48.476  2771  2771 D StateManager: 	at com.android.launcher3.statemanager.StateManager.moveToRestState(StateManager.java:465)
04-17 11:39:48.476  2771  2771 D StateManager: 	at com.android.launcher3.statemanager.StateManager.moveToRestState(StateManager.java:456)
04-17 11:39:48.476  2771  2771 D StateManager: 	at com.android.launcher3.statemanager.StatefulActivity.onStop(StatefulActivity.java:136)
04-17 11:39:48.480  2771  2771 D StatsLog: LAUNCHER_ONSTOP
04-17 11:39:48.481  1641 23074 I AppWidgetServiceImpl: setAppWidgetHidden() 0
04-17 11:39:48.481  4580  4580 I bvhy    : onStop
04-17 11:39:48.497  1641  2377 D BackgroundInstallControlService: Package event received: 0
04-17 11:39:48.502  3897 23073 D ForegroundUtils: Foreground UID status:
04-17 11:39:48.502  3897 23073 D ForegroundUtils: UID: 10024 is in foreground: false
04-17 11:39:48.502  3897 23073 D ForegroundUtils: UID: 10150 is in foreground: false
04-17 11:39:48.502  3897 23073 D ForegroundUtils: UID: 10161 is in foreground: true
04-17 11:39:48.502  3897 23073 D ForegroundUtils: UID: 10175 is in foreground: true
04-17 11:39:48.502  3897 23073 D ForegroundUtils: UID: 10461 is in foreground: true
04-17 11:39:48.502  3897 23073 D ForegroundUtils: UID: 1010175 is in foreground: true
04-17 11:39:48.502  3897 23073 D ForegroundUtils: UID: 1010197 is in foreground: false
04-17 11:39:48.519  2437  2513 W FrameTracker: Missing SF jank callback for vsyncId: 2704004, CUJ=J<SPLASHSCREEN_EXIT_ANIM>
04-17 11:39:48.519  2437  2513 W FrameTracker: Missing SF jank callback for vsyncId: 2704013, CUJ=J<SPLASHSCREEN_EXIT_ANIM>
04-17 11:39:48.519  2437  2513 W FrameTracker: Missing SF jank callback for vsyncId: 2704024, CUJ=J<SPLASHSCREEN_EXIT_ANIM>
04-17 11:39:48.519  2437  2513 W FrameTracker: Missing SF jank callback for vsyncId: 2704039, CUJ=J<SPLASHSCREEN_EXIT_ANIM>
04-17 11:39:48.519  2437  2513 W FrameTracker: Missing SF jank callback for vsyncId: 2704098, CUJ=J<SPLASHSCREEN_EXIT_ANIM>
04-17 11:39:48.519  2437  2513 W FrameTracker: Missing SF jank callback for vsyncId: 2704120, CUJ=J<SPLASHSCREEN_EXIT_ANIM>
04-17 11:39:48.519  2437  2513 W FrameTracker: Missing SF jank callback for vsyncId: 2704134, CUJ=J<SPLASHSCREEN_EXIT_ANIM>
04-17 11:39:48.519  2437  2513 W FrameTracker: Missing SF jank callback for vsyncId: 2704147, CUJ=J<SPLASHSCREEN_EXIT_ANIM>
04-17 11:39:48.519  2437  2513 W FrameTracker: Missing SF jank callback for vsyncId: 2704166, CUJ=J<SPLASHSCREEN_EXIT_ANIM>
04-17 11:39:48.520  2437  2513 W FrameTracker: Missing SF jank callback for vsyncId: 2704173, CUJ=J<SPLASHSCREEN_EXIT_ANIM>
04-17 11:39:48.520  2437  2513 W FrameTracker: Missing SF jank callback for vsyncId: 2704180, CUJ=J<SPLASHSCREEN_EXIT_ANIM>
04-17 11:39:48.520  2437  2513 W FrameTracker: Missing SF jank callback for vsyncId: 2704187, CUJ=J<SPLASHSCREEN_EXIT_ANIM>
04-17 11:39:48.520  2437  2513 W FrameTracker: Missing SF jank callback for vsyncId: 2704194, CUJ=J<SPLASHSCREEN_EXIT_ANIM>
04-17 11:39:48.520  2437  2513 W FrameTracker: Missing SF jank callback for vsyncId: 2704201, CUJ=J<SPLASHSCREEN_EXIT_ANIM>
04-17 11:39:48.520  2437  2513 W FrameTracker: Missing SF jank callback for vsyncId: 2704208, CUJ=J<SPLASHSCREEN_EXIT_ANIM>
04-17 11:39:48.520  2437  2513 W FrameTracker: Missing SF jank callback for vsyncId: 2704215, CUJ=J<SPLASHSCREEN_EXIT_ANIM>
04-17 11:39:48.814  1094  3015 I vendor.qti.bluetooth@1.0-ibs_handler: ProcessIbsCmd: Received IBS_WAKE_IND: 0xFD
04-17 11:39:48.815  1094  3015 D vendor.qti.bluetooth@1.0-ibs_handler: SerialClockVote: vote for UART CLK ON
04-17 11:39:48.815  1094  3015 D vendor.qti.bluetooth@1.0-wake_lock: Acquire wakelock is acquired 
04-17 11:39:48.815  1094  3015 I vendor.qti.bluetooth@1.0-ibs_handler: ProcessIbsCmd: Writing IBS_WAKE_ACK
04-17 11:39:48.856  1094  3015 I vendor.qti.bluetooth@1.0-ibs_handler: ProcessIbsCmd: Received IBS_SLEEP_IND: 0xFE
04-17 11:39:48.856  1094  3015 D vendor.qti.bluetooth@1.0-ibs_handler: SerialClockVote: vote for UART CLK OFF
04-17 11:39:48.897  4580  4589 W chbox:googleapp: Reducing the number of considered missed Gc histogram windows from 478 to 100
04-17 11:39:48.926  7071  7071 W tor     : type=1400 audit(0.0:6498): avc:  denied  { ioctl } for  path="socket:[145709]" dev="sockfs" ino=145709 ioctlcmd=0x894b scontext=u:r:untrusted_app:s0:c170,c256,c512,c768 tcontext=u:r:untrusted_app:s0:c170,c256,c512,c768 tclass=tcp_socket permissive=0 app=org.torproject.android
04-17 11:39:49.007  1094  2888 D vendor.qti.bluetooth@1.0-wake_lock: Release wakelock is released 
04-17 11:39:49.009     0     0 I         : process 3208 (FinalizerWatchd) no longer affine to cpu3
04-17 11:39:49.097  3155  3155 W LocaleConfig: Failed to parse XML configuration from m3_button_group_child_size_change
04-17 11:39:49.097  3155  3155 W LocaleConfig: org.xmlpull.v1.XmlPullParserException: Unexpected start tag: found selector, expected locale-config
04-17 11:39:49.097  3155  3155 W LocaleConfig: 	at com.android.internal.util.XmlUtils.beginDocument(XmlUtils.java:1701)
04-17 11:39:49.097  3155  3155 W LocaleConfig: 	at android.app.LocaleConfig.parseLocaleConfig(LocaleConfig.java:204)
04-17 11:39:49.097  3155  3155 W LocaleConfig: 	at android.app.LocaleConfig.<init>(LocaleConfig.java:156)
04-17 11:39:49.097  3155  3155 W LocaleConfig: 	at android.app.LocaleConfig.fromContextIgnoringOverride(LocaleConfig.java:126)
04-17 11:39:49.097  3155  3155 W LocaleConfig: 	at android.app.ContextImpl.setResources(ContextImpl.java:3672)
04-17 11:39:49.097  3155  3155 W LocaleConfig: 	at android.app.ContextImpl.<init>(ContextImpl.java:3599)
04-17 11:39:49.097  3155  3155 W LocaleConfig: 	at android.app.ContextImpl.createApplicationContextAsUser(ContextImpl.java:2777)
04-17 11:39:49.097  3155  3155 W LocaleConfig: 	at android.app.ContextImpl.createApplicationContext(ContextImpl.java:2768)
04-17 11:39:49.097  3155  3155 W LocaleConfig: 	at android.content.ContextWrapper.createApplicationContext(ContextWrapper.java:1139)
04-17 11:39:49.097  3155  3155 W LocaleConfig: 	at android.app.Notification$Builder.recoverBuilder(Notification.java:7334)
04-17 11:39:49.097  3155  3155 W LocaleConfig: 	at android.ext.services.notification.NotificationEntry.<init>(go/retraceme a2165b383c7c7fbaaea02ced6998daf6ddee28de03c5f1acadd6984f59cff960:40)
04-17 11:39:49.097  3155  3155 W LocaleConfig: 	at android.ext.services.notification.Assistant.onNotificationPosted(go/retraceme a2165b383c7c7fbaaea02ced6998daf6ddee28de03c5f1acadd6984f59cff960:75)
04-17 11:39:49.097  3155  3155 W LocaleConfig: 	at android.service.notification.NotificationListenerService$MyHandler.handleMessage(NotificationListenerService.java:2476)
04-17 11:39:49.097  3155  3155 W LocaleConfig: 	at android.os.Handler.dispatchMessage(Handler.java:109)
04-17 11:39:49.097  3155  3155 W LocaleConfig: 	at android.os.Looper.loopOnce(Looper.java:232)
04-17 11:39:49.097  3155  3155 W LocaleConfig: 	at android.os.Looper.loop(Looper.java:317)
04-17 11:39:49.097  3155  3155 W LocaleConfig: 	at android.app.ActivityThread.main(ActivityThread.java:8934)
04-17 11:39:49.097  3155  3155 W LocaleConfig: 	at java.lang.reflect.Method.invoke(Native Method)
04-17 11:39:49.097  3155  3155 W LocaleConfig: 	at com.android.internal.os.RuntimeInit$MethodAndArgsCaller.run(RuntimeInit.java:591)
04-17 11:39:49.097  3155  3155 W LocaleConfig: 	at com.android.internal.os.ZygoteInit.main(ZygoteInit.java:911)
04-17 11:39:49.127  2437  2859 E ndroid.systemui: Resource 7f140000 is a complex map type.
04-17 11:39:49.128  2437  2859 W LocaleConfig: The resource file pointed to by the given resource ID isn't found.
04-17 11:39:49.129  2437  2859 E ndroid.systemui: Resource 7f140000 is a complex map type.
04-17 11:39:49.130  2437  2859 W LocaleConfig: The resource file pointed to by the given resource ID isn't found.
04-17 11:39:49.141  2437  2859 W HWUI    : Image decoding logging dropped!
04-17 11:39:49.149  2437  2859 W HWUI    : Image decoding logging dropped!
04-17 11:39:49.175  1641 19372 W ActivityManager: Foreground service started from background can not have location/camera/microphone access: service org.torproject.android/.service.OrbotService
04-17 11:39:49.199     0     0 I         : process 5215 (RenderThread) no longer affine to cpu2
04-17 11:39:49.441  2437  2859 W HWUI    : Image decoding logging dropped!
04-17 11:39:49.448  2437  2859 W HWUI    : Image decoding logging dropped!
04-17 11:39:49.704     0     0 I         : process 4580 (chbox:googleapp) no longer affine to cpu4
04-17 11:39:49.851  1641  5204 E TaskPersister: File error accessing recents directory (directory doesn't exist?).
04-17 11:39:50.100  3155  3155 W LocaleConfig: Failed to parse XML configuration from m3_button_group_child_size_change
04-17 11:39:50.100  3155  3155 W LocaleConfig: org.xmlpull.v1.XmlPullParserException: Unexpected start tag: found selector, expected locale-config
04-17 11:39:50.100  3155  3155 W LocaleConfig: 	at com.android.internal.util.XmlUtils.beginDocument(XmlUtils.java:1701)
04-17 11:39:50.100  3155  3155 W LocaleConfig: 	at android.app.LocaleConfig.parseLocaleConfig(LocaleConfig.java:204)
04-17 11:39:50.100  3155  3155 W LocaleConfig: 	at android.app.LocaleConfig.<init>(LocaleConfig.java:156)
04-17 11:39:50.100  3155  3155 W LocaleConfig: 	at android.app.LocaleConfig.fromContextIgnoringOverride(LocaleConfig.java:126)
04-17 11:39:50.100  3155  3155 W LocaleConfig: 	at android.app.ContextImpl.setResources(ContextImpl.java:3672)
04-17 11:39:50.100  3155  3155 W LocaleConfig: 	at android.app.ContextImpl.<init>(ContextImpl.java:3599)
04-17 11:39:50.100  3155  3155 W LocaleConfig: 	at android.app.ContextImpl.createApplicationContextAsUser(ContextImpl.java:2777)
04-17 11:39:50.100  3155  3155 W LocaleConfig: 	at android.app.ContextImpl.createApplicationContext(ContextImpl.java:2768)
04-17 11:39:50.100  3155  3155 W LocaleConfig: 	at android.content.ContextWrapper.createApplicationContext(ContextWrapper.java:1139)
04-17 11:39:50.100  3155  3155 W LocaleConfig: 	at android.app.Notification$Builder.recoverBuilder(Notification.java:7334)
04-17 11:39:50.100  3155  3155 W LocaleConfig: 	at android.ext.services.notification.NotificationEntry.<init>(go/retraceme a2165b383c7c7fbaaea02ced6998daf6ddee28de03c5f1acadd6984f59cff960:40)
04-17 11:39:50.100  3155  3155 W LocaleConfig: 	at android.ext.services.notification.Assistant.onNotificationPosted(go/retraceme a2165b383c7c7fbaaea02ced6998daf6ddee28de03c5f1acadd6984f59cff960:75)
04-17 11:39:50.100  3155  3155 W LocaleConfig: 	at android.service.notification.NotificationListenerService$MyHandler.handleMessage(NotificationListenerService.java:2476)
04-17 11:39:50.100  3155  3155 W LocaleConfig: 	at android.os.Handler.dispatchMessage(Handler.java:109)
04-17 11:39:50.100  3155  3155 W LocaleConfig: 	at android.os.Looper.loopOnce(Looper.java:232)
04-17 11:39:50.100  3155  3155 W LocaleConfig: 	at android.os.Looper.loop(Looper.java:317)
04-17 11:39:50.100  3155  3155 W LocaleConfig: 	at android.app.ActivityThread.main(ActivityThread.java:8934)
04-17 11:39:50.100  3155  3155 W LocaleConfig: 	at java.lang.reflect.Method.invoke(Native Method)
04-17 11:39:50.100  3155  3155 W LocaleConfig: 	at com.android.internal.os.RuntimeInit$MethodAndArgsCaller.run(RuntimeInit.java:591)
04-17 11:39:50.100  3155  3155 W LocaleConfig: 	at com.android.internal.os.ZygoteInit.main(ZygoteInit.java:911)
04-17 11:39:50.114  2437  2859 E ndroid.systemui: Resource 7f140000 is a complex map type.
04-17 11:39:50.115  2437  2859 W LocaleConfig: The resource file pointed to by the given resource ID isn't found.
04-17 11:39:50.116  2437  2859 E ndroid.systemui: Resource 7f140000 is a complex map type.
04-17 11:39:50.116  2437  2859 W LocaleConfig: The resource file pointed to by the given resource ID isn't found.
04-17 11:39:50.127  2437  2859 W HWUI    : Image decoding logging dropped!
04-17 11:39:50.133  2437  2859 W HWUI    : Image decoding logging dropped!
04-17 11:39:50.177  1641 19372 W ActivityManager: Foreground service started from background can not have location/camera/microphone access: service org.torproject.android/.service.OrbotService
04-17 11:39:50.457  2437  2859 W HWUI    : Image decoding logging dropped!
04-17 11:39:50.464  2437  2859 W HWUI    : Image decoding logging dropped!
04-17 11:39:50.574  1094  3015 I vendor.qti.bluetooth@1.0-ibs_handler: ProcessIbsCmd: Received IBS_WAKE_IND: 0xFD
04-17 11:39:50.574  1094  3015 D vendor.qti.bluetooth@1.0-ibs_handler: SerialClockVote: vote for UART CLK ON
04-17 11:39:50.577  1094  3015 D vendor.qti.bluetooth@1.0-wake_lock: Acquire wakelock is acquired 
04-17 11:39:50.577  1094  3015 I vendor.qti.bluetooth@1.0-ibs_handler: ProcessIbsCmd: Writing IBS_WAKE_ACK
04-17 11:39:50.623  1094  3015 I vendor.qti.bluetooth@1.0-ibs_handler: ProcessIbsCmd: Received IBS_SLEEP_IND: 0xFE
04-17 11:39:50.623  1094  3015 D vendor.qti.bluetooth@1.0-ibs_handler: SerialClockVote: vote for UART CLK OFF
04-17 11:39:50.774  1094  2888 D vendor.qti.bluetooth@1.0-wake_lock: Release wakelock is released 
04-17 11:39:50.894 13533 13550 I Finsky:quick_launch: [306] Stats for Executor: bgExecutor vgn@fc88d63[Running, pool size = 4, active threads = 0, queued tasks = 0, completed tasks = 26]
04-17 11:39:50.895 13533 13550 I Finsky:quick_launch: [306] Stats for Executor: LightweightExecutor vgn@10a8d60[Running, pool size = 4, active threads = 0, queued tasks = 0, completed tasks = 9]
04-17 11:39:50.902  1641  2328 E WifiStaIfaceAidlImpl: getCachedScanData failed with service-specific exception: android.os.ServiceSpecificException:  (code 4)
04-17 11:39:50.900     0     0 I         : process 4593 (FinalizerWatchd) no longer affine to cpu4
04-17 11:39:51.115  3155  3155 W LocaleConfig: Failed to parse XML configuration from m3_button_group_child_size_change
04-17 11:39:51.115  3155  3155 W LocaleConfig: org.xmlpull.v1.XmlPullParserException: Unexpected start tag: found selector, expected locale-config
04-17 11:39:51.115  3155  3155 W LocaleConfig: 	at com.android.internal.util.XmlUtils.beginDocument(XmlUtils.java:1701)
04-17 11:39:51.115  3155  3155 W LocaleConfig: 	at android.app.LocaleConfig.parseLocaleConfig(LocaleConfig.java:204)
04-17 11:39:51.115  3155  3155 W LocaleConfig: 	at android.app.LocaleConfig.<init>(LocaleConfig.java:156)
04-17 11:39:51.115  3155  3155 W LocaleConfig: 	at android.app.LocaleConfig.fromContextIgnoringOverride(LocaleConfig.java:126)
04-17 11:39:51.115  3155  3155 W LocaleConfig: 	at android.app.ContextImpl.setResources(ContextImpl.java:3672)
04-17 11:39:51.115  3155  3155 W LocaleConfig: 	at android.app.ContextImpl.<init>(ContextImpl.java:3599)
04-17 11:39:51.115  3155  3155 W LocaleConfig: 	at android.app.ContextImpl.createApplicationContextAsUser(ContextImpl.java:2777)
04-17 11:39:51.115  3155  3155 W LocaleConfig: 	at android.app.ContextImpl.createApplicationContext(ContextImpl.java:2768)
04-17 11:39:51.115  3155  3155 W LocaleConfig: 	at android.content.ContextWrapper.createApplicationContext(ContextWrapper.java:1139)
04-17 11:39:51.115  3155  3155 W LocaleConfig: 	at android.app.Notification$Builder.recoverBuilder(Notification.java:7334)
04-17 11:39:51.115  3155  3155 W LocaleConfig: 	at android.ext.services.notification.NotificationEntry.<init>(go/retraceme a2165b383c7c7fbaaea02ced6998daf6ddee28de03c5f1acadd6984f59cff960:40)
04-17 11:39:51.115  3155  3155 W LocaleConfig: 	at android.ext.services.notification.Assistant.onNotificationPosted(go/retraceme a2165b383c7c7fbaaea02ced6998daf6ddee28de03c5f1acadd6984f59cff960:75)
04-17 11:39:51.115  3155  3155 W LocaleConfig: 	at android.service.notification.NotificationListenerService$MyHandler.handleMessage(NotificationListenerService.java:2476)
04-17 11:39:51.115  3155  3155 W LocaleConfig: 	at android.os.Handler.dispatchMessage(Handler.java:109)
04-17 11:39:51.115  3155  3155 W LocaleConfig: 	at android.os.Looper.loopOnce(Looper.java:232)
04-17 11:39:51.115  3155  3155 W LocaleConfig: 	at android.os.Looper.loop(Looper.java:317)
04-17 11:39:51.115  3155  3155 W LocaleConfig: 	at android.app.ActivityThread.main(ActivityThread.java:8934)
04-17 11:39:51.115  3155  3155 W LocaleConfig: 	at java.lang.reflect.Method.invoke(Native Method)
04-17 11:39:51.115  3155  3155 W LocaleConfig: 	at com.android.internal.os.RuntimeInit$MethodAndArgsCaller.run(RuntimeInit.java:591)
04-17 11:39:51.115  3155  3155 W LocaleConfig: 	at com.android.internal.os.ZygoteInit.main(ZygoteInit.java:911)
04-17 11:39:51.148  2437  2859 E ndroid.systemui: Resource 7f140000 is a complex map type.
04-17 11:39:51.149  2437  2859 W LocaleConfig: The resource file pointed to by the given resource ID isn't found.
04-17 11:39:51.150  2437  2859 E ndroid.systemui: Resource 7f140000 is a complex map type.
04-17 11:39:51.151  2437  2859 W LocaleConfig: The resource file pointed to by the given resource ID isn't found.
04-17 11:39:51.159  2437  2859 W HWUI    : Image decoding logging dropped!
04-17 11:39:51.166  2437  2859 W HWUI    : Image decoding logging dropped!
04-17 11:39:51.170  1641 19372 W ActivityManager: Foreground service started from background can not have location/camera/microphone access: service org.torproject.android/.service.OrbotService
04-17 11:39:51.446  2437  2859 W HWUI    : Image decoding logging dropped!
04-17 11:39:51.453  2437  2859 W HWUI    : Image decoding logging dropped!
04-17 11:39:51.830     0     0 I         : process 4685 (Scheduler Threa) no longer affine to cpu0
04-17 11:39:51.832     0     0 I         : process 4696 (BG Thread #3) no longer affine to cpu6
04-17 11:39:51.838     0     0 I         : process 4588 (Jit thread pool) no longer affine to cpu5
04-17 11:39:51.871     0     0 I         : process 4689 (GoogleApiHandle) no longer affine to cpu4
04-17 11:39:51.901  1641  2336 D InetDiagMessage: Destroyed 0 sockets, proto=IPPROTO_TCP, family=AF_INET, states=14
04-17 11:39:51.904  1641  2336 D InetDiagMessage: Destroyed 0 sockets, proto=IPPROTO_TCP, family=AF_INET6, states=14
04-17 11:39:51.904  1641  2336 D InetDiagMessage: Destroyed live tcp sockets for uids={10158} in 6ms
04-17 11:39:51.906  1641  2336 D InetDiagMessage: Destroyed 0 sockets, proto=IPPROTO_TCP, family=AF_INET, states=14
04-17 11:39:51.908  1641  2336 D InetDiagMessage: Destroyed 0 sockets, proto=IPPROTO_TCP, family=AF_INET6, states=14
04-17 11:39:51.908  1641  2336 D InetDiagMessage: Destroyed live tcp sockets for uids={20158} in 5ms
04-17 11:39:52.008     0     0 I         : process 3205 (HeapTaskDaemon) no longer affine to cpu1
04-17 11:39:52.103  3155  3155 W LocaleConfig: Failed to parse XML configuration from m3_button_group_child_size_change
04-17 11:39:52.103  3155  3155 W LocaleConfig: org.xmlpull.v1.XmlPullParserException: Unexpected start tag: found selector, expected locale-config
04-17 11:39:52.103  3155  3155 W LocaleConfig: 	at com.android.internal.util.XmlUtils.beginDocument(XmlUtils.java:1701)
04-17 11:39:52.103  3155  3155 W LocaleConfig: 	at android.app.LocaleConfig.parseLocaleConfig(LocaleConfig.java:204)
04-17 11:39:52.103  3155  3155 W LocaleConfig: 	at android.app.LocaleConfig.<init>(LocaleConfig.java:156)
04-17 11:39:52.103  3155  3155 W LocaleConfig: 	at android.app.LocaleConfig.fromContextIgnoringOverride(LocaleConfig.java:126)
04-17 11:39:52.103  3155  3155 W LocaleConfig: 	at android.app.ContextImpl.setResources(ContextImpl.java:3672)
04-17 11:39:52.103  3155  3155 W LocaleConfig: 	at android.app.ContextImpl.<init>(ContextImpl.java:3599)
04-17 11:39:52.103  3155  3155 W LocaleConfig: 	at android.app.ContextImpl.createApplicationContextAsUser(ContextImpl.java:2777)
04-17 11:39:52.103  3155  3155 W LocaleConfig: 	at android.app.ContextImpl.createApplicationContext(ContextImpl.java:2768)
04-17 11:39:52.103  3155  3155 W LocaleConfig: 	at android.content.ContextWrapper.createApplicationContext(ContextWrapper.java:1139)
04-17 11:39:52.103  3155  3155 W LocaleConfig: 	at android.app.Notification$Builder.recoverBuilder(Notification.java:7334)
04-17 11:39:52.103  3155  3155 W LocaleConfig: 	at android.ext.services.notification.NotificationEntry.<init>(go/retraceme a2165b383c7c7fbaaea02ced6998daf6ddee28de03c5f1acadd6984f59cff960:40)
04-17 11:39:52.103  3155  3155 W LocaleConfig: 	at android.ext.services.notification.Assistant.onNotificationPosted(go/retraceme a2165b383c7c7fbaaea02ced6998daf6ddee28de03c5f1acadd6984f59cff960:75)
04-17 11:39:52.103  3155  3155 W LocaleConfig: 	at android.service.notification.NotificationListenerService$MyHandler.handleMessage(NotificationListenerService.java:2476)
04-17 11:39:52.103  3155  3155 W LocaleConfig: 	at android.os.Handler.dispatchMessage(Handler.java:109)
04-17 11:39:52.103  3155  3155 W LocaleConfig: 	at android.os.Looper.loopOnce(Looper.java:232)
04-17 11:39:52.103  3155  3155 W LocaleConfig: 	at android.os.Looper.loop(Looper.java:317)
04-17 11:39:52.103  3155  3155 W LocaleConfig: 	at android.app.ActivityThread.main(ActivityThread.java:8934)
04-17 11:39:52.103  3155  3155 W LocaleConfig: 	at java.lang.reflect.Method.invoke(Native Method)
04-17 11:39:52.103  3155  3155 W LocaleConfig: 	at com.android.internal.os.RuntimeInit$MethodAndArgsCaller.run(RuntimeInit.java:591)
04-17 11:39:52.103  3155  3155 W LocaleConfig: 	at com.android.internal.os.ZygoteInit.main(ZygoteInit.java:911)
04-17 11:39:52.120  2437  2859 E ndroid.systemui: Resource 7f140000 is a complex map type.
04-17 11:39:52.121  2437  2859 W LocaleConfig: The resource file pointed to by the given resource ID isn't found.
04-17 11:39:52.122  2437  2859 E ndroid.systemui: Resource 7f140000 is a complex map type.
04-17 11:39:52.123  2437  2859 W LocaleConfig: The resource file pointed to by the given resource ID isn't found.
04-17 11:39:52.131  2437  2859 W HWUI    : Image decoding logging dropped!
04-17 11:39:52.138  2437  2859 W HWUI    : Image decoding logging dropped!
04-17 11:39:52.177  1641 19372 W ActivityManager: Foreground service started from background can not have location/camera/microphone access: service org.torproject.android/.service.OrbotService
04-17 11:39:52.461  2437  2859 W HWUI    : Image decoding logging dropped!
04-17 11:39:52.468  2437  2859 W HWUI    : Image decoding logging dropped!
04-17 11:39:53.097  1094  3015 I vendor.qti.bluetooth@1.0-ibs_handler: ProcessIbsCmd: Received IBS_WAKE_IND: 0xFD
04-17 11:39:53.098  1094  3015 D vendor.qti.bluetooth@1.0-ibs_handler: SerialClockVote: vote for UART CLK ON
04-17 11:39:53.099  1094  3015 D vendor.qti.bluetooth@1.0-wake_lock: Acquire wakelock is acquired 
04-17 11:39:53.099  1094  3015 I vendor.qti.bluetooth@1.0-ibs_handler: ProcessIbsCmd: Writing IBS_WAKE_ACK
04-17 11:39:53.106  3155  3155 W LocaleConfig: Failed to parse XML configuration from m3_button_group_child_size_change
04-17 11:39:53.106  3155  3155 W LocaleConfig: org.xmlpull.v1.XmlPullParserException: Unexpected start tag: found selector, expected locale-config
04-17 11:39:53.106  3155  3155 W LocaleConfig: 	at com.android.internal.util.XmlUtils.beginDocument(XmlUtils.java:1701)
04-17 11:39:53.106  3155  3155 W LocaleConfig: 	at android.app.LocaleConfig.parseLocaleConfig(LocaleConfig.java:204)
04-17 11:39:53.106  3155  3155 W LocaleConfig: 	at android.app.LocaleConfig.<init>(LocaleConfig.java:156)
04-17 11:39:53.106  3155  3155 W LocaleConfig: 	at android.app.LocaleConfig.fromContextIgnoringOverride(LocaleConfig.java:126)
04-17 11:39:53.106  3155  3155 W LocaleConfig: 	at android.app.ContextImpl.setResources(ContextImpl.java:3672)
04-17 11:39:53.106  3155  3155 W LocaleConfig: 	at android.app.ContextImpl.<init>(ContextImpl.java:3599)
04-17 11:39:53.106  3155  3155 W LocaleConfig: 	at android.app.ContextImpl.createApplicationContextAsUser(ContextImpl.java:2777)
04-17 11:39:53.106  3155  3155 W LocaleConfig: 	at android.app.ContextImpl.createApplicationContext(ContextImpl.java:2768)
04-17 11:39:53.106  3155  3155 W LocaleConfig: 	at android.content.ContextWrapper.createApplicationContext(ContextWrapper.java:1139)
04-17 11:39:53.106  3155  3155 W LocaleConfig: 	at android.app.Notification$Builder.recoverBuilder(Notification.java:7334)
04-17 11:39:53.106  3155  3155 W LocaleConfig: 	at android.ext.services.notification.NotificationEntry.<init>(go/retraceme a2165b383c7c7fbaaea02ced6998daf6ddee28de03c5f1acadd6984f59cff960:40)
04-17 11:39:53.106  3155  3155 W LocaleConfig: 	at android.ext.services.notification.Assistant.onNotificationPosted(go/retraceme a2165b383c7c7fbaaea02ced6998daf6ddee28de03c5f1acadd6984f59cff960:75)
04-17 11:39:53.106  3155  3155 W LocaleConfig: 	at android.service.notification.NotificationListenerService$MyHandler.handleMessage(NotificationListenerService.java:2476)
04-17 11:39:53.106  3155  3155 W LocaleConfig: 	at android.os.Handler.dispatchMessage(Handler.java:109)
04-17 11:39:53.106  3155  3155 W LocaleConfig: 	at android.os.Looper.loopOnce(Looper.java:232)
04-17 11:39:53.106  3155  3155 W LocaleConfig: 	at android.os.Looper.loop(Looper.java:317)
04-17 11:39:53.106  3155  3155 W LocaleConfig: 	at android.app.ActivityThread.main(ActivityThread.java:8934)
04-17 11:39:53.106  3155  3155 W LocaleConfig: 	at java.lang.reflect.Method.invoke(Native Method)
04-17 11:39:53.106  3155  3155 W LocaleConfig: 	at com.android.internal.os.RuntimeInit$MethodAndArgsCaller.run(RuntimeInit.java:591)
04-17 11:39:53.106  3155  3155 W LocaleConfig: 	at com.android.internal.os.ZygoteInit.main(ZygoteInit.java:911)
04-17 11:39:53.131  2437  2859 E ndroid.systemui: Resource 7f140000 is a complex map type.
04-17 11:39:53.131  2437  2859 W LocaleConfig: The resource file pointed to by the given resource ID isn't found.
04-17 11:39:53.133  2437  2859 E ndroid.systemui: Resource 7f140000 is a complex map type.
04-17 11:39:53.133  2437  2859 W LocaleConfig: The resource file pointed to by the given resource ID isn't found.
04-17 11:39:53.141  2437  2859 W HWUI    : Image decoding logging dropped!
04-17 11:39:53.147  1094  3015 I vendor.qti.bluetooth@1.0-ibs_handler: ProcessIbsCmd: Received IBS_SLEEP_IND: 0xFE
04-17 11:39:53.147  1094  3015 D vendor.qti.bluetooth@1.0-ibs_handler: SerialClockVote: vote for UART CLK OFF
04-17 11:39:53.147  2437  2859 W HWUI    : Image decoding logging dropped!
04-17 11:39:53.173  1641 19372 W ActivityManager: Foreground service started from background can not have location/camera/microphone access: service org.torproject.android/.service.OrbotService
04-17 11:39:53.298  1094  2888 D vendor.qti.bluetooth@1.0-wake_lock: Release wakelock is released 
04-17 11:39:53.429  1358  1358 I wificond: Regulatory domain changed to country: GB on wiphy_index: 0
04-17 11:39:53.429  2416  2416 I wpa_supplicant: wlan0: CTRL-EVENT-AVOID-FREQ ranges=5500-5640
04-17 11:39:53.430  1358  1358 I wificond: UpdateBandInfo
04-17 11:39:53.430  2416  2416 I wpa_supplicant: wlan0: CTRL-EVENT-REGDOM-CHANGE init=DRIVER type=COUNTRY alpha2=GB
04-17 11:39:53.432  1115  2411 I WifiHAL : event received NL80211_CMD_VENDOR, vendor_id = 0x1374, subcmd = 0xa
04-17 11:39:53.432  1470  1470 I cnss-daemon: nl80211 response handler invoked
04-17 11:39:53.432  1641 19372 D WifiNl80211Manager: OnRegDomainChanged GB
04-17 11:39:53.432  1358  1358 W wificond: Failed to get NL80211_ATTR_MAX_NUM_AKM_SUITES
04-17 11:39:53.432  1641 19372 D WifiNative: onCountryCodeChanged: GB
04-17 11:39:53.433  1641 19372 I WifiCountryCode: Receive onDriverCountryCodeChanged GB
