04-17 11:40:21.125  3155  3155 W LocaleConfig: 	at android.ext.services.notification.Assistant.onNotificationPosted(go/retraceme a2165b383c7c7fbaaea02ced6998daf6ddee28de03c5f1acadd6984f59cff960:75)
04-17 11:40:21.125  3155  3155 W LocaleConfig: 	at android.service.notification.NotificationListenerService$MyHandler.handleMessage(NotificationListenerService.java:2476)
04-17 11:40:21.125  3155  3155 W LocaleConfig: 	at android.os.Handler.dispatchMessage(Handler.java:109)
04-17 11:40:21.125  3155  3155 W LocaleConfig: 	at android.os.Looper.loopOnce(Looper.java:232)
04-17 11:40:21.125  3155  3155 W LocaleConfig: 	at android.os.Looper.loop(Looper.java:317)
04-17 11:40:21.125  3155  3155 W LocaleConfig: 	at android.app.ActivityThread.main(ActivityThread.java:8934)
04-17 11:40:21.125  3155  3155 W LocaleConfig: 	at java.lang.reflect.Method.invoke(Native Method)
04-17 11:40:21.125  3155  3155 W LocaleConfig: 	at com.android.internal.os.RuntimeInit$MethodAndArgsCaller.run(RuntimeInit.java:591)
04-17 11:40:21.125  3155  3155 W LocaleConfig: 	at com.android.internal.os.ZygoteInit.main(ZygoteInit.java:911)
04-17 11:40:21.144  1641  2328 E WifiStaIfaceAidlImpl: getCachedScanData failed with service-specific exception: android.os.ServiceSpecificException:  (code 4)
04-17 11:40:21.149  2437  2859 E ndroid.systemui: Resource 7f140000 is a complex map type.
04-17 11:40:21.149  2437  2859 W LocaleConfig: The resource file pointed to by the given resource ID isn't found.
04-17 11:40:21.151  2437  2859 E ndroid.systemui: Resource 7f140000 is a complex map type.
04-17 11:40:21.152  2437  2859 W LocaleConfig: The resource file pointed to by the given resource ID isn't found.
04-17 11:40:21.160  1094  3015 I vendor.qti.bluetooth@1.0-ibs_handler: ProcessIbsCmd: Received IBS_WAKE_IND: 0xFD
04-17 11:40:21.160  1094  3015 D vendor.qti.bluetooth@1.0-ibs_handler: SerialClockVote: vote for UART CLK ON
04-17 11:40:21.161  1094  3015 D vendor.qti.bluetooth@1.0-wake_lock: Acquire wakelock is acquired 
04-17 11:40:21.161  1094  3015 I vendor.qti.bluetooth@1.0-ibs_handler: ProcessIbsCmd: Writing IBS_WAKE_ACK
04-17 11:40:21.161  2437  2859 W HWUI    : Image decoding logging dropped!
04-17 11:40:21.168  2437  2859 W HWUI    : Image decoding logging dropped!
04-17 11:40:21.185  1641 19372 W ActivityManager: Foreground service started from background can not have location/camera/microphone access: service org.torproject.android/.service.OrbotService
04-17 11:40:21.202  1094  3015 I vendor.qti.bluetooth@1.0-ibs_handler: ProcessIbsCmd: Received IBS_SLEEP_IND: 0xFE
04-17 11:40:21.202  1094  3015 D vendor.qti.bluetooth@1.0-ibs_handler: SerialClockVote: vote for UART CLK OFF
04-17 11:40:21.355  1094  2888 D vendor.qti.bluetooth@1.0-wake_lock: Release wakelock is released 
04-17 11:40:21.467  2437  2859 W HWUI    : Image decoding logging dropped!
04-17 11:40:21.474  2437  2859 W HWUI    : Image decoding logging dropped!
04-17 11:40:22.112  3155  3155 W LocaleConfig: Failed to parse XML configuration from m3_button_group_child_size_change
04-17 11:40:22.112  3155  3155 W LocaleConfig: org.xmlpull.v1.XmlPullParserException: Unexpected start tag: found selector, expected locale-config
04-17 11:40:22.112  3155  3155 W LocaleConfig: 	at com.android.internal.util.XmlUtils.beginDocument(XmlUtils.java:1701)
04-17 11:40:22.112  3155  3155 W LocaleConfig: 	at android.app.LocaleConfig.parseLocaleConfig(LocaleConfig.java:204)
04-17 11:40:22.112  3155  3155 W LocaleConfig: 	at android.app.LocaleConfig.<init>(LocaleConfig.java:156)
04-17 11:40:22.112  3155  3155 W LocaleConfig: 	at android.app.LocaleConfig.fromContextIgnoringOverride(LocaleConfig.java:126)
04-17 11:40:22.112  3155  3155 W LocaleConfig: 	at android.app.ContextImpl.setResources(ContextImpl.java:3672)
04-17 11:40:22.112  3155  3155 W LocaleConfig: 	at android.app.ContextImpl.<init>(ContextImpl.java:3599)
04-17 11:40:22.112  3155  3155 W LocaleConfig: 	at android.app.ContextImpl.createApplicationContextAsUser(ContextImpl.java:2777)
04-17 11:40:22.112  3155  3155 W LocaleConfig: 	at android.app.ContextImpl.createApplicationContext(ContextImpl.java:2768)
04-17 11:40:22.112  3155  3155 W LocaleConfig: 	at android.content.ContextWrapper.createApplicationContext(ContextWrapper.java:1139)
04-17 11:40:22.112  3155  3155 W LocaleConfig: 	at android.app.Notification$Builder.recoverBuilder(Notification.java:7334)
04-17 11:40:22.112  3155  3155 W LocaleConfig: 	at android.ext.services.notification.NotificationEntry.<init>(go/retraceme a2165b383c7c7fbaaea02ced6998daf6ddee28de03c5f1acadd6984f59cff960:40)
04-17 11:40:22.112  3155  3155 W LocaleConfig: 	at android.ext.services.notification.Assistant.onNotificationPosted(go/retraceme a2165b383c7c7fbaaea02ced6998daf6ddee28de03c5f1acadd6984f59cff960:75)
04-17 11:40:22.112  3155  3155 W LocaleConfig: 	at android.service.notification.NotificationListenerService$MyHandler.handleMessage(NotificationListenerService.java:2476)
04-17 11:40:22.112  3155  3155 W LocaleConfig: 	at android.os.Handler.dispatchMessage(Handler.java:109)
04-17 11:40:22.112  3155  3155 W LocaleConfig: 	at android.os.Looper.loopOnce(Looper.java:232)
04-17 11:40:22.112  3155  3155 W LocaleConfig: 	at android.os.Looper.loop(Looper.java:317)
04-17 11:40:22.112  3155  3155 W LocaleConfig: 	at android.app.ActivityThread.main(ActivityThread.java:8934)
04-17 11:40:22.112  3155  3155 W LocaleConfig: 	at java.lang.reflect.Method.invoke(Native Method)
04-17 11:40:22.112  3155  3155 W LocaleConfig: 	at com.android.internal.os.RuntimeInit$MethodAndArgsCaller.run(RuntimeInit.java:591)
04-17 11:40:22.112  3155  3155 W LocaleConfig: 	at com.android.internal.os.ZygoteInit.main(ZygoteInit.java:911)
04-17 11:40:22.139  2437  2859 E ndroid.systemui: Resource 7f140000 is a complex map type.
04-17 11:40:22.140  2437  2859 W LocaleConfig: The resource file pointed to by the given resource ID isn't found.
04-17 11:40:22.143  2437  2859 E ndroid.systemui: Resource 7f140000 is a complex map type.
04-17 11:40:22.143  2437  2859 W LocaleConfig: The resource file pointed to by the given resource ID isn't found.
04-17 11:40:22.154  2437  2859 W HWUI    : Image decoding logging dropped!
04-17 11:40:22.162  2437  2859 W HWUI    : Image decoding logging dropped!
04-17 11:40:22.184  1641  8345 W ActivityManager: Foreground service started from background can not have location/camera/microphone access: service org.torproject.android/.service.OrbotService
04-17 11:40:22.351  1094  3015 I vendor.qti.bluetooth@1.0-ibs_handler: ProcessIbsCmd: Received IBS_WAKE_IND: 0xFD
04-17 11:40:22.352  1094  3015 D vendor.qti.bluetooth@1.0-ibs_handler: SerialClockVote: vote for UART CLK ON
04-17 11:40:22.354  1094  3015 D vendor.qti.bluetooth@1.0-wake_lock: Acquire wakelock is acquired 
04-17 11:40:22.354  1094  3015 I vendor.qti.bluetooth@1.0-ibs_handler: ProcessIbsCmd: Writing IBS_WAKE_ACK
04-17 11:40:22.398  1094  3015 I vendor.qti.bluetooth@1.0-ibs_handler: ProcessIbsCmd: Received IBS_SLEEP_IND: 0xFE
04-17 11:40:22.398  1094  3015 D vendor.qti.bluetooth@1.0-ibs_handler: SerialClockVote: vote for UART CLK OFF
04-17 11:40:22.478  2437  2859 W HWUI    : Image decoding logging dropped!
04-17 11:40:22.484  2437  2859 W HWUI    : Image decoding logging dropped!
04-17 11:40:22.549  1094  2888 D vendor.qti.bluetooth@1.0-wake_lock: Release wakelock is released 
04-17 11:40:23.129  3155  3155 W LocaleConfig: Failed to parse XML configuration from m3_button_group_child_size_change
04-17 11:40:23.129  3155  3155 W LocaleConfig: org.xmlpull.v1.XmlPullParserException: Unexpected start tag: found selector, expected locale-config
04-17 11:40:23.129  3155  3155 W LocaleConfig: 	at com.android.internal.util.XmlUtils.beginDocument(XmlUtils.java:1701)
04-17 11:40:23.129  3155  3155 W LocaleConfig: 	at android.app.LocaleConfig.parseLocaleConfig(LocaleConfig.java:204)
04-17 11:40:23.129  3155  3155 W LocaleConfig: 	at android.app.LocaleConfig.<init>(LocaleConfig.java:156)
04-17 11:40:23.129  3155  3155 W LocaleConfig: 	at android.app.LocaleConfig.fromContextIgnoringOverride(LocaleConfig.java:126)
04-17 11:40:23.129  3155  3155 W LocaleConfig: 	at android.app.ContextImpl.setResources(ContextImpl.java:3672)
04-17 11:40:23.129  3155  3155 W LocaleConfig: 	at android.app.ContextImpl.<init>(ContextImpl.java:3599)
04-17 11:40:23.129  3155  3155 W LocaleConfig: 	at android.app.ContextImpl.createApplicationContextAsUser(ContextImpl.java:2777)
04-17 11:40:23.129  3155  3155 W LocaleConfig: 	at android.app.ContextImpl.createApplicationContext(ContextImpl.java:2768)
04-17 11:40:23.129  3155  3155 W LocaleConfig: 	at android.content.ContextWrapper.createApplicationContext(ContextWrapper.java:1139)
04-17 11:40:23.129  3155  3155 W LocaleConfig: 	at android.app.Notification$Builder.recoverBuilder(Notification.java:7334)
04-17 11:40:23.129  3155  3155 W LocaleConfig: 	at android.ext.services.notification.NotificationEntry.<init>(go/retraceme a2165b383c7c7fbaaea02ced6998daf6ddee28de03c5f1acadd6984f59cff960:40)
04-17 11:40:23.129  3155  3155 W LocaleConfig: 	at android.ext.services.notification.Assistant.onNotificationPosted(go/retraceme a2165b383c7c7fbaaea02ced6998daf6ddee28de03c5f1acadd6984f59cff960:75)
04-17 11:40:23.129  3155  3155 W LocaleConfig: 	at android.service.notification.NotificationListenerService$MyHandler.handleMessage(NotificationListenerService.java:2476)
04-17 11:40:23.129  3155  3155 W LocaleConfig: 	at android.os.Handler.dispatchMessage(Handler.java:109)
04-17 11:40:23.129  3155  3155 W LocaleConfig: 	at android.os.Looper.loopOnce(Looper.java:232)
04-17 11:40:23.129  3155  3155 W LocaleConfig: 	at android.os.Looper.loop(Looper.java:317)
04-17 11:40:23.129  3155  3155 W LocaleConfig: 	at android.app.ActivityThread.main(ActivityThread.java:8934)
04-17 11:40:23.129  3155  3155 W LocaleConfig: 	at java.lang.reflect.Method.invoke(Native Method)
04-17 11:40:23.129  3155  3155 W LocaleConfig: 	at com.android.internal.os.RuntimeInit$MethodAndArgsCaller.run(RuntimeInit.java:591)
04-17 11:40:23.129  3155  3155 W LocaleConfig: 	at com.android.internal.os.ZygoteInit.main(ZygoteInit.java:911)
04-17 11:40:23.150  2437  2859 E ndroid.systemui: Resource 7f140000 is a complex map type.
04-17 11:40:23.150  2437  2859 W LocaleConfig: The resource file pointed to by the given resource ID isn't found.
04-17 11:40:23.152  2437  2859 E ndroid.systemui: Resource 7f140000 is a complex map type.
04-17 11:40:23.153  2437  2859 W LocaleConfig: The resource file pointed to by the given resource ID isn't found.
04-17 11:40:23.162  2437  2859 W HWUI    : Image decoding logging dropped!
04-17 11:40:23.169  2437  2859 W HWUI    : Image decoding logging dropped!
04-17 11:40:23.181  1641  8345 W ActivityManager: Foreground service started from background can not have location/camera/microphone access: service org.torproject.android/.service.OrbotService
04-17 11:40:23.449  2437  2859 W HWUI    : Image decoding logging dropped!
04-17 11:40:23.456  2437  2859 W HWUI    : Image decoding logging dropped!
04-17 11:40:23.872  1094  3015 I vendor.qti.bluetooth@1.0-ibs_handler: ProcessIbsCmd: Received IBS_WAKE_IND: 0xFD
04-17 11:40:23.873  1094  3015 D vendor.qti.bluetooth@1.0-ibs_handler: SerialClockVote: vote for UART CLK ON
04-17 11:40:23.874  1094  3015 D vendor.qti.bluetooth@1.0-wake_lock: Acquire wakelock is acquired 
04-17 11:40:23.874  1094  3015 I vendor.qti.bluetooth@1.0-ibs_handler: ProcessIbsCmd: Writing IBS_WAKE_ACK
04-17 11:40:23.918  1094  3015 I vendor.qti.bluetooth@1.0-ibs_handler: ProcessIbsCmd: Received IBS_SLEEP_IND: 0xFE
04-17 11:40:23.919  1094  3015 D vendor.qti.bluetooth@1.0-ibs_handler: SerialClockVote: vote for UART CLK OFF
04-17 11:40:24.069  1094  2888 D vendor.qti.bluetooth@1.0-wake_lock: Release wakelock is released 
04-17 11:40:24.119  3155  3155 W LocaleConfig: Failed to parse XML configuration from m3_button_group_child_size_change
04-17 11:40:24.119  3155  3155 W LocaleConfig: org.xmlpull.v1.XmlPullParserException: Unexpected start tag: found selector, expected locale-config
04-17 11:40:24.119  3155  3155 W LocaleConfig: 	at com.android.internal.util.XmlUtils.beginDocument(XmlUtils.java:1701)
04-17 11:40:24.119  3155  3155 W LocaleConfig: 	at android.app.LocaleConfig.parseLocaleConfig(LocaleConfig.java:204)
04-17 11:40:24.119  3155  3155 W LocaleConfig: 	at android.app.LocaleConfig.<init>(LocaleConfig.java:156)
04-17 11:40:24.119  3155  3155 W LocaleConfig: 	at android.app.LocaleConfig.fromContextIgnoringOverride(LocaleConfig.java:126)
04-17 11:40:24.119  3155  3155 W LocaleConfig: 	at android.app.ContextImpl.setResources(ContextImpl.java:3672)
04-17 11:40:24.119  3155  3155 W LocaleConfig: 	at android.app.ContextImpl.<init>(ContextImpl.java:3599)
04-17 11:40:24.119  3155  3155 W LocaleConfig: 	at android.app.ContextImpl.createApplicationContextAsUser(ContextImpl.java:2777)
04-17 11:40:24.119  3155  3155 W LocaleConfig: 	at android.app.ContextImpl.createApplicationContext(ContextImpl.java:2768)
04-17 11:40:24.119  3155  3155 W LocaleConfig: 	at android.content.ContextWrapper.createApplicationContext(ContextWrapper.java:1139)
04-17 11:40:24.119  3155  3155 W LocaleConfig: 	at android.app.Notification$Builder.recoverBuilder(Notification.java:7334)
04-17 11:40:24.119  3155  3155 W LocaleConfig: 	at android.ext.services.notification.NotificationEntry.<init>(go/retraceme a2165b383c7c7fbaaea02ced6998daf6ddee28de03c5f1acadd6984f59cff960:40)
04-17 11:40:24.119  3155  3155 W LocaleConfig: 	at android.ext.services.notification.Assistant.onNotificationPosted(go/retraceme a2165b383c7c7fbaaea02ced6998daf6ddee28de03c5f1acadd6984f59cff960:75)
04-17 11:40:24.119  3155  3155 W LocaleConfig: 	at android.service.notification.NotificationListenerService$MyHandler.handleMessage(NotificationListenerService.java:2476)
04-17 11:40:24.119  3155  3155 W LocaleConfig: 	at android.os.Handler.dispatchMessage(Handler.java:109)
04-17 11:40:24.119  3155  3155 W LocaleConfig: 	at android.os.Looper.loopOnce(Looper.java:232)
04-17 11:40:24.119  3155  3155 W LocaleConfig: 	at android.os.Looper.loop(Looper.java:317)
04-17 11:40:24.119  3155  3155 W LocaleConfig: 	at android.app.ActivityThread.main(ActivityThread.java:8934)
04-17 11:40:24.119  3155  3155 W LocaleConfig: 	at java.lang.reflect.Method.invoke(Native Method)
04-17 11:40:24.119  3155  3155 W LocaleConfig: 	at com.android.internal.os.RuntimeInit$MethodAndArgsCaller.run(RuntimeInit.java:591)
04-17 11:40:24.119  3155  3155 W LocaleConfig: 	at com.android.internal.os.ZygoteInit.main(ZygoteInit.java:911)
04-17 11:40:24.140  2437  2859 E ndroid.systemui: Resource 7f140000 is a complex map type.
04-17 11:40:24.140  2437  2859 W LocaleConfig: The resource file pointed to by the given resource ID isn't found.
04-17 11:40:24.142  2437  2859 E ndroid.systemui: Resource 7f140000 is a complex map type.
04-17 11:40:24.142  2437  2859 W LocaleConfig: The resource file pointed to by the given resource ID isn't found.
04-17 11:40:24.153  2437  2859 W HWUI    : Image decoding logging dropped!
04-17 11:40:24.162  2437  2859 W HWUI    : Image decoding logging dropped!
04-17 11:40:24.164  1641  2328 E WifiStaIfaceAidlImpl: getCachedScanData failed with service-specific exception: android.os.ServiceSpecificException:  (code 4)
04-17 11:40:24.185  1641 19372 W ActivityManager: Foreground service started from background can not have location/camera/microphone access: service org.torproject.android/.service.OrbotService
04-17 11:40:24.460  2437  2859 W HWUI    : Image decoding logging dropped!
04-17 11:40:24.467  2437  2859 W HWUI    : Image decoding logging dropped!
04-17 11:40:25.128  3155  3155 W LocaleConfig: Failed to parse XML configuration from m3_button_group_child_size_change
04-17 11:40:25.128  3155  3155 W LocaleConfig: org.xmlpull.v1.XmlPullParserException: Unexpected start tag: found selector, expected locale-config
04-17 11:40:25.128  3155  3155 W LocaleConfig: 	at com.android.internal.util.XmlUtils.beginDocument(XmlUtils.java:1701)
04-17 11:40:25.128  3155  3155 W LocaleConfig: 	at android.app.LocaleConfig.parseLocaleConfig(LocaleConfig.java:204)
04-17 11:40:25.128  3155  3155 W LocaleConfig: 	at android.app.LocaleConfig.<init>(LocaleConfig.java:156)
04-17 11:40:25.128  3155  3155 W LocaleConfig: 	at android.app.LocaleConfig.fromContextIgnoringOverride(LocaleConfig.java:126)
04-17 11:40:25.128  3155  3155 W LocaleConfig: 	at android.app.ContextImpl.setResources(ContextImpl.java:3672)
04-17 11:40:25.128  3155  3155 W LocaleConfig: 	at android.app.ContextImpl.<init>(ContextImpl.java:3599)
04-17 11:40:25.128  3155  3155 W LocaleConfig: 	at android.app.ContextImpl.createApplicationContextAsUser(ContextImpl.java:2777)
04-17 11:40:25.128  3155  3155 W LocaleConfig: 	at android.app.ContextImpl.createApplicationContext(ContextImpl.java:2768)
04-17 11:40:25.128  3155  3155 W LocaleConfig: 	at android.content.ContextWrapper.createApplicationContext(ContextWrapper.java:1139)
04-17 11:40:25.128  3155  3155 W LocaleConfig: 	at android.app.Notification$Builder.recoverBuilder(Notification.java:7334)
04-17 11:40:25.128  3155  3155 W LocaleConfig: 	at android.ext.services.notification.NotificationEntry.<init>(go/retraceme a2165b383c7c7fbaaea02ced6998daf6ddee28de03c5f1acadd6984f59cff960:40)
04-17 11:40:25.128  3155  3155 W LocaleConfig: 	at android.ext.services.notification.Assistant.onNotificationPosted(go/retraceme a2165b383c7c7fbaaea02ced6998daf6ddee28de03c5f1acadd6984f59cff960:75)
04-17 11:40:25.128  3155  3155 W LocaleConfig: 	at android.service.notification.NotificationListenerService$MyHandler.handleMessage(NotificationListenerService.java:2476)
04-17 11:40:25.128  3155  3155 W LocaleConfig: 	at android.os.Handler.dispatchMessage(Handler.java:109)
04-17 11:40:25.128  3155  3155 W LocaleConfig: 	at android.os.Looper.loopOnce(Looper.java:232)
04-17 11:40:25.128  3155  3155 W LocaleConfig: 	at android.os.Looper.loop(Looper.java:317)
04-17 11:40:25.128  3155  3155 W LocaleConfig: 	at android.app.ActivityThread.main(ActivityThread.java:8934)
04-17 11:40:25.128  3155  3155 W LocaleConfig: 	at java.lang.reflect.Method.invoke(Native Method)
04-17 11:40:25.128  3155  3155 W LocaleConfig: 	at com.android.internal.os.RuntimeInit$MethodAndArgsCaller.run(RuntimeInit.java:591)
04-17 11:40:25.128  3155  3155 W LocaleConfig: 	at com.android.internal.os.ZygoteInit.main(ZygoteInit.java:911)
04-17 11:40:25.149  2437  2859 E ndroid.systemui: Resource 7f140000 is a complex map type.
04-17 11:40:25.150  2437  2859 W LocaleConfig: The resource file pointed to by the given resource ID isn't found.
04-17 11:40:25.152  2437  2859 E ndroid.systemui: Resource 7f140000 is a complex map type.
04-17 11:40:25.153  2437  2859 W LocaleConfig: The resource file pointed to by the given resource ID isn't found.
04-17 11:40:25.162  2437  2859 W HWUI    : Image decoding logging dropped!
04-17 11:40:25.168  2437  2859 W HWUI    : Image decoding logging dropped!
04-17 11:40:25.188  1641 19372 W ActivityManager: Foreground service started from background can not have location/camera/microphone access: service org.torproject.android/.service.OrbotService
04-17 11:40:25.317  1094  3015 I vendor.qti.bluetooth@1.0-ibs_handler: ProcessIbsCmd: Received IBS_WAKE_IND: 0xFD
04-17 11:40:25.317  1094  3015 D vendor.qti.bluetooth@1.0-ibs_handler: SerialClockVote: vote for UART CLK ON
04-17 11:40:25.319  1094  3015 D vendor.qti.bluetooth@1.0-wake_lock: Acquire wakelock is acquired 
04-17 11:40:25.320  1094  3015 I vendor.qti.bluetooth@1.0-ibs_handler: ProcessIbsCmd: Writing IBS_WAKE_ACK
04-17 11:40:25.364  1094  3015 I vendor.qti.bluetooth@1.0-ibs_handler: ProcessIbsCmd: Received IBS_SLEEP_IND: 0xFE
04-17 11:40:25.365  1094  3015 D vendor.qti.bluetooth@1.0-ibs_handler: SerialClockVote: vote for UART CLK OFF
04-17 11:40:25.466  2437  2859 W HWUI    : Image decoding logging dropped!
04-17 11:40:25.474  2437  2859 W HWUI    : Image decoding logging dropped!
04-17 11:40:25.515  1094  2888 D vendor.qti.bluetooth@1.0-wake_lock: Release wakelock is released 
04-17 11:40:26.118  3155  3155 W LocaleConfig: Failed to parse XML configuration from m3_button_group_child_size_change
04-17 11:40:26.118  3155  3155 W LocaleConfig: org.xmlpull.v1.XmlPullParserException: Unexpected start tag: found selector, expected locale-config
04-17 11:40:26.118  3155  3155 W LocaleConfig: 	at com.android.internal.util.XmlUtils.beginDocument(XmlUtils.java:1701)
04-17 11:40:26.118  3155  3155 W LocaleConfig: 	at android.app.LocaleConfig.parseLocaleConfig(LocaleConfig.java:204)
04-17 11:40:26.118  3155  3155 W LocaleConfig: 	at android.app.LocaleConfig.<init>(LocaleConfig.java:156)
04-17 11:40:26.118  3155  3155 W LocaleConfig: 	at android.app.LocaleConfig.fromContextIgnoringOverride(LocaleConfig.java:126)
04-17 11:40:26.118  3155  3155 W LocaleConfig: 	at android.app.ContextImpl.setResources(ContextImpl.java:3672)
04-17 11:40:26.118  3155  3155 W LocaleConfig: 	at android.app.ContextImpl.<init>(ContextImpl.java:3599)
04-17 11:40:26.118  3155  3155 W LocaleConfig: 	at android.app.ContextImpl.createApplicationContextAsUser(ContextImpl.java:2777)
04-17 11:40:26.118  3155  3155 W LocaleConfig: 	at android.app.ContextImpl.createApplicationContext(ContextImpl.java:2768)
04-17 11:40:26.118  3155  3155 W LocaleConfig: 	at android.content.ContextWrapper.createApplicationContext(ContextWrapper.java:1139)
04-17 11:40:26.118  3155  3155 W LocaleConfig: 	at android.app.Notification$Builder.recoverBuilder(Notification.java:7334)
04-17 11:40:26.118  3155  3155 W LocaleConfig: 	at android.ext.services.notification.NotificationEntry.<init>(go/retraceme a2165b383c7c7fbaaea02ced6998daf6ddee28de03c5f1acadd6984f59cff960:40)
04-17 11:40:26.118  3155  3155 W LocaleConfig: 	at android.ext.services.notification.Assistant.onNotificationPosted(go/retraceme a2165b383c7c7fbaaea02ced6998daf6ddee28de03c5f1acadd6984f59cff960:75)
04-17 11:40:26.118  3155  3155 W LocaleConfig: 	at android.service.notification.NotificationListenerService$MyHandler.handleMessage(NotificationListenerService.java:2476)
04-17 11:40:26.118  3155  3155 W LocaleConfig: 	at android.os.Handler.dispatchMessage(Handler.java:109)
04-17 11:40:26.118  3155  3155 W LocaleConfig: 	at android.os.Looper.loopOnce(Looper.java:232)
04-17 11:40:26.118  3155  3155 W LocaleConfig: 	at android.os.Looper.loop(Looper.java:317)
04-17 11:40:26.118  3155  3155 W LocaleConfig: 	at android.app.ActivityThread.main(ActivityThread.java:8934)
04-17 11:40:26.118  3155  3155 W LocaleConfig: 	at java.lang.reflect.Method.invoke(Native Method)
04-17 11:40:26.118  3155  3155 W LocaleConfig: 	at com.android.internal.os.RuntimeInit$MethodAndArgsCaller.run(RuntimeInit.java:591)
04-17 11:40:26.118  3155  3155 W LocaleConfig: 	at com.android.internal.os.ZygoteInit.main(ZygoteInit.java:911)
04-17 11:40:26.137  2437  2859 E ndroid.systemui: Resource 7f140000 is a complex map type.
04-17 11:40:26.138  2437  2859 W LocaleConfig: The resource file pointed to by the given resource ID isn't found.
04-17 11:40:26.139  2437  2859 E ndroid.systemui: Resource 7f140000 is a complex map type.
04-17 11:40:26.139  2437  2859 W LocaleConfig: The resource file pointed to by the given resource ID isn't found.
04-17 11:40:26.149  2437  2859 W HWUI    : Image decoding logging dropped!
04-17 11:40:26.156  2437  2859 W HWUI    : Image decoding logging dropped!
04-17 11:40:26.166  7071  7071 W tor     : type=1400 audit(0.0:6504): avc:  denied  { ioctl } for  path="socket:[145709]" dev="sockfs" ino=145709 ioctlcmd=0x894b scontext=u:r:untrusted_app:s0:c170,c256,c512,c768 tcontext=u:r:untrusted_app:s0:c170,c256,c512,c768 tclass=tcp_socket permissive=0 app=org.torproject.android
04-17 11:40:26.195  1641 19372 W ActivityManager: Foreground service started from background can not have location/camera/microphone access: service org.torproject.android/.service.OrbotService
04-17 11:40:26.425  3082 23397 I NearbyMediums: Found Fast Ble Advertisements :
04-17 11:40:26.425  3082 23397 I NearbyMediums: BleAdvertisement { version=2, socketVersion=2, isFast=true, serviceIdHash=null, data=[ 0x23 0x50 0x52 0x58 0x4e 0x11 0x32 0x0f 0xf4 0x4f 0x78 0x70 0x3c 0xe8 0x14 0xf4 0xad 0x92 0xa8 0x2d 0x33 0x45 0xc0 ], deviceToken=[ 0xe7 0xbf ], rxAdvertisement=null } : 6 times.
04-17 11:40:26.425  3082 23397 I NearbyMediums: Total 6 fast advertisements from 1 unique advertisers.
04-17 11:40:26.426  3082 23397 I NearbyMediums: Current Tracked Scanning Clients are : {NearbyConnections.EnvironmentMonitor, NearbySharing}
04-17 11:40:26.477  2437  2859 W HWUI    : Image decoding logging dropped!
04-17 11:40:26.483  2437  2859 W HWUI    : Image decoding logging dropped!
04-17 11:40:26.675  1094  3015 I vendor.qti.bluetooth@1.0-ibs_handler: ProcessIbsCmd: Received IBS_WAKE_IND: 0xFD
04-17 11:40:26.676  1094  3015 D vendor.qti.bluetooth@1.0-ibs_handler: SerialClockVote: vote for UART CLK ON
04-17 11:40:26.679  1094  3015 D vendor.qti.bluetooth@1.0-wake_lock: Acquire wakelock is acquired 
04-17 11:40:26.679  1094  3015 I vendor.qti.bluetooth@1.0-ibs_handler: ProcessIbsCmd: Writing IBS_WAKE_ACK
04-17 11:40:26.725  1094  3015 I vendor.qti.bluetooth@1.0-ibs_handler: ProcessIbsCmd: Received IBS_SLEEP_IND: 0xFE
04-17 11:40:26.725  1094  3015 D vendor.qti.bluetooth@1.0-ibs_handler: SerialClockVote: vote for UART CLK OFF
04-17 11:40:26.876  1094  2888 D vendor.qti.bluetooth@1.0-wake_lock: Release wakelock is released 
04-17 11:40:27.103  3155  3155 W LocaleConfig: Failed to parse XML configuration from m3_button_group_child_size_change
04-17 11:40:27.103  3155  3155 W LocaleConfig: org.xmlpull.v1.XmlPullParserException: Unexpected start tag: found selector, expected locale-config
04-17 11:40:27.103  3155  3155 W LocaleConfig: 	at com.android.internal.util.XmlUtils.beginDocument(XmlUtils.java:1701)
04-17 11:40:27.103  3155  3155 W LocaleConfig: 	at android.app.LocaleConfig.parseLocaleConfig(LocaleConfig.java:204)
04-17 11:40:27.103  3155  3155 W LocaleConfig: 	at android.app.LocaleConfig.<init>(LocaleConfig.java:156)
04-17 11:40:27.103  3155  3155 W LocaleConfig: 	at android.app.LocaleConfig.fromContextIgnoringOverride(LocaleConfig.java:126)
04-17 11:40:27.103  3155  3155 W LocaleConfig: 	at android.app.ContextImpl.setResources(ContextImpl.java:3672)
04-17 11:40:27.103  3155  3155 W LocaleConfig: 	at android.app.ContextImpl.<init>(ContextImpl.java:3599)
04-17 11:40:27.103  3155  3155 W LocaleConfig: 	at android.app.ContextImpl.createApplicationContextAsUser(ContextImpl.java:2777)
04-17 11:40:27.103  3155  3155 W LocaleConfig: 	at android.app.ContextImpl.createApplicationContext(ContextImpl.java:2768)
04-17 11:40:27.103  3155  3155 W LocaleConfig: 	at android.content.ContextWrapper.createApplicationContext(ContextWrapper.java:1139)
04-17 11:40:27.103  3155  3155 W LocaleConfig: 	at android.app.Notification$Builder.recoverBuilder(Notification.java:7334)
04-17 11:40:27.103  3155  3155 W LocaleConfig: 	at android.ext.services.notification.NotificationEntry.<init>(go/retraceme a2165b383c7c7fbaaea02ced6998daf6ddee28de03c5f1acadd6984f59cff960:40)
04-17 11:40:27.103  3155  3155 W LocaleConfig: 	at android.ext.services.notification.Assistant.onNotificationPosted(go/retraceme a2165b383c7c7fbaaea02ced6998daf6ddee28de03c5f1acadd6984f59cff960:75)
04-17 11:40:27.103  3155  3155 W LocaleConfig: 	at android.service.notification.NotificationListenerService$MyHandler.handleMessage(NotificationListenerService.java:2476)
04-17 11:40:27.103  3155  3155 W LocaleConfig: 	at android.os.Handler.dispatchMessage(Handler.java:109)
04-17 11:40:27.103  3155  3155 W LocaleConfig: 	at android.os.Looper.loopOnce(Looper.java:232)
04-17 11:40:27.103  3155  3155 W LocaleConfig: 	at android.os.Looper.loop(Looper.java:317)
04-17 11:40:27.103  3155  3155 W LocaleConfig: 	at android.app.ActivityThread.main(ActivityThread.java:8934)
04-17 11:40:27.103  3155  3155 W LocaleConfig: 	at java.lang.reflect.Method.invoke(Native Method)
04-17 11:40:27.103  3155  3155 W LocaleConfig: 	at com.android.internal.os.RuntimeInit$MethodAndArgsCaller.run(RuntimeInit.java:591)
04-17 11:40:27.103  3155  3155 W LocaleConfig: 	at com.android.internal.os.ZygoteInit.main(ZygoteInit.java:911)
04-17 11:40:27.114     0     0 I FG      : soc_work_fn: adjust_soc: s 100 r 141601 i 10253 v 4350818 t 250 cc 5 m 0xff
04-17 11:40:27.114     0     0 I FG      : soc_work_fn: adjust_soc: 000: 5f, fe, 16, 29
04-17 11:40:27.114     0     0 I FG      : soc_work_fn: adjust_soc: 019: bf, ff, 00, 00
04-17 11:40:27.114     0     0 I FG      : soc_work_fn: adjust_soc: 079: 02, c7, c2, 03
04-17 11:40:27.131  2437  2859 E ndroid.systemui: Resource 7f140000 is a complex map type.
04-17 11:40:27.132  2437  2859 W LocaleConfig: The resource file pointed to by the given resource ID isn't found.
04-17 11:40:27.133  2437  2859 E ndroid.systemui: Resource 7f140000 is a complex map type.
04-17 11:40:27.134  2437  2859 W LocaleConfig: The resource file pointed to by the given resource ID isn't found.
04-17 11:40:27.142  2437  2859 W HWUI    : Image decoding logging dropped!
04-17 11:40:27.148  2437  2859 W HWUI    : Image decoding logging dropped!
04-17 11:40:27.184  1641  2328 E WifiStaIfaceAidlImpl: getCachedScanData failed with service-specific exception: android.os.ServiceSpecificException:  (code 4)
04-17 11:40:27.188  1641 19372 W ActivityManager: Foreground service started from background can not have location/camera/microphone access: service org.torproject.android/.service.OrbotService
04-17 11:40:27.466  2437  2859 W HWUI    : Image decoding logging dropped!
04-17 11:40:27.473  2437  2859 W HWUI    : Image decoding logging dropped!
04-17 11:40:28.024  1094  3015 I vendor.qti.bluetooth@1.0-ibs_handler: ProcessIbsCmd: Received IBS_WAKE_IND: 0xFD
04-17 11:40:28.024  1094  3015 D vendor.qti.bluetooth@1.0-ibs_handler: SerialClockVote: vote for UART CLK ON
04-17 11:40:28.027  1094  3015 D vendor.qti.bluetooth@1.0-wake_lock: Acquire wakelock is acquired 
04-17 11:40:28.027  1094  3015 I vendor.qti.bluetooth@1.0-ibs_handler: ProcessIbsCmd: Writing IBS_WAKE_ACK
04-17 11:40:28.074  1094  3015 I vendor.qti.bluetooth@1.0-ibs_handler: ProcessIbsCmd: Received IBS_SLEEP_IND: 0xFE
04-17 11:40:28.074  1094  3015 D vendor.qti.bluetooth@1.0-ibs_handler: SerialClockVote: vote for UART CLK OFF
04-17 11:40:28.109  3155  3155 W LocaleConfig: Failed to parse XML configuration from m3_button_group_child_size_change
04-17 11:40:28.109  3155  3155 W LocaleConfig: org.xmlpull.v1.XmlPullParserException: Unexpected start tag: found selector, expected locale-config
04-17 11:40:28.109  3155  3155 W LocaleConfig: 	at com.android.internal.util.XmlUtils.beginDocument(XmlUtils.java:1701)
04-17 11:40:28.109  3155  3155 W LocaleConfig: 	at android.app.LocaleConfig.parseLocaleConfig(LocaleConfig.java:204)
04-17 11:40:28.109  3155  3155 W LocaleConfig: 	at android.app.LocaleConfig.<init>(LocaleConfig.java:156)
04-17 11:40:28.109  3155  3155 W LocaleConfig: 	at android.app.LocaleConfig.fromContextIgnoringOverride(LocaleConfig.java:126)
04-17 11:40:28.109  3155  3155 W LocaleConfig: 	at android.app.ContextImpl.setResources(ContextImpl.java:3672)
04-17 11:40:28.109  3155  3155 W LocaleConfig: 	at android.app.ContextImpl.<init>(ContextImpl.java:3599)
04-17 11:40:28.109  3155  3155 W LocaleConfig: 	at android.app.ContextImpl.createApplicationContextAsUser(ContextImpl.java:2777)
04-17 11:40:28.109  3155  3155 W LocaleConfig: 	at android.app.ContextImpl.createApplicationContext(ContextImpl.java:2768)
04-17 11:40:28.109  3155  3155 W LocaleConfig: 	at android.content.ContextWrapper.createApplicationContext(ContextWrapper.java:1139)
04-17 11:40:28.109  3155  3155 W LocaleConfig: 	at android.app.Notification$Builder.recoverBuilder(Notification.java:7334)
04-17 11:40:28.109  3155  3155 W LocaleConfig: 	at android.ext.services.notification.NotificationEntry.<init>(go/retraceme a2165b383c7c7fbaaea02ced6998daf6ddee28de03c5f1acadd6984f59cff960:40)
04-17 11:40:28.109  3155  3155 W LocaleConfig: 	at android.ext.services.notification.Assistant.onNotificationPosted(go/retraceme a2165b383c7c7fbaaea02ced6998daf6ddee28de03c5f1acadd6984f59cff960:75)
04-17 11:40:28.109  3155  3155 W LocaleConfig: 	at android.service.notification.NotificationListenerService$MyHandler.handleMessage(NotificationListenerService.java:2476)
04-17 11:40:28.109  3155  3155 W LocaleConfig: 	at android.os.Handler.dispatchMessage(Handler.java:109)
04-17 11:40:28.109  3155  3155 W LocaleConfig: 	at android.os.Looper.loopOnce(Looper.java:232)
04-17 11:40:28.109  3155  3155 W LocaleConfig: 	at android.os.Looper.loop(Looper.java:317)
04-17 11:40:28.109  3155  3155 W LocaleConfig: 	at android.app.ActivityThread.main(ActivityThread.java:8934)
04-17 11:40:28.109  3155  3155 W LocaleConfig: 	at java.lang.reflect.Method.invoke(Native Method)
04-17 11:40:28.109  3155  3155 W LocaleConfig: 	at com.android.internal.os.RuntimeInit$MethodAndArgsCaller.run(RuntimeInit.java:591)
04-17 11:40:28.109  3155  3155 W LocaleConfig: 	at com.android.internal.os.ZygoteInit.main(ZygoteInit.java:911)
04-17 11:40:28.143  2437  2859 E ndroid.systemui: Resource 7f140000 is a complex map type.
04-17 11:40:28.144  2437  2859 W LocaleConfig: The resource file pointed to by the given resource ID isn't found.
04-17 11:40:28.146  2437  2859 E ndroid.systemui: Resource 7f140000 is a complex map type.
04-17 11:40:28.146  2437  2859 W LocaleConfig: The resource file pointed to by the given resource ID isn't found.
04-17 11:40:28.159  2437  2859 W HWUI    : Image decoding logging dropped!
04-17 11:40:28.171  2437  2859 W HWUI    : Image decoding logging dropped!
04-17 11:40:28.225  1094  2888 D vendor.qti.bluetooth@1.0-wake_lock: Release wakelock is released 
04-17 11:40:28.306  1641 19372 W ActivityManager: Foreground service started from background can not have location/camera/microphone access: service org.torproject.android/.service.OrbotService
04-17 11:40:28.395     0     0 I FG      : fg_battery_soc_smooth_tracking: soc:100, last_soc:100, raw_soc:100, soc_changed:1.
04-17 11:40:28.395     0     0 I FG      : soc_monitor_work: soc:100, raw_soc:100, c:10253, s:4
04-17 11:40:28.600  2437  2859 W HWUI    : Image decoding logging dropped!
04-17 11:40:28.607  2437  2859 W HWUI    : Image decoding logging dropped!
04-17 11:40:28.812  3195  3195 D BoundBrokerSvc: onUnbind: Intent { act=com.google.android.gms.safetynet.service.START pkg=com.google.android.gms }
04-17 11:40:29.105  3155  3155 W LocaleConfig: Failed to parse XML configuration from m3_button_group_child_size_change
04-17 11:40:29.105  3155  3155 W LocaleConfig: org.xmlpull.v1.XmlPullParserException: Unexpected start tag: found selector, expected locale-config
04-17 11:40:29.105  3155  3155 W LocaleConfig: 	at com.android.internal.util.XmlUtils.beginDocument(XmlUtils.java:1701)
04-17 11:40:29.105  3155  3155 W LocaleConfig: 	at android.app.LocaleConfig.parseLocaleConfig(LocaleConfig.java:204)
04-17 11:40:29.105  3155  3155 W LocaleConfig: 	at android.app.LocaleConfig.<init>(LocaleConfig.java:156)
04-17 11:40:29.105  3155  3155 W LocaleConfig: 	at android.app.LocaleConfig.fromContextIgnoringOverride(LocaleConfig.java:126)
04-17 11:40:29.105  3155  3155 W LocaleConfig: 	at android.app.ContextImpl.setResources(ContextImpl.java:3672)
04-17 11:40:29.105  3155  3155 W LocaleConfig: 	at android.app.ContextImpl.<init>(ContextImpl.java:3599)
04-17 11:40:29.105  3155  3155 W LocaleConfig: 	at android.app.ContextImpl.createApplicationContextAsUser(ContextImpl.java:2777)
04-17 11:40:29.105  3155  3155 W LocaleConfig: 	at android.app.ContextImpl.createApplicationContext(ContextImpl.java:2768)
04-17 11:40:29.105  3155  3155 W LocaleConfig: 	at android.content.ContextWrapper.createApplicationContext(ContextWrapper.java:1139)
04-17 11:40:29.105  3155  3155 W LocaleConfig: 	at android.app.Notification$Builder.recoverBuilder(Notification.java:7334)
04-17 11:40:29.105  3155  3155 W LocaleConfig: 	at android.ext.services.notification.NotificationEntry.<init>(go/retraceme a2165b383c7c7fbaaea02ced6998daf6ddee28de03c5f1acadd6984f59cff960:40)
04-17 11:40:29.105  3155  3155 W LocaleConfig: 	at android.ext.services.notification.Assistant.onNotificationPosted(go/retraceme a2165b383c7c7fbaaea02ced6998daf6ddee28de03c5f1acadd6984f59cff960:75)
04-17 11:40:29.105  3155  3155 W LocaleConfig: 	at android.service.notification.NotificationListenerService$MyHandler.handleMessage(NotificationListenerService.java:2476)
04-17 11:40:29.105  3155  3155 W LocaleConfig: 	at android.os.Handler.dispatchMessage(Handler.java:109)
04-17 11:40:29.105  3155  3155 W LocaleConfig: 	at android.os.Looper.loopOnce(Looper.java:232)
04-17 11:40:29.105  3155  3155 W LocaleConfig: 	at android.os.Looper.loop(Looper.java:317)
04-17 11:40:29.105  3155  3155 W LocaleConfig: 	at android.app.ActivityThread.main(ActivityThread.java:8934)
04-17 11:40:29.105  3155  3155 W LocaleConfig: 	at java.lang.reflect.Method.invoke(Native Method)
04-17 11:40:29.105  3155  3155 W LocaleConfig: 	at com.android.internal.os.RuntimeInit$MethodAndArgsCaller.run(RuntimeInit.java:591)
04-17 11:40:29.105  3155  3155 W LocaleConfig: 	at com.android.internal.os.ZygoteInit.main(ZygoteInit.java:911)
04-17 11:40:29.130  2437  2859 E ndroid.systemui: Resource 7f140000 is a complex map type.
04-17 11:40:29.130  2437  2859 W LocaleConfig: The resource file pointed to by the given resource ID isn't found.
04-17 11:40:29.132  2437  2859 E ndroid.systemui: Resource 7f140000 is a complex map type.
04-17 11:40:29.132  2437  2859 W LocaleConfig: The resource file pointed to by the given resource ID isn't found.
04-17 11:40:29.140  2437  2859 W HWUI    : Image decoding logging dropped!
04-17 11:40:29.146  2437  2859 W HWUI    : Image decoding logging dropped!
04-17 11:40:29.221  1641 19372 W ActivityManager: Foreground service started from background can not have location/camera/microphone access: service org.torproject.android/.service.OrbotService
04-17 11:40:29.503  2437  2859 W HWUI    : Image decoding logging dropped!
04-17 11:40:29.510  2437  2859 W HWUI    : Image decoding logging dropped!
04-17 11:40:30.118  3155  3155 W LocaleConfig: Failed to parse XML configuration from m3_button_group_child_size_change
04-17 11:40:30.118  3155  3155 W LocaleConfig: org.xmlpull.v1.XmlPullParserException: Unexpected start tag: found selector, expected locale-config
04-17 11:40:30.118  3155  3155 W LocaleConfig: 	at com.android.internal.util.XmlUtils.beginDocument(XmlUtils.java:1701)
04-17 11:40:30.118  3155  3155 W LocaleConfig: 	at android.app.LocaleConfig.parseLocaleConfig(LocaleConfig.java:204)
04-17 11:40:30.118  3155  3155 W LocaleConfig: 	at android.app.LocaleConfig.<init>(LocaleConfig.java:156)
04-17 11:40:30.118  3155  3155 W LocaleConfig: 	at android.app.LocaleConfig.fromContextIgnoringOverride(LocaleConfig.java:126)
04-17 11:40:30.118  3155  3155 W LocaleConfig: 	at android.app.ContextImpl.setResources(ContextImpl.java:3672)
04-17 11:40:30.118  3155  3155 W LocaleConfig: 	at android.app.ContextImpl.<init>(ContextImpl.java:3599)
04-17 11:40:30.118  3155  3155 W LocaleConfig: 	at android.app.ContextImpl.createApplicationContextAsUser(ContextImpl.java:2777)
04-17 11:40:30.118  3155  3155 W LocaleConfig: 	at android.app.ContextImpl.createApplicationContext(ContextImpl.java:2768)
04-17 11:40:30.118  3155  3155 W LocaleConfig: 	at android.content.ContextWrapper.createApplicationContext(ContextWrapper.java:1139)
04-17 11:40:30.118  3155  3155 W LocaleConfig: 	at android.app.Notification$Builder.recoverBuilder(Notification.java:7334)
04-17 11:40:30.118  3155  3155 W LocaleConfig: 	at android.ext.services.notification.NotificationEntry.<init>(go/retraceme a2165b383c7c7fbaaea02ced6998daf6ddee28de03c5f1acadd6984f59cff960:40)
04-17 11:40:30.118  3155  3155 W LocaleConfig: 	at android.ext.services.notification.Assistant.onNotificationPosted(go/retraceme a2165b383c7c7fbaaea02ced6998daf6ddee28de03c5f1acadd6984f59cff960:75)
04-17 11:40:30.118  3155  3155 W LocaleConfig: 	at android.service.notification.NotificationListenerService$MyHandler.handleMessage(NotificationListenerService.java:2476)
04-17 11:40:30.118  3155  3155 W LocaleConfig: 	at android.os.Handler.dispatchMessage(Handler.java:109)
04-17 11:40:30.118  3155  3155 W LocaleConfig: 	at android.os.Looper.loopOnce(Looper.java:232)
04-17 11:40:30.118  3155  3155 W LocaleConfig: 	at android.os.Looper.loop(Looper.java:317)
04-17 11:40:30.118  3155  3155 W LocaleConfig: 	at android.app.ActivityThread.main(ActivityThread.java:8934)
04-17 11:40:30.118  3155  3155 W LocaleConfig: 	at java.lang.reflect.Method.invoke(Native Method)
04-17 11:40:30.118  3155  3155 W LocaleConfig: 	at com.android.internal.os.RuntimeInit$MethodAndArgsCaller.run(RuntimeInit.java:591)
04-17 11:40:30.118  3155  3155 W LocaleConfig: 	at com.android.internal.os.ZygoteInit.main(ZygoteInit.java:911)
04-17 11:40:30.141  2437  2859 E ndroid.systemui: Resource 7f140000 is a complex map type.
04-17 11:40:30.142  2437  2859 W LocaleConfig: The resource file pointed to by the given resource ID isn't found.
04-17 11:40:30.144  2437  2859 E ndroid.systemui: Resource 7f140000 is a complex map type.
04-17 11:40:30.144  2437  2859 W LocaleConfig: The resource file pointed to by the given resource ID isn't found.
04-17 11:40:30.154  2437  2859 W HWUI    : Image decoding logging dropped!
04-17 11:40:30.162  2437  2859 W HWUI    : Image decoding logging dropped!
04-17 11:40:30.199  1641  2328 E WifiStaIfaceAidlImpl: getCachedScanData failed with service-specific exception: android.os.ServiceSpecificException:  (code 4)
04-17 11:40:30.221  1641 19372 W ActivityManager: Foreground service started from background can not have location/camera/microphone access: service org.torproject.android/.service.OrbotService
04-17 11:40:30.520  2437  2859 W HWUI    : Image decoding logging dropped!
04-17 11:40:30.527  2437  2859 W HWUI    : Image decoding logging dropped!
04-17 11:40:31.114  3155  3155 W LocaleConfig: Failed to parse XML configuration from m3_button_group_child_size_change
04-17 11:40:31.114  3155  3155 W LocaleConfig: org.xmlpull.v1.XmlPullParserException: Unexpected start tag: found selector, expected locale-config
04-17 11:40:31.114  3155  3155 W LocaleConfig: 	at com.android.internal.util.XmlUtils.beginDocument(XmlUtils.java:1701)
04-17 11:40:31.114  3155  3155 W LocaleConfig: 	at android.app.LocaleConfig.parseLocaleConfig(LocaleConfig.java:204)
04-17 11:40:31.114  3155  3155 W LocaleConfig: 	at android.app.LocaleConfig.<init>(LocaleConfig.java:156)
04-17 11:40:31.114  3155  3155 W LocaleConfig: 	at android.app.LocaleConfig.fromContextIgnoringOverride(LocaleConfig.java:126)
04-17 11:40:31.114  3155  3155 W LocaleConfig: 	at android.app.ContextImpl.setResources(ContextImpl.java:3672)
04-17 11:40:31.114  3155  3155 W LocaleConfig: 	at android.app.ContextImpl.<init>(ContextImpl.java:3599)
04-17 11:40:31.114  3155  3155 W LocaleConfig: 	at android.app.ContextImpl.createApplicationContextAsUser(ContextImpl.java:2777)
04-17 11:40:31.114  3155  3155 W LocaleConfig: 	at android.app.ContextImpl.createApplicationContext(ContextImpl.java:2768)
04-17 11:40:31.114  3155  3155 W LocaleConfig: 	at android.content.ContextWrapper.createApplicationContext(ContextWrapper.java:1139)
04-17 11:40:31.114  3155  3155 W LocaleConfig: 	at android.app.Notification$Builder.recoverBuilder(Notification.java:7334)
04-17 11:40:31.114  3155  3155 W LocaleConfig: 	at android.ext.services.notification.NotificationEntry.<init>(go/retraceme a2165b383c7c7fbaaea02ced6998daf6ddee28de03c5f1acadd6984f59cff960:40)
04-17 11:40:31.114  3155  3155 W LocaleConfig: 	at android.ext.services.notification.Assistant.onNotificationPosted(go/retraceme a2165b383c7c7fbaaea02ced6998daf6ddee28de03c5f1acadd6984f59cff960:75)
04-17 11:40:31.114  3155  3155 W LocaleConfig: 	at android.service.notification.NotificationListenerService$MyHandler.handleMessage(NotificationListenerService.java:2476)
04-17 11:40:31.114  3155  3155 W LocaleConfig: 	at android.os.Handler.dispatchMessage(Handler.java:109)
04-17 11:40:31.114  3155  3155 W LocaleConfig: 	at android.os.Looper.loopOnce(Looper.java:232)
04-17 11:40:31.114  3155  3155 W LocaleConfig: 	at android.os.Looper.loop(Looper.java:317)
04-17 11:40:31.114  3155  3155 W LocaleConfig: 	at android.app.ActivityThread.main(ActivityThread.java:8934)
04-17 11:40:31.114  3155  3155 W LocaleConfig: 	at java.lang.reflect.Method.invoke(Native Method)
04-17 11:40:31.114  3155  3155 W LocaleConfig: 	at com.android.internal.os.RuntimeInit$MethodAndArgsCaller.run(RuntimeInit.java:591)
04-17 11:40:31.114  3155  3155 W LocaleConfig: 	at com.android.internal.os.ZygoteInit.main(ZygoteInit.java:911)
04-17 11:40:31.132  2437  2859 E ndroid.systemui: Resource 7f140000 is a complex map type.
04-17 11:40:31.133  2437  2859 W LocaleConfig: The resource file pointed to by the given resource ID isn't found.
04-17 11:40:31.134  2437  2859 E ndroid.systemui: Resource 7f140000 is a complex map type.
04-17 11:40:31.134  2437  2859 W LocaleConfig: The resource file pointed to by the given resource ID isn't found.
04-17 11:40:31.143  2437  2859 W HWUI    : Image decoding logging dropped!
04-17 11:40:31.149  2437  2859 W HWUI    : Image decoding logging dropped!
04-17 11:40:31.233  1641  8345 W ActivityManager: Foreground service started from background can not have location/camera/microphone access: service org.torproject.android/.service.OrbotService
04-17 11:40:31.531  2437  2859 W HWUI    : Image decoding logging dropped!
04-17 11:40:31.540  2437  2859 W HWUI    : Image decoding logging dropped!
04-17 11:40:31.912     0     0 I logd    : logdr: UID=2000 GID=2000 PID=23400 n tail=1200 logMask=99 pid=0 start=0ns deadline=0ns
