04-17 12:08:22.235 23624 23626 I artd    : Successfully loaded /data/app/~~myp4_vmZBfu2GtzsHNxXZw==/chat.fluffy.fluffychat-Cnlli3P5TfUfC5NfhloaTA==/oat/arm64/base.odex with executable: 0
04-17 12:08:22.237 23624 23626 I artd    : /data/app/~~myp4_vmZBfu2GtzsHNxXZw==/chat.fluffy.fluffychat-Cnlli3P5TfUfC5NfhloaTA==/oat/arm64/base.odex is kOatUpToDate with filter verify
04-17 12:08:22.268 23624 23626 I artd    : Dex parent of /data/app/~~y08kn9uLB5tqKd_kteW-0A==/com.google.android.projection.gearhead-AAup4zzf0b_nlQBJn0SJ1g==/base.apk is not writable: Permission denied
04-17 12:08:22.268 23624 23626 I artd    : GetBestInfo checking odex in dalvik-cache (/data/dalvik-cache/arm64/data@app@~~y08kn9uLB5tqKd_kteW-0A==@com.google.android.projection.gearhead-AAup4zzf0b_nlQBJn0SJ1g==@base.apk@classes.dex)
04-17 12:08:22.268 23624 23626 I artd    : Loading /data/dalvik-cache/arm64/data@app@~~y08kn9uLB5tqKd_kteW-0A==@com.google.android.projection.gearhead-AAup4zzf0b_nlQBJn0SJ1g==@base.apk@classes.dex with executable: 0
04-17 12:08:22.268 23624 23626 I artd    : OatFileAssistant test for existing oat file /data/dalvik-cache/arm64/data@app@~~y08kn9uLB5tqKd_kteW-0A==@com.google.android.projection.gearhead-AAup4zzf0b_nlQBJn0SJ1g==@base.apk@classes.dex: File /data/dalvik-cache/arm64/data@app@~~y08kn9uLB5tqKd_kteW-0A==@com.google.android.projection.gearhead-AAup4zzf0b_nlQBJn0SJ1g==@base.apk@classes.vdex does not exist.
04-17 12:08:22.268 23624 23626 I artd    : GetBestInfo checking odex next to the dex file (/data/app/~~y08kn9uLB5tqKd_kteW-0A==/com.google.android.projection.gearhead-AAup4zzf0b_nlQBJn0SJ1g==/oat/arm64/base.odex)
04-17 12:08:22.268 23624 23626 I artd    : Loading /data/app/~~y08kn9uLB5tqKd_kteW-0A==/com.google.android.projection.gearhead-AAup4zzf0b_nlQBJn0SJ1g==/oat/arm64/base.odex with executable: 0
04-17 12:08:22.278 23624 23626 I artd    : Successfully loaded /data/app/~~y08kn9uLB5tqKd_kteW-0A==/com.google.android.projection.gearhead-AAup4zzf0b_nlQBJn0SJ1g==/oat/arm64/base.odex with executable: 0
04-17 12:08:22.278 23624 23626 I artd    : Failed to verify checksums of oat file /data/app/~~y08kn9uLB5tqKd_kteW-0A==/com.google.android.projection.gearhead-AAup4zzf0b_nlQBJn0SJ1g==/oat/arm64/base.odex error: Image checksum mismatch, expected i;18/8f4bf6b1:i;28/072cb484 to start with i;18/5697d995
04-17 12:08:22.278 23624 23626 I artd    : Oat image checksum does not match image checksum.
04-17 12:08:22.278 23624 23626 I artd    : /data/app/~~y08kn9uLB5tqKd_kteW-0A==/com.google.android.projection.gearhead-AAup4zzf0b_nlQBJn0SJ1g==/oat/arm64/base.odex is kOatBootImageOutOfDate with filter speed-profile
04-17 12:08:22.278 23624 23626 I artd    : GetBestInfo checking vdex in dalvik-cache (/data/dalvik-cache/arm64/data@app@~~y08kn9uLB5tqKd_kteW-0A==@com.google.android.projection.gearhead-AAup4zzf0b_nlQBJn0SJ1g==@base.apk@classes.vdex)
04-17 12:08:22.278 23624 23626 I artd    : unable to open vdex file /data/dalvik-cache/arm64/data@app@~~y08kn9uLB5tqKd_kteW-0A==@com.google.android.projection.gearhead-AAup4zzf0b_nlQBJn0SJ1g==@base.apk@classes.vdex: File /data/dalvik-cache/arm64/data@app@~~y08kn9uLB5tqKd_kteW-0A==@com.google.android.projection.gearhead-AAup4zzf0b_nlQBJn0SJ1g==@base.apk@classes.vdex does not exist.
04-17 12:08:22.278 23624 23626 I artd    : OatFileAssistant test for existing oat file /data/dalvik-cache/arm64/data@app@~~y08kn9uLB5tqKd_kteW-0A==@com.google.android.projection.gearhead-AAup4zzf0b_nlQBJn0SJ1g==@base.apk@classes.vdex: File /data/dalvik-cache/arm64/data@app@~~y08kn9uLB5tqKd_kteW-0A==@com.google.android.projection.gearhead-AAup4zzf0b_nlQBJn0SJ1g==@base.apk@classes.vdex does not exist.
04-17 12:08:22.278 23624 23626 I artd    : GetBestInfo checking vdex next to the dex file (/data/app/~~y08kn9uLB5tqKd_kteW-0A==/com.google.android.projection.gearhead-AAup4zzf0b_nlQBJn0SJ1g==/oat/arm64/base.vdex)
04-17 12:08:22.280 23624 23626 I artd    : Successfully loaded /data/app/~~y08kn9uLB5tqKd_kteW-0A==/com.google.android.projection.gearhead-AAup4zzf0b_nlQBJn0SJ1g==/oat/arm64/base.vdex with executable: 0
04-17 12:08:22.280 23624 23626 I artd    : Image checksum test skipped for vdex file /data/app/~~y08kn9uLB5tqKd_kteW-0A==/com.google.android.projection.gearhead-AAup4zzf0b_nlQBJn0SJ1g==/oat/arm64/base.vdex
04-17 12:08:22.280 23624 23626 I artd    : /data/app/~~y08kn9uLB5tqKd_kteW-0A==/com.google.android.projection.gearhead-AAup4zzf0b_nlQBJn0SJ1g==/oat/arm64/base.vdex is kOatUpToDate with filter verify
04-17 12:08:22.281 23624 23626 I artd    : Dex parent of /data/user/0/com.google.android.projection.gearhead/app_impl/sdk_impl.jar is not writable: Permission denied
04-17 12:08:22.281 23624 23626 I artd    : GetBestInfo checking odex in dalvik-cache (/data/dalvik-cache/arm64/data@user@0@com.google.android.projection.gearhead@app_impl@sdk_impl.jar@classes.dex)
04-17 12:08:22.281 23624 23626 I artd    : Loading /data/dalvik-cache/arm64/data@user@0@com.google.android.projection.gearhead@app_impl@sdk_impl.jar@classes.dex with executable: 0
04-17 12:08:22.282 23624 23626 I artd    : OatFileAssistant test for existing oat file /data/dalvik-cache/arm64/data@user@0@com.google.android.projection.gearhead@app_impl@sdk_impl.jar@classes.dex: File /data/dalvik-cache/arm64/data@user@0@com.google.android.projection.gearhead@app_impl@sdk_impl.jar@classes.vdex does not exist.
04-17 12:08:22.282 23624 23626 I artd    : GetBestInfo checking odex next to the dex file (/data/user/0/com.google.android.projection.gearhead/app_impl/oat/arm64/sdk_impl.odex)
04-17 12:08:22.282 23624 23626 I artd    : Loading /data/user/0/com.google.android.projection.gearhead/app_impl/oat/arm64/sdk_impl.odex with executable: 0
04-17 12:08:22.283 23624 23626 I artd    : OatFileAssistant test for existing oat file /data/user/0/com.google.android.projection.gearhead/app_impl/oat/arm64/sdk_impl.odex: Failed to open oat filename for reading: No such file or directory
04-17 12:08:22.283 23624 23626 I artd    : GetBestInfo checking vdex in dalvik-cache (/data/dalvik-cache/arm64/data@user@0@com.google.android.projection.gearhead@app_impl@sdk_impl.jar@classes.vdex)
04-17 12:08:22.283 23624 23626 I artd    : unable to open vdex file /data/dalvik-cache/arm64/data@user@0@com.google.android.projection.gearhead@app_impl@sdk_impl.jar@classes.vdex: File /data/dalvik-cache/arm64/data@user@0@com.google.android.projection.gearhead@app_impl@sdk_impl.jar@classes.vdex does not exist.
04-17 12:08:22.283 23624 23626 I artd    : OatFileAssistant test for existing oat file /data/dalvik-cache/arm64/data@user@0@com.google.android.projection.gearhead@app_impl@sdk_impl.jar@classes.vdex: File /data/dalvik-cache/arm64/data@user@0@com.google.android.projection.gearhead@app_impl@sdk_impl.jar@classes.vdex does not exist.
04-17 12:08:22.283 23624 23626 I artd    : GetBestInfo checking vdex next to the dex file (/data/user/0/com.google.android.projection.gearhead/app_impl/oat/arm64/sdk_impl.vdex)
04-17 12:08:22.285 23624 23626 I artd    : Successfully loaded /data/user/0/com.google.android.projection.gearhead/app_impl/oat/arm64/sdk_impl.vdex with executable: 0
04-17 12:08:22.285 23624 23626 I artd    : Image checksum test skipped for vdex file /data/user/0/com.google.android.projection.gearhead/app_impl/oat/arm64/sdk_impl.vdex
04-17 12:08:22.285 23624 23626 I artd    : /data/user/0/com.google.android.projection.gearhead/app_impl/oat/arm64/sdk_impl.vdex is kOatUpToDate with filter verify
04-17 12:08:22.321  4780  4780 W Finsky  : [2] STU: Failed to get storage stats for package 'com.android.profiling' (1601: Error getting stats: android.content.pm.PackageManager.NameNotFoundException)
04-17 12:08:22.327  4780  4780 W Finsky  : [2] STU: Failed to get storage stats for package 'com.android.tzdata' (1601: Error getting stats: android.content.pm.PackageManager.NameNotFoundException)
04-17 12:08:22.339 23624 23626 I artd    : Dex parent of /data/app/~~UEGo96dLrxMVhEEEyAlrQg==/com.google.android.safetycore-E0263q-ZXuZcyN-G6Bua9g==/base.apk is not writable: Permission denied
04-17 12:08:22.340 23624 23626 I artd    : GetBestInfo checking odex in dalvik-cache (/data/dalvik-cache/arm64/data@app@~~UEGo96dLrxMVhEEEyAlrQg==@com.google.android.safetycore-E0263q-ZXuZcyN-G6Bua9g==@base.apk@classes.dex)
04-17 12:08:22.340 23624 23626 I artd    : Loading /data/dalvik-cache/arm64/data@app@~~UEGo96dLrxMVhEEEyAlrQg==@com.google.android.safetycore-E0263q-ZXuZcyN-G6Bua9g==@base.apk@classes.dex with executable: 0
04-17 12:08:22.340 23624 23626 I artd    : OatFileAssistant test for existing oat file /data/dalvik-cache/arm64/data@app@~~UEGo96dLrxMVhEEEyAlrQg==@com.google.android.safetycore-E0263q-ZXuZcyN-G6Bua9g==@base.apk@classes.dex: File /data/dalvik-cache/arm64/data@app@~~UEGo96dLrxMVhEEEyAlrQg==@com.google.android.safetycore-E0263q-ZXuZcyN-G6Bua9g==@base.apk@classes.vdex does not exist.
04-17 12:08:22.340 23624 23626 I artd    : GetBestInfo checking odex next to the dex file (/data/app/~~UEGo96dLrxMVhEEEyAlrQg==/com.google.android.safetycore-E0263q-ZXuZcyN-G6Bua9g==/oat/arm64/base.odex)
04-17 12:08:22.340 23624 23626 I artd    : Loading /data/app/~~UEGo96dLrxMVhEEEyAlrQg==/com.google.android.safetycore-E0263q-ZXuZcyN-G6Bua9g==/oat/arm64/base.odex with executable: 0
04-17 12:08:22.354  2437  2859 W HWUI    : Image decoding logging dropped!
04-17 12:08:22.357  2437  2859 W HWUI    : Image decoding logging dropped!
04-17 12:08:22.358 23624 23626 I artd    : Successfully loaded /data/app/~~UEGo96dLrxMVhEEEyAlrQg==/com.google.android.safetycore-E0263q-ZXuZcyN-G6Bua9g==/oat/arm64/base.odex with executable: 0
04-17 12:08:22.358 23624 23626 I artd    : Failed to verify checksums of oat file /data/app/~~UEGo96dLrxMVhEEEyAlrQg==/com.google.android.safetycore-E0263q-ZXuZcyN-G6Bua9g==/oat/arm64/base.odex error: Image checksum mismatch, expected i;18/8f4bf6b1:i;28/072cb484 to start with i;18/5697d995
04-17 12:08:22.358 23624 23626 I artd    : Oat image checksum does not match image checksum.
04-17 12:08:22.358 23624 23626 I artd    : /data/app/~~UEGo96dLrxMVhEEEyAlrQg==/com.google.android.safetycore-E0263q-ZXuZcyN-G6Bua9g==/oat/arm64/base.odex is kOatBootImageOutOfDate with filter speed-profile
04-17 12:08:22.358 23624 23626 I artd    : GetBestInfo checking vdex in dalvik-cache (/data/dalvik-cache/arm64/data@app@~~UEGo96dLrxMVhEEEyAlrQg==@com.google.android.safetycore-E0263q-ZXuZcyN-G6Bua9g==@base.apk@classes.vdex)
04-17 12:08:22.358 23624 23626 I artd    : unable to open vdex file /data/dalvik-cache/arm64/data@app@~~UEGo96dLrxMVhEEEyAlrQg==@com.google.android.safetycore-E0263q-ZXuZcyN-G6Bua9g==@base.apk@classes.vdex: File /data/dalvik-cache/arm64/data@app@~~UEGo96dLrxMVhEEEyAlrQg==@com.google.android.safetycore-E0263q-ZXuZcyN-G6Bua9g==@base.apk@classes.vdex does not exist.
04-17 12:08:22.358 23624 23626 I artd    : OatFileAssistant test for existing oat file /data/dalvik-cache/arm64/data@app@~~UEGo96dLrxMVhEEEyAlrQg==@com.google.android.safetycore-E0263q-ZXuZcyN-G6Bua9g==@base.apk@classes.vdex: File /data/dalvik-cache/arm64/data@app@~~UEGo96dLrxMVhEEEyAlrQg==@com.google.android.safetycore-E0263q-ZXuZcyN-G6Bua9g==@base.apk@classes.vdex does not exist.
04-17 12:08:22.358 23624 23626 I artd    : GetBestInfo checking vdex next to the dex file (/data/app/~~UEGo96dLrxMVhEEEyAlrQg==/com.google.android.safetycore-E0263q-ZXuZcyN-G6Bua9g==/oat/arm64/base.vdex)
04-17 12:08:22.360 23624 23626 I artd    : Successfully loaded /data/app/~~UEGo96dLrxMVhEEEyAlrQg==/com.google.android.safetycore-E0263q-ZXuZcyN-G6Bua9g==/oat/arm64/base.vdex with executable: 0
04-17 12:08:22.360 23624 23626 I artd    : Image checksum test skipped for vdex file /data/app/~~UEGo96dLrxMVhEEEyAlrQg==/com.google.android.safetycore-E0263q-ZXuZcyN-G6Bua9g==/oat/arm64/base.vdex
04-17 12:08:22.360 23624 23626 I artd    : /data/app/~~UEGo96dLrxMVhEEEyAlrQg==/com.google.android.safetycore-E0263q-ZXuZcyN-G6Bua9g==/oat/arm64/base.vdex is kOatUpToDate with filter verify
04-17 12:08:22.395 23624 23626 I artd    : Dex parent of /data/app/~~4qrxDI1XXiG4DBlEDtTJOg==/org.mozilla.fenix--FjIcgiYChxmxck6WBxfww==/base.apk is not writable: Permission denied
04-17 12:08:22.395 23624 23626 I artd    : GetBestInfo checking odex in dalvik-cache (/data/dalvik-cache/arm64/data@app@~~4qrxDI1XXiG4DBlEDtTJOg==@org.mozilla.fenix--FjIcgiYChxmxck6WBxfww==@base.apk@classes.dex)
04-17 12:08:22.395 23624 23626 I artd    : Loading /data/dalvik-cache/arm64/data@app@~~4qrxDI1XXiG4DBlEDtTJOg==@org.mozilla.fenix--FjIcgiYChxmxck6WBxfww==@base.apk@classes.dex with executable: 0
04-17 12:08:22.395 23624 23626 I artd    : OatFileAssistant test for existing oat file /data/dalvik-cache/arm64/data@app@~~4qrxDI1XXiG4DBlEDtTJOg==@org.mozilla.fenix--FjIcgiYChxmxck6WBxfww==@base.apk@classes.dex: File /data/dalvik-cache/arm64/data@app@~~4qrxDI1XXiG4DBlEDtTJOg==@org.mozilla.fenix--FjIcgiYChxmxck6WBxfww==@base.apk@classes.vdex does not exist.
04-17 12:08:22.395 23624 23626 I artd    : GetBestInfo checking odex next to the dex file (/data/app/~~4qrxDI1XXiG4DBlEDtTJOg==/org.mozilla.fenix--FjIcgiYChxmxck6WBxfww==/oat/arm64/base.odex)
04-17 12:08:22.395 23624 23626 I artd    : Loading /data/app/~~4qrxDI1XXiG4DBlEDtTJOg==/org.mozilla.fenix--FjIcgiYChxmxck6WBxfww==/oat/arm64/base.odex with executable: 0
04-17 12:08:22.403 23624 23626 I artd    : Successfully loaded /data/app/~~4qrxDI1XXiG4DBlEDtTJOg==/org.mozilla.fenix--FjIcgiYChxmxck6WBxfww==/oat/arm64/base.odex with executable: 0
04-17 12:08:22.403 23624 23626 I artd    : Failed to verify checksums of oat file /data/app/~~4qrxDI1XXiG4DBlEDtTJOg==/org.mozilla.fenix--FjIcgiYChxmxck6WBxfww==/oat/arm64/base.odex error: Image checksum mismatch, expected i;18/8f4bf6b1:i;28/072cb484 to start with i;18/5697d995
04-17 12:08:22.403 23624 23626 I artd    : Oat image checksum does not match image checksum.
04-17 12:08:22.403 23624 23626 I artd    : /data/app/~~4qrxDI1XXiG4DBlEDtTJOg==/org.mozilla.fenix--FjIcgiYChxmxck6WBxfww==/oat/arm64/base.odex is kOatBootImageOutOfDate with filter speed-profile
04-17 12:08:22.403 23624 23626 I artd    : GetBestInfo checking vdex in dalvik-cache (/data/dalvik-cache/arm64/data@app@~~4qrxDI1XXiG4DBlEDtTJOg==@org.mozilla.fenix--FjIcgiYChxmxck6WBxfww==@base.apk@classes.vdex)
04-17 12:08:22.403 23624 23626 I artd    : unable to open vdex file /data/dalvik-cache/arm64/data@app@~~4qrxDI1XXiG4DBlEDtTJOg==@org.mozilla.fenix--FjIcgiYChxmxck6WBxfww==@base.apk@classes.vdex: File /data/dalvik-cache/arm64/data@app@~~4qrxDI1XXiG4DBlEDtTJOg==@org.mozilla.fenix--FjIcgiYChxmxck6WBxfww==@base.apk@classes.vdex does not exist.
04-17 12:08:22.403 23624 23626 I artd    : OatFileAssistant test for existing oat file /data/dalvik-cache/arm64/data@app@~~4qrxDI1XXiG4DBlEDtTJOg==@org.mozilla.fenix--FjIcgiYChxmxck6WBxfww==@base.apk@classes.vdex: File /data/dalvik-cache/arm64/data@app@~~4qrxDI1XXiG4DBlEDtTJOg==@org.mozilla.fenix--FjIcgiYChxmxck6WBxfww==@base.apk@classes.vdex does not exist.
04-17 12:08:22.403 23624 23626 I artd    : GetBestInfo checking vdex next to the dex file (/data/app/~~4qrxDI1XXiG4DBlEDtTJOg==/org.mozilla.fenix--FjIcgiYChxmxck6WBxfww==/oat/arm64/base.vdex)
04-17 12:08:22.405 23624 23626 I artd    : Successfully loaded /data/app/~~4qrxDI1XXiG4DBlEDtTJOg==/org.mozilla.fenix--FjIcgiYChxmxck6WBxfww==/oat/arm64/base.vdex with executable: 0
04-17 12:08:22.405 23624 23626 I artd    : Image checksum test skipped for vdex file /data/app/~~4qrxDI1XXiG4DBlEDtTJOg==/org.mozilla.fenix--FjIcgiYChxmxck6WBxfww==/oat/arm64/base.vdex
04-17 12:08:22.405 23624 23626 I artd    : /data/app/~~4qrxDI1XXiG4DBlEDtTJOg==/org.mozilla.fenix--FjIcgiYChxmxck6WBxfww==/oat/arm64/base.vdex is kOatUpToDate with filter verify
04-17 12:08:22.442  4780  4780 W Finsky  : [2] STU: Failed to get storage stats for package 'com.android.appsearch' (1601: Error getting stats: android.content.pm.PackageManager.NameNotFoundException)
04-17 12:08:22.477 23624 23626 I artd    : Dex parent of /data/app/~~XouvFYmAsWJBwQmzZg9eRw==/com.nonkyc.app-VWYkrwdUze21WBHevev1QA==/base.apk is not writable: Permission denied
04-17 12:08:22.477 23624 23626 I artd    : GetBestInfo checking odex in dalvik-cache (/data/dalvik-cache/arm64/data@app@~~XouvFYmAsWJBwQmzZg9eRw==@com.nonkyc.app-VWYkrwdUze21WBHevev1QA==@base.apk@classes.dex)
04-17 12:08:22.477 23624 23626 I artd    : Loading /data/dalvik-cache/arm64/data@app@~~XouvFYmAsWJBwQmzZg9eRw==@com.nonkyc.app-VWYkrwdUze21WBHevev1QA==@base.apk@classes.dex with executable: 0
04-17 12:08:22.477 23624 23626 I artd    : OatFileAssistant test for existing oat file /data/dalvik-cache/arm64/data@app@~~XouvFYmAsWJBwQmzZg9eRw==@com.nonkyc.app-VWYkrwdUze21WBHevev1QA==@base.apk@classes.dex: File /data/dalvik-cache/arm64/data@app@~~XouvFYmAsWJBwQmzZg9eRw==@com.nonkyc.app-VWYkrwdUze21WBHevev1QA==@base.apk@classes.vdex does not exist.
04-17 12:08:22.477 23624 23626 I artd    : GetBestInfo checking odex next to the dex file (/data/app/~~XouvFYmAsWJBwQmzZg9eRw==/com.nonkyc.app-VWYkrwdUze21WBHevev1QA==/oat/arm64/base.odex)
04-17 12:08:22.477 23624 23626 I artd    : Loading /data/app/~~XouvFYmAsWJBwQmzZg9eRw==/com.nonkyc.app-VWYkrwdUze21WBHevev1QA==/oat/arm64/base.odex with executable: 0
04-17 12:08:22.482 23624 23626 I artd    : Successfully loaded /data/app/~~XouvFYmAsWJBwQmzZg9eRw==/com.nonkyc.app-VWYkrwdUze21WBHevev1QA==/oat/arm64/base.odex with executable: 0
04-17 12:08:22.486 23624 23626 I artd    : /data/app/~~XouvFYmAsWJBwQmzZg9eRw==/com.nonkyc.app-VWYkrwdUze21WBHevev1QA==/oat/arm64/base.odex is kOatUpToDate with filter verify
04-17 12:08:22.517 23624 23626 I artd    : Dex parent of /data/app/~~KJWT3SFWKniRCsOhcj_2lg==/com.monero.app-xV06Jcv1NJ5ihUBfuXGTTg==/base.apk is not writable: Permission denied
04-17 12:08:22.517 23624 23626 I artd    : GetBestInfo checking odex in dalvik-cache (/data/dalvik-cache/arm64/data@app@~~KJWT3SFWKniRCsOhcj_2lg==@com.monero.app-xV06Jcv1NJ5ihUBfuXGTTg==@base.apk@classes.dex)
04-17 12:08:22.517 23624 23626 I artd    : Loading /data/dalvik-cache/arm64/data@app@~~KJWT3SFWKniRCsOhcj_2lg==@com.monero.app-xV06Jcv1NJ5ihUBfuXGTTg==@base.apk@classes.dex with executable: 0
04-17 12:08:22.517 23624 23626 I artd    : OatFileAssistant test for existing oat file /data/dalvik-cache/arm64/data@app@~~KJWT3SFWKniRCsOhcj_2lg==@com.monero.app-xV06Jcv1NJ5ihUBfuXGTTg==@base.apk@classes.dex: File /data/dalvik-cache/arm64/data@app@~~KJWT3SFWKniRCsOhcj_2lg==@com.monero.app-xV06Jcv1NJ5ihUBfuXGTTg==@base.apk@classes.vdex does not exist.
04-17 12:08:22.517 23624 23626 I artd    : GetBestInfo checking odex next to the dex file (/data/app/~~KJWT3SFWKniRCsOhcj_2lg==/com.monero.app-xV06Jcv1NJ5ihUBfuXGTTg==/oat/arm64/base.odex)
04-17 12:08:22.517 23624 23626 I artd    : Loading /data/app/~~KJWT3SFWKniRCsOhcj_2lg==/com.monero.app-xV06Jcv1NJ5ihUBfuXGTTg==/oat/arm64/base.odex with executable: 0
04-17 12:08:22.528 23624 23626 I artd    : Successfully loaded /data/app/~~KJWT3SFWKniRCsOhcj_2lg==/com.monero.app-xV06Jcv1NJ5ihUBfuXGTTg==/oat/arm64/base.odex with executable: 0
04-17 12:08:22.533 23624 23626 I artd    : Failed to verify checksums of oat file /data/app/~~KJWT3SFWKniRCsOhcj_2lg==/com.monero.app-xV06Jcv1NJ5ihUBfuXGTTg==/oat/arm64/base.odex error: Image checksum mismatch, expected i;18/8f4bf6b1:i;28/072cb484 to start with i;18/5697d995
04-17 12:08:22.533 23624 23626 I artd    : Oat image checksum does not match image checksum.
04-17 12:08:22.533 23624 23626 I artd    : /data/app/~~KJWT3SFWKniRCsOhcj_2lg==/com.monero.app-xV06Jcv1NJ5ihUBfuXGTTg==/oat/arm64/base.odex is kOatBootImageOutOfDate with filter speed-profile
04-17 12:08:22.533 23624 23626 I artd    : GetBestInfo checking vdex in dalvik-cache (/data/dalvik-cache/arm64/data@app@~~KJWT3SFWKniRCsOhcj_2lg==@com.monero.app-xV06Jcv1NJ5ihUBfuXGTTg==@base.apk@classes.vdex)
04-17 12:08:22.533 23624 23626 I artd    : unable to open vdex file /data/dalvik-cache/arm64/data@app@~~KJWT3SFWKniRCsOhcj_2lg==@com.monero.app-xV06Jcv1NJ5ihUBfuXGTTg==@base.apk@classes.vdex: File /data/dalvik-cache/arm64/data@app@~~KJWT3SFWKniRCsOhcj_2lg==@com.monero.app-xV06Jcv1NJ5ihUBfuXGTTg==@base.apk@classes.vdex does not exist.
04-17 12:08:22.533 23624 23626 I artd    : OatFileAssistant test for existing oat file /data/dalvik-cache/arm64/data@app@~~KJWT3SFWKniRCsOhcj_2lg==@com.monero.app-xV06Jcv1NJ5ihUBfuXGTTg==@base.apk@classes.vdex: File /data/dalvik-cache/arm64/data@app@~~KJWT3SFWKniRCsOhcj_2lg==@com.monero.app-xV06Jcv1NJ5ihUBfuXGTTg==@base.apk@classes.vdex does not exist.
04-17 12:08:22.533 23624 23626 I artd    : GetBestInfo checking vdex next to the dex file (/data/app/~~KJWT3SFWKniRCsOhcj_2lg==/com.monero.app-xV06Jcv1NJ5ihUBfuXGTTg==/oat/arm64/base.vdex)
04-17 12:08:22.537 23624 23626 I artd    : Successfully loaded /data/app/~~KJWT3SFWKniRCsOhcj_2lg==/com.monero.app-xV06Jcv1NJ5ihUBfuXGTTg==/oat/arm64/base.vdex with executable: 0
04-17 12:08:22.537 23624 23626 I artd    : Image checksum test skipped for vdex file /data/app/~~KJWT3SFWKniRCsOhcj_2lg==/com.monero.app-xV06Jcv1NJ5ihUBfuXGTTg==/oat/arm64/base.vdex
04-17 12:08:22.537 23624 23626 I artd    : /data/app/~~KJWT3SFWKniRCsOhcj_2lg==/com.monero.app-xV06Jcv1NJ5ihUBfuXGTTg==/oat/arm64/base.vdex is kOatUpToDate with filter verify
04-17 12:08:22.558  1641  2328 E WifiStaIfaceAidlImpl: getCachedScanData failed with service-specific exception: android.os.ServiceSpecificException:  (code 4)
04-17 12:08:22.896  7071  7071 W tor     : type=1400 audit(0.0:6742): avc:  denied  { ioctl } for  path="socket:[144767]" dev="sockfs" ino=144767 ioctlcmd=0x894b scontext=u:r:untrusted_app:s0:c170,c256,c512,c768 tcontext=u:r:untrusted_app:s0:c170,c256,c512,c768 tclass=tcp_socket permissive=0 app=org.torproject.android
04-17 12:08:22.905  6567 23607 D conversations: testosterter@conversations.im: protocol=TLSv1.3 cipher=TLS_AES_256_GCM_SHA384
04-17 12:08:22.907  6567 23607 D conversations: testosterter@conversations.im: quick start in progress. ignoring features: mechanisms, sasl-channel-binding, authentication, register
04-17 12:08:22.907  6567 23607 D conversations: testosterter@conversations.im: fast token available; resetting quick start
04-17 12:08:22.908  6567 23607 D conversations: testosterter@conversations.im: login failure: Invalid username or password
04-17 12:08:22.908  6567 23607 D conversations: testosterter@conversations.im: error connecting account. try again in 273s for the 144 time. lowPingTimeout=false, aggressive=false
04-17 12:08:22.906  7071  7071 W tor     : type=1400 audit(0.0:6743): avc:  denied  { ioctl } for  path="socket:[145709]" dev="sockfs" ino=145709 ioctlcmd=0x894b scontext=u:r:untrusted_app:s0:c170,c256,c512,c768 tcontext=u:r:untrusted_app:s0:c170,c256,c512,c768 tclass=tcp_socket permissive=0 app=org.torproject.android
04-17 12:08:22.916  7071  7071 W tor     : type=1400 audit(0.0:6744): avc:  denied  { ioctl } for  path="socket:[145709]" dev="sockfs" ino=145709 ioctlcmd=0x894b scontext=u:r:untrusted_app:s0:c170,c256,c512,c768 tcontext=u:r:untrusted_app:s0:c170,c256,c512,c768 tclass=tcp_socket permissive=0 app=org.torproject.android
04-17 12:08:23.070  3155  3155 W LocaleConfig: Failed to parse XML configuration from m3_button_group_child_size_change
04-17 12:08:23.070  3155  3155 W LocaleConfig: org.xmlpull.v1.XmlPullParserException: Unexpected start tag: found selector, expected locale-config
04-17 12:08:23.070  3155  3155 W LocaleConfig: 	at com.android.internal.util.XmlUtils.beginDocument(XmlUtils.java:1701)
04-17 12:08:23.070  3155  3155 W LocaleConfig: 	at android.app.LocaleConfig.parseLocaleConfig(LocaleConfig.java:204)
04-17 12:08:23.070  3155  3155 W LocaleConfig: 	at android.app.LocaleConfig.<init>(LocaleConfig.java:156)
04-17 12:08:23.070  3155  3155 W LocaleConfig: 	at android.app.LocaleConfig.fromContextIgnoringOverride(LocaleConfig.java:126)
04-17 12:08:23.070  3155  3155 W LocaleConfig: 	at android.app.ContextImpl.setResources(ContextImpl.java:3672)
04-17 12:08:23.070  3155  3155 W LocaleConfig: 	at android.app.ContextImpl.<init>(ContextImpl.java:3599)
04-17 12:08:23.070  3155  3155 W LocaleConfig: 	at android.app.ContextImpl.createApplicationContextAsUser(ContextImpl.java:2777)
04-17 12:08:23.070  3155  3155 W LocaleConfig: 	at android.app.ContextImpl.createApplicationContext(ContextImpl.java:2768)
04-17 12:08:23.070  3155  3155 W LocaleConfig: 	at android.content.ContextWrapper.createApplicationContext(ContextWrapper.java:1139)
04-17 12:08:23.070  3155  3155 W LocaleConfig: 	at android.app.Notification$Builder.recoverBuilder(Notification.java:7334)
04-17 12:08:23.070  3155  3155 W LocaleConfig: 	at android.ext.services.notification.NotificationEntry.<init>(go/retraceme a2165b383c7c7fbaaea02ced6998daf6ddee28de03c5f1acadd6984f59cff960:40)
04-17 12:08:23.070  3155  3155 W LocaleConfig: 	at android.ext.services.notification.Assistant.onNotificationPosted(go/retraceme a2165b383c7c7fbaaea02ced6998daf6ddee28de03c5f1acadd6984f59cff960:75)
04-17 12:08:23.070  3155  3155 W LocaleConfig: 	at android.service.notification.NotificationListenerService$MyHandler.handleMessage(NotificationListenerService.java:2476)
04-17 12:08:23.070  3155  3155 W LocaleConfig: 	at android.os.Handler.dispatchMessage(Handler.java:109)
04-17 12:08:23.070  3155  3155 W LocaleConfig: 	at android.os.Looper.loopOnce(Looper.java:232)
04-17 12:08:23.070  3155  3155 W LocaleConfig: 	at android.os.Looper.loop(Looper.java:317)
04-17 12:08:23.070  3155  3155 W LocaleConfig: 	at android.app.ActivityThread.main(ActivityThread.java:8934)
04-17 12:08:23.070  3155  3155 W LocaleConfig: 	at java.lang.reflect.Method.invoke(Native Method)
04-17 12:08:23.070  3155  3155 W LocaleConfig: 	at com.android.internal.os.RuntimeInit$MethodAndArgsCaller.run(RuntimeInit.java:591)
04-17 12:08:23.070  3155  3155 W LocaleConfig: 	at com.android.internal.os.ZygoteInit.main(ZygoteInit.java:911)
04-17 12:08:23.078  2437  2859 E ndroid.systemui: Resource 7f140000 is a complex map type.
04-17 12:08:23.078  2437  2859 W LocaleConfig: The resource file pointed to by the given resource ID isn't found.
04-17 12:08:23.079  2437  2859 E ndroid.systemui: Resource 7f140000 is a complex map type.
04-17 12:08:23.079  2437  2859 W LocaleConfig: The resource file pointed to by the given resource ID isn't found.
04-17 12:08:23.094  2437  2859 W HWUI    : Image decoding logging dropped!
04-17 12:08:23.097  2437  2859 W HWUI    : Image decoding logging dropped!
04-17 12:08:23.105  1641  8344 W ActivityManager: Foreground service started from background can not have location/camera/microphone access: service org.torproject.android/.service.OrbotService
04-17 12:08:23.125  1641  1641 E system_server: No package ID 7f found for resource ID 0x7f150005.
04-17 12:08:23.125  1641  1641 W LocaleConfig: The resource file pointed to by the given resource ID isn't found.
04-17 12:08:23.129  1641  1641 I system_server: AssetManager2(0x7e67146e58) locale list changing from [] to [en-GB]
04-17 12:08:23.132  1641  1641 E system_server: No package ID 7f found for resource ID 0x7f150005.
04-17 12:08:23.133  1641  1641 W LocaleConfig: The resource file pointed to by the given resource ID isn't found.
04-17 12:08:23.146  3155  3155 W LocaleConfig: The resource file pointed to by the given resource ID isn't found.
04-17 12:08:23.150  3155  3155 W LocaleConfig: The resource file pointed to by the given resource ID isn't found.
04-17 12:08:23.371  2437  2859 W HWUI    : Image decoding logging dropped!
04-17 12:08:23.375  2437  2859 W HWUI    : Image decoding logging dropped!
04-17 12:08:23.379  2437  2859 W LocaleConfig: The resource file pointed to by the given resource ID isn't found.
04-17 12:08:23.380  2437  2859 W LocaleConfig: The resource file pointed to by the given resource ID isn't found.
04-17 12:08:23.386  2437  2859 W LocaleConfig: The resource file pointed to by the given resource ID isn't found.
04-17 12:08:23.387  2437  2859 W LocaleConfig: The resource file pointed to by the given resource ID isn't found.
04-17 12:08:23.405  2437  2859 D LocalImageResolver: Couldn't use ImageDecoder for drawable, falling back to non-resized load.
04-17 12:08:23.408  2437  2859 D LocalImageResolver: Couldn't use ImageDecoder for drawable, falling back to non-resized load.
04-17 12:08:23.411  2437  2859 D LocalImageResolver: Couldn't use ImageDecoder for drawable, falling back to non-resized load.
04-17 12:08:23.413  2437  2859 D LocalImageResolver: Couldn't use ImageDecoder for drawable, falling back to non-resized load.
04-17 12:08:23.978  4780  4780 W Finsky  : [2] STU: Failed to get storage stats for package 'com.android.virt' (1601: Error getting stats: android.content.pm.PackageManager.NameNotFoundException)
04-17 12:08:23.995 23624 23626 I artd    : Dex parent of /data/app/~~X9SStutYT12QCLvz3z1Eyw==/com.google.android.apps.walletnfcrel-wGlvloaFHfAv6NA-V0NezA==/base.apk is not writable: Permission denied
04-17 12:08:23.995 23624 23626 I artd    : GetBestInfo checking odex in dalvik-cache (/data/dalvik-cache/arm64/data@app@~~X9SStutYT12QCLvz3z1Eyw==@com.google.android.apps.walletnfcrel-wGlvloaFHfAv6NA-V0NezA==@base.apk@classes.dex)
04-17 12:08:23.995 23624 23626 I artd    : Loading /data/dalvik-cache/arm64/data@app@~~X9SStutYT12QCLvz3z1Eyw==@com.google.android.apps.walletnfcrel-wGlvloaFHfAv6NA-V0NezA==@base.apk@classes.dex with executable: 0
04-17 12:08:23.996 23624 23626 I artd    : OatFileAssistant test for existing oat file /data/dalvik-cache/arm64/data@app@~~X9SStutYT12QCLvz3z1Eyw==@com.google.android.apps.walletnfcrel-wGlvloaFHfAv6NA-V0NezA==@base.apk@classes.dex: File /data/dalvik-cache/arm64/data@app@~~X9SStutYT12QCLvz3z1Eyw==@com.google.android.apps.walletnfcrel-wGlvloaFHfAv6NA-V0NezA==@base.apk@classes.vdex does not exist.
04-17 12:08:23.996 23624 23626 I artd    : GetBestInfo checking odex next to the dex file (/data/app/~~X9SStutYT12QCLvz3z1Eyw==/com.google.android.apps.walletnfcrel-wGlvloaFHfAv6NA-V0NezA==/oat/arm64/base.odex)
04-17 12:08:23.996 23624 23626 I artd    : Loading /data/app/~~X9SStutYT12QCLvz3z1Eyw==/com.google.android.apps.walletnfcrel-wGlvloaFHfAv6NA-V0NezA==/oat/arm64/base.odex with executable: 0
04-17 12:08:24.002 23624 23626 I artd    : Successfully loaded /data/app/~~X9SStutYT12QCLvz3z1Eyw==/com.google.android.apps.walletnfcrel-wGlvloaFHfAv6NA-V0NezA==/oat/arm64/base.odex with executable: 0
04-17 12:08:24.002 23624 23626 I artd    : Failed to verify checksums of oat file /data/app/~~X9SStutYT12QCLvz3z1Eyw==/com.google.android.apps.walletnfcrel-wGlvloaFHfAv6NA-V0NezA==/oat/arm64/base.odex error: Image checksum mismatch, expected i;18/8f4bf6b1:i;28/072cb484 to start with i;18/5697d995
04-17 12:08:24.002 23624 23626 I artd    : Oat image checksum does not match image checksum.
04-17 12:08:24.002 23624 23626 I artd    : /data/app/~~X9SStutYT12QCLvz3z1Eyw==/com.google.android.apps.walletnfcrel-wGlvloaFHfAv6NA-V0NezA==/oat/arm64/base.odex is kOatBootImageOutOfDate with filter speed-profile
04-17 12:08:24.002 23624 23626 I artd    : GetBestInfo checking vdex in dalvik-cache (/data/dalvik-cache/arm64/data@app@~~X9SStutYT12QCLvz3z1Eyw==@com.google.android.apps.walletnfcrel-wGlvloaFHfAv6NA-V0NezA==@base.apk@classes.vdex)
04-17 12:08:24.002 23624 23626 I artd    : unable to open vdex file /data/dalvik-cache/arm64/data@app@~~X9SStutYT12QCLvz3z1Eyw==@com.google.android.apps.walletnfcrel-wGlvloaFHfAv6NA-V0NezA==@base.apk@classes.vdex: File /data/dalvik-cache/arm64/data@app@~~X9SStutYT12QCLvz3z1Eyw==@com.google.android.apps.walletnfcrel-wGlvloaFHfAv6NA-V0NezA==@base.apk@classes.vdex does not exist.
04-17 12:08:24.002 23624 23626 I artd    : OatFileAssistant test for existing oat file /data/dalvik-cache/arm64/data@app@~~X9SStutYT12QCLvz3z1Eyw==@com.google.android.apps.walletnfcrel-wGlvloaFHfAv6NA-V0NezA==@base.apk@classes.vdex: File /data/dalvik-cache/arm64/data@app@~~X9SStutYT12QCLvz3z1Eyw==@com.google.android.apps.walletnfcrel-wGlvloaFHfAv6NA-V0NezA==@base.apk@classes.vdex does not exist.
04-17 12:08:24.002 23624 23626 I artd    : GetBestInfo checking vdex next to the dex file (/data/app/~~X9SStutYT12QCLvz3z1Eyw==/com.google.android.apps.walletnfcrel-wGlvloaFHfAv6NA-V0NezA==/oat/arm64/base.vdex)
04-17 12:08:24.004 23624 23626 I artd    : Successfully loaded /data/app/~~X9SStutYT12QCLvz3z1Eyw==/com.google.android.apps.walletnfcrel-wGlvloaFHfAv6NA-V0NezA==/oat/arm64/base.vdex with executable: 0
04-17 12:08:24.004 23624 23626 I artd    : Image checksum test skipped for vdex file /data/app/~~X9SStutYT12QCLvz3z1Eyw==/com.google.android.apps.walletnfcrel-wGlvloaFHfAv6NA-V0NezA==/oat/arm64/base.vdex
04-17 12:08:24.004 23624 23626 I artd    : /data/app/~~X9SStutYT12QCLvz3z1Eyw==/com.google.android.apps.walletnfcrel-wGlvloaFHfAv6NA-V0NezA==/oat/arm64/base.vdex is kOatUpToDate with filter verify
04-17 12:08:24.032  4780  4780 W Finsky  : [2] STU: Failed to get storage stats for package 'com.android.mediaprovider' (1601: Error getting stats: android.content.pm.PackageManager.NameNotFoundException)
04-17 12:08:24.033  4780  4780 W Finsky  : [2] STU: Failed to get storage stats for package 'com.android.btservices' (1601: Error getting stats: android.content.pm.PackageManager.NameNotFoundException)
04-17 12:08:24.039 23624 23626 I artd    : Dex parent of /data/app/~~M-yROpeRwmbFGXlyzhxKmg==/io.element.android.x-Kdr4NkBaVuNW7adWMIRomA==/base.apk is not writable: Permission denied
04-17 12:08:24.040 23624 23626 I artd    : GetBestInfo checking odex in dalvik-cache (/data/dalvik-cache/arm64/data@app@~~M-yROpeRwmbFGXlyzhxKmg==@io.element.android.x-Kdr4NkBaVuNW7adWMIRomA==@base.apk@classes.dex)
04-17 12:08:24.040 23624 23626 I artd    : Loading /data/dalvik-cache/arm64/data@app@~~M-yROpeRwmbFGXlyzhxKmg==@io.element.android.x-Kdr4NkBaVuNW7adWMIRomA==@base.apk@classes.dex with executable: 0
04-17 12:08:24.040 23624 23626 I artd    : OatFileAssistant test for existing oat file /data/dalvik-cache/arm64/data@app@~~M-yROpeRwmbFGXlyzhxKmg==@io.element.android.x-Kdr4NkBaVuNW7adWMIRomA==@base.apk@classes.dex: File /data/dalvik-cache/arm64/data@app@~~M-yROpeRwmbFGXlyzhxKmg==@io.element.android.x-Kdr4NkBaVuNW7adWMIRomA==@base.apk@classes.vdex does not exist.
04-17 12:08:24.040 23624 23626 I artd    : GetBestInfo checking odex next to the dex file (/data/app/~~M-yROpeRwmbFGXlyzhxKmg==/io.element.android.x-Kdr4NkBaVuNW7adWMIRomA==/oat/arm64/base.odex)
04-17 12:08:24.040 23624 23626 I artd    : Loading /data/app/~~M-yROpeRwmbFGXlyzhxKmg==/io.element.android.x-Kdr4NkBaVuNW7adWMIRomA==/oat/arm64/base.odex with executable: 0
04-17 12:08:24.047 23624 23626 I artd    : Successfully loaded /data/app/~~M-yROpeRwmbFGXlyzhxKmg==/io.element.android.x-Kdr4NkBaVuNW7adWMIRomA==/oat/arm64/base.odex with executable: 0
04-17 12:08:24.047 23624 23626 I artd    : Failed to verify checksums of oat file /data/app/~~M-yROpeRwmbFGXlyzhxKmg==/io.element.android.x-Kdr4NkBaVuNW7adWMIRomA==/oat/arm64/base.odex error: Image checksum mismatch, expected i;18/8f4bf6b1:i;28/072cb484 to start with i;18/5697d995
04-17 12:08:24.047 23624 23626 I artd    : Oat image checksum does not match image checksum.
04-17 12:08:24.047 23624 23626 I artd    : /data/app/~~M-yROpeRwmbFGXlyzhxKmg==/io.element.android.x-Kdr4NkBaVuNW7adWMIRomA==/oat/arm64/base.odex is kOatBootImageOutOfDate with filter speed-profile
04-17 12:08:24.047 23624 23626 I artd    : GetBestInfo checking vdex in dalvik-cache (/data/dalvik-cache/arm64/data@app@~~M-yROpeRwmbFGXlyzhxKmg==@io.element.android.x-Kdr4NkBaVuNW7adWMIRomA==@base.apk@classes.vdex)
04-17 12:08:24.047 23624 23626 I artd    : unable to open vdex file /data/dalvik-cache/arm64/data@app@~~M-yROpeRwmbFGXlyzhxKmg==@io.element.android.x-Kdr4NkBaVuNW7adWMIRomA==@base.apk@classes.vdex: File /data/dalvik-cache/arm64/data@app@~~M-yROpeRwmbFGXlyzhxKmg==@io.element.android.x-Kdr4NkBaVuNW7adWMIRomA==@base.apk@classes.vdex does not exist.
04-17 12:08:24.047 23624 23626 I artd    : OatFileAssistant test for existing oat file /data/dalvik-cache/arm64/data@app@~~M-yROpeRwmbFGXlyzhxKmg==@io.element.android.x-Kdr4NkBaVuNW7adWMIRomA==@base.apk@classes.vdex: File /data/dalvik-cache/arm64/data@app@~~M-yROpeRwmbFGXlyzhxKmg==@io.element.android.x-Kdr4NkBaVuNW7adWMIRomA==@base.apk@classes.vdex does not exist.
04-17 12:08:24.047 23624 23626 I artd    : GetBestInfo checking vdex next to the dex file (/data/app/~~M-yROpeRwmbFGXlyzhxKmg==/io.element.android.x-Kdr4NkBaVuNW7adWMIRomA==/oat/arm64/base.vdex)
04-17 12:08:24.049 23624 23626 I artd    : Successfully loaded /data/app/~~M-yROpeRwmbFGXlyzhxKmg==/io.element.android.x-Kdr4NkBaVuNW7adWMIRomA==/oat/arm64/base.vdex with executable: 0
04-17 12:08:24.049 23624 23626 I artd    : Image checksum test skipped for vdex file /data/app/~~M-yROpeRwmbFGXlyzhxKmg==/io.element.android.x-Kdr4NkBaVuNW7adWMIRomA==/oat/arm64/base.vdex
04-17 12:08:24.049 23624 23626 I artd    : /data/app/~~M-yROpeRwmbFGXlyzhxKmg==/io.element.android.x-Kdr4NkBaVuNW7adWMIRomA==/oat/arm64/base.vdex is kOatUpToDate with filter verify
04-17 12:08:24.073  3155  3155 W LocaleConfig: Failed to parse XML configuration from m3_button_group_child_size_change
04-17 12:08:24.073  3155  3155 W LocaleConfig: org.xmlpull.v1.XmlPullParserException: Unexpected start tag: found selector, expected locale-config
04-17 12:08:24.073  3155  3155 W LocaleConfig: 	at com.android.internal.util.XmlUtils.beginDocument(XmlUtils.java:1701)
04-17 12:08:24.073  3155  3155 W LocaleConfig: 	at android.app.LocaleConfig.parseLocaleConfig(LocaleConfig.java:204)
04-17 12:08:24.073  3155  3155 W LocaleConfig: 	at android.app.LocaleConfig.<init>(LocaleConfig.java:156)
04-17 12:08:24.073  3155  3155 W LocaleConfig: 	at android.app.LocaleConfig.fromContextIgnoringOverride(LocaleConfig.java:126)
04-17 12:08:24.073  3155  3155 W LocaleConfig: 	at android.app.ContextImpl.setResources(ContextImpl.java:3672)
04-17 12:08:24.073  3155  3155 W LocaleConfig: 	at android.app.ContextImpl.<init>(ContextImpl.java:3599)
04-17 12:08:24.073  3155  3155 W LocaleConfig: 	at android.app.ContextImpl.createApplicationContextAsUser(ContextImpl.java:2777)
04-17 12:08:24.073  3155  3155 W LocaleConfig: 	at android.app.ContextImpl.createApplicationContext(ContextImpl.java:2768)
04-17 12:08:24.073  3155  3155 W LocaleConfig: 	at android.content.ContextWrapper.createApplicationContext(ContextWrapper.java:1139)
04-17 12:08:24.073  3155  3155 W LocaleConfig: 	at android.app.Notification$Builder.recoverBuilder(Notification.java:7334)
04-17 12:08:24.073  3155  3155 W LocaleConfig: 	at android.ext.services.notification.NotificationEntry.<init>(go/retraceme a2165b383c7c7fbaaea02ced6998daf6ddee28de03c5f1acadd6984f59cff960:40)
04-17 12:08:24.073  3155  3155 W LocaleConfig: 	at android.ext.services.notification.Assistant.onNotificationPosted(go/retraceme a2165b383c7c7fbaaea02ced6998daf6ddee28de03c5f1acadd6984f59cff960:75)
04-17 12:08:24.073  3155  3155 W LocaleConfig: 	at android.service.notification.NotificationListenerService$MyHandler.handleMessage(NotificationListenerService.java:2476)
04-17 12:08:24.073  3155  3155 W LocaleConfig: 	at android.os.Handler.dispatchMessage(Handler.java:109)
04-17 12:08:24.073  3155  3155 W LocaleConfig: 	at android.os.Looper.loopOnce(Looper.java:232)
04-17 12:08:24.073  3155  3155 W LocaleConfig: 	at android.os.Looper.loop(Looper.java:317)
04-17 12:08:24.073  3155  3155 W LocaleConfig: 	at android.app.ActivityThread.main(ActivityThread.java:8934)
04-17 12:08:24.073  3155  3155 W LocaleConfig: 	at java.lang.reflect.Method.invoke(Native Method)
04-17 12:08:24.073  3155  3155 W LocaleConfig: 	at com.android.internal.os.RuntimeInit$MethodAndArgsCaller.run(RuntimeInit.java:591)
04-17 12:08:24.073  3155  3155 W LocaleConfig: 	at com.android.internal.os.ZygoteInit.main(ZygoteInit.java:911)
04-17 12:08:24.089  2437  2859 E ndroid.systemui: Resource 7f140000 is a complex map type.
04-17 12:08:24.089  2437  2859 W LocaleConfig: The resource file pointed to by the given resource ID isn't found.
04-17 12:08:24.090  2437  2859 E ndroid.systemui: Resource 7f140000 is a complex map type.
04-17 12:08:24.090  2437  2859 W LocaleConfig: The resource file pointed to by the given resource ID isn't found.
04-17 12:08:24.104  2437  2859 W HWUI    : Image decoding logging dropped!
04-17 12:08:24.104 23624 23626 I artd    : Dex parent of /data/app/~~X_fxr8vNVeAQOPcxX9V71Q==/org.pihole.android-qIaf6-Je9-UeG3ZP2WMmSg==/base.apk is not writable: Permission denied
04-17 12:08:24.104 23624 23626 I artd    : GetBestInfo checking odex in dalvik-cache (/data/dalvik-cache/arm64/data@app@~~X_fxr8vNVeAQOPcxX9V71Q==@org.pihole.android-qIaf6-Je9-UeG3ZP2WMmSg==@base.apk@classes.dex)
04-17 12:08:24.104 23624 23626 I artd    : Loading /data/dalvik-cache/arm64/data@app@~~X_fxr8vNVeAQOPcxX9V71Q==@org.pihole.android-qIaf6-Je9-UeG3ZP2WMmSg==@base.apk@classes.dex with executable: 0
04-17 12:08:24.104 23624 23626 I artd    : OatFileAssistant test for existing oat file /data/dalvik-cache/arm64/data@app@~~X_fxr8vNVeAQOPcxX9V71Q==@org.pihole.android-qIaf6-Je9-UeG3ZP2WMmSg==@base.apk@classes.dex: File /data/dalvik-cache/arm64/data@app@~~X_fxr8vNVeAQOPcxX9V71Q==@org.pihole.android-qIaf6-Je9-UeG3ZP2WMmSg==@base.apk@classes.vdex does not exist.
04-17 12:08:24.104 23624 23626 I artd    : GetBestInfo checking odex next to the dex file (/data/app/~~X_fxr8vNVeAQOPcxX9V71Q==/org.pihole.android-qIaf6-Je9-UeG3ZP2WMmSg==/oat/arm64/base.odex)
04-17 12:08:24.104 23624 23626 I artd    : Loading /data/app/~~X_fxr8vNVeAQOPcxX9V71Q==/org.pihole.android-qIaf6-Je9-UeG3ZP2WMmSg==/oat/arm64/base.odex with executable: 0
04-17 12:08:24.105 23624 23626 I artd    : OatFileAssistant test for existing oat file /data/app/~~X_fxr8vNVeAQOPcxX9V71Q==/org.pihole.android-qIaf6-Je9-UeG3ZP2WMmSg==/oat/arm64/base.odex: File /data/app/~~X_fxr8vNVeAQOPcxX9V71Q==/org.pihole.android-qIaf6-Je9-UeG3ZP2WMmSg==/oat/arm64/base.vdex does not exist.
04-17 12:08:24.105 23624 23626 I artd    : GetBestInfo checking vdex in dalvik-cache (/data/dalvik-cache/arm64/data@app@~~X_fxr8vNVeAQOPcxX9V71Q==@org.pihole.android-qIaf6-Je9-UeG3ZP2WMmSg==@base.apk@classes.vdex)
04-17 12:08:24.105 23624 23626 I artd    : unable to open vdex file /data/dalvik-cache/arm64/data@app@~~X_fxr8vNVeAQOPcxX9V71Q==@org.pihole.android-qIaf6-Je9-UeG3ZP2WMmSg==@base.apk@classes.vdex: File /data/dalvik-cache/arm64/data@app@~~X_fxr8vNVeAQOPcxX9V71Q==@org.pihole.android-qIaf6-Je9-UeG3ZP2WMmSg==@base.apk@classes.vdex does not exist.
04-17 12:08:24.105 23624 23626 I artd    : OatFileAssistant test for existing oat file /data/dalvik-cache/arm64/data@app@~~X_fxr8vNVeAQOPcxX9V71Q==@org.pihole.android-qIaf6-Je9-UeG3ZP2WMmSg==@base.apk@classes.vdex: File /data/dalvik-cache/arm64/data@app@~~X_fxr8vNVeAQOPcxX9V71Q==@org.pihole.android-qIaf6-Je9-UeG3ZP2WMmSg==@base.apk@classes.vdex does not exist.
04-17 12:08:24.105 23624 23626 I artd    : GetBestInfo checking vdex next to the dex file (/data/app/~~X_fxr8vNVeAQOPcxX9V71Q==/org.pihole.android-qIaf6-Je9-UeG3ZP2WMmSg==/oat/arm64/base.vdex)
04-17 12:08:24.105 23624 23626 I artd    : unable to open vdex file /data/app/~~X_fxr8vNVeAQOPcxX9V71Q==/org.pihole.android-qIaf6-Je9-UeG3ZP2WMmSg==/oat/arm64/base.vdex: File /data/app/~~X_fxr8vNVeAQOPcxX9V71Q==/org.pihole.android-qIaf6-Je9-UeG3ZP2WMmSg==/oat/arm64/base.vdex does not exist.
04-17 12:08:24.105 23624 23626 I artd    : OatFileAssistant test for existing oat file /data/app/~~X_fxr8vNVeAQOPcxX9V71Q==/org.pihole.android-qIaf6-Je9-UeG3ZP2WMmSg==/oat/arm64/base.vdex: File /data/app/~~X_fxr8vNVeAQOPcxX9V71Q==/org.pihole.android-qIaf6-Je9-UeG3ZP2WMmSg==/oat/arm64/base.vdex does not exist.
04-17 12:08:24.105 23624 23626 I artd    : GetBestInfo checking dm (/data/app/~~X_fxr8vNVeAQOPcxX9V71Q==/org.pihole.android-qIaf6-Je9-UeG3ZP2WMmSg==/base.dm)
04-17 12:08:24.105 23624 23626 W ziparchive: Unable to open '/data/app/~~X_fxr8vNVeAQOPcxX9V71Q==/org.pihole.android-qIaf6-Je9-UeG3ZP2WMmSg==/base.dm': No such file or directory
04-17 12:08:24.105 23624 23626 I artd    : OatFileAssistant test for existing oat file /data/app/~~X_fxr8vNVeAQOPcxX9V71Q==/org.pihole.android-qIaf6-Je9-UeG3ZP2WMmSg==/base.dm: I/O error
04-17 12:08:24.105 23624 23626 I artd    : GetBestInfo checking dm (/data/app/~~X_fxr8vNVeAQOPcxX9V71Q==/org.pihole.android-qIaf6-Je9-UeG3ZP2WMmSg==/base.dm)
04-17 12:08:24.105 23624 23626 W ziparchive: Unable to open '/data/app/~~X_fxr8vNVeAQOPcxX9V71Q==/org.pihole.android-qIaf6-Je9-UeG3ZP2WMmSg==/base.dm': No such file or directory
04-17 12:08:24.105 23624 23626 I artd    : OatFileAssistant test for existing oat file /data/app/~~X_fxr8vNVeAQOPcxX9V71Q==/org.pihole.android-qIaf6-Je9-UeG3ZP2WMmSg==/base.dm: I/O error
04-17 12:08:24.105 23624 23626 I artd    : GetBestInfo no usable artifacts
04-17 12:08:24.105  1641  3938 W ActivityManager: Foreground service started from background can not have location/camera/microphone access: service org.torproject.android/.service.OrbotService
04-17 12:08:24.109  2437  2859 W HWUI    : Image decoding logging dropped!
04-17 12:08:24.116 23624 23626 I artd    : Dex parent of /data/app/~~qImK_SjBts3yNt5_ihbAQw==/ua.vodafone.myvodafone-jbGFlGedW8iG-Egb4CbycQ==/base.apk is not writable: Permission denied
04-17 12:08:24.116 23624 23626 I artd    : GetBestInfo checking odex in dalvik-cache (/data/dalvik-cache/arm64/data@app@~~qImK_SjBts3yNt5_ihbAQw==@ua.vodafone.myvodafone-jbGFlGedW8iG-Egb4CbycQ==@base.apk@classes.dex)
04-17 12:08:24.116 23624 23626 I artd    : Loading /data/dalvik-cache/arm64/data@app@~~qImK_SjBts3yNt5_ihbAQw==@ua.vodafone.myvodafone-jbGFlGedW8iG-Egb4CbycQ==@base.apk@classes.dex with executable: 0
04-17 12:08:24.116 23624 23626 I artd    : OatFileAssistant test for existing oat file /data/dalvik-cache/arm64/data@app@~~qImK_SjBts3yNt5_ihbAQw==@ua.vodafone.myvodafone-jbGFlGedW8iG-Egb4CbycQ==@base.apk@classes.dex: File /data/dalvik-cache/arm64/data@app@~~qImK_SjBts3yNt5_ihbAQw==@ua.vodafone.myvodafone-jbGFlGedW8iG-Egb4CbycQ==@base.apk@classes.vdex does not exist.
04-17 12:08:24.116 23624 23626 I artd    : GetBestInfo checking odex next to the dex file (/data/app/~~qImK_SjBts3yNt5_ihbAQw==/ua.vodafone.myvodafone-jbGFlGedW8iG-Egb4CbycQ==/oat/arm64/base.odex)
04-17 12:08:24.116 23624 23626 I artd    : Loading /data/app/~~qImK_SjBts3yNt5_ihbAQw==/ua.vodafone.myvodafone-jbGFlGedW8iG-Egb4CbycQ==/oat/arm64/base.odex with executable: 0
04-17 12:08:24.138 23624 23626 I artd    : Successfully loaded /data/app/~~qImK_SjBts3yNt5_ihbAQw==/ua.vodafone.myvodafone-jbGFlGedW8iG-Egb4CbycQ==/oat/arm64/base.odex with executable: 0
04-17 12:08:24.138 23624 23626 I artd    : Failed to verify checksums of oat file /data/app/~~qImK_SjBts3yNt5_ihbAQw==/ua.vodafone.myvodafone-jbGFlGedW8iG-Egb4CbycQ==/oat/arm64/base.odex error: Image checksum mismatch, expected i;18/8f4bf6b1:i;28/072cb484 to start with i;18/5697d995
04-17 12:08:24.138 23624 23626 I artd    : Oat image checksum does not match image checksum.
04-17 12:08:24.138 23624 23626 I artd    : /data/app/~~qImK_SjBts3yNt5_ihbAQw==/ua.vodafone.myvodafone-jbGFlGedW8iG-Egb4CbycQ==/oat/arm64/base.odex is kOatBootImageOutOfDate with filter speed-profile
04-17 12:08:24.139 23624 23626 I artd    : GetBestInfo checking vdex in dalvik-cache (/data/dalvik-cache/arm64/data@app@~~qImK_SjBts3yNt5_ihbAQw==@ua.vodafone.myvodafone-jbGFlGedW8iG-Egb4CbycQ==@base.apk@classes.vdex)
04-17 12:08:24.139 23624 23626 I artd    : unable to open vdex file /data/dalvik-cache/arm64/data@app@~~qImK_SjBts3yNt5_ihbAQw==@ua.vodafone.myvodafone-jbGFlGedW8iG-Egb4CbycQ==@base.apk@classes.vdex: File /data/dalvik-cache/arm64/data@app@~~qImK_SjBts3yNt5_ihbAQw==@ua.vodafone.myvodafone-jbGFlGedW8iG-Egb4CbycQ==@base.apk@classes.vdex does not exist.
04-17 12:08:24.139 23624 23626 I artd    : OatFileAssistant test for existing oat file /data/dalvik-cache/arm64/data@app@~~qImK_SjBts3yNt5_ihbAQw==@ua.vodafone.myvodafone-jbGFlGedW8iG-Egb4CbycQ==@base.apk@classes.vdex: File /data/dalvik-cache/arm64/data@app@~~qImK_SjBts3yNt5_ihbAQw==@ua.vodafone.myvodafone-jbGFlGedW8iG-Egb4CbycQ==@base.apk@classes.vdex does not exist.
04-17 12:08:24.139 23624 23626 I artd    : GetBestInfo checking vdex next to the dex file (/data/app/~~qImK_SjBts3yNt5_ihbAQw==/ua.vodafone.myvodafone-jbGFlGedW8iG-Egb4CbycQ==/oat/arm64/base.vdex)
04-17 12:08:24.145 23624 23626 I artd    : Successfully loaded /data/app/~~qImK_SjBts3yNt5_ihbAQw==/ua.vodafone.myvodafone-jbGFlGedW8iG-Egb4CbycQ==/oat/arm64/base.vdex with executable: 0
04-17 12:08:24.145 23624 23626 I artd    : Image checksum test skipped for vdex file /data/app/~~qImK_SjBts3yNt5_ihbAQw==/ua.vodafone.myvodafone-jbGFlGedW8iG-Egb4CbycQ==/oat/arm64/base.vdex
04-17 12:08:24.145 23624 23626 I artd    : /data/app/~~qImK_SjBts3yNt5_ihbAQw==/ua.vodafone.myvodafone-jbGFlGedW8iG-Egb4CbycQ==/oat/arm64/base.vdex is kOatUpToDate with filter verify
04-17 12:08:24.172  4780  4780 W Finsky  : [2] STU: Failed to get storage stats for package 'com.android.i18n' (1601: Error getting stats: android.content.pm.PackageManager.NameNotFoundException)
04-17 12:08:24.177 23624 23626 I artd    : Dex parent of /data/app/~~98dNnvAYU_JZPmoVh5oCJQ==/com.healthalert.operator-wUNGh_gvJpQ7-EiNvXcUBA==/base.apk is not writable: Permission denied
04-17 12:08:24.177 23624 23626 I artd    : GetBestInfo checking odex in dalvik-cache (/data/dalvik-cache/arm64/data@app@~~98dNnvAYU_JZPmoVh5oCJQ==@com.healthalert.operator-wUNGh_gvJpQ7-EiNvXcUBA==@base.apk@classes.dex)
04-17 12:08:24.177 23624 23626 I artd    : Loading /data/dalvik-cache/arm64/data@app@~~98dNnvAYU_JZPmoVh5oCJQ==@com.healthalert.operator-wUNGh_gvJpQ7-EiNvXcUBA==@base.apk@classes.dex with executable: 0
04-17 12:08:24.177 23624 23626 I artd    : OatFileAssistant test for existing oat file /data/dalvik-cache/arm64/data@app@~~98dNnvAYU_JZPmoVh5oCJQ==@com.healthalert.operator-wUNGh_gvJpQ7-EiNvXcUBA==@base.apk@classes.dex: File /data/dalvik-cache/arm64/data@app@~~98dNnvAYU_JZPmoVh5oCJQ==@com.healthalert.operator-wUNGh_gvJpQ7-EiNvXcUBA==@base.apk@classes.vdex does not exist.
