04-17 12:08:09.080  3155  3155 W LocaleConfig: org.xmlpull.v1.XmlPullParserException: Unexpected start tag: found selector, expected locale-config
04-17 12:08:09.080  3155  3155 W LocaleConfig: 	at com.android.internal.util.XmlUtils.beginDocument(XmlUtils.java:1701)
04-17 12:08:09.080  3155  3155 W LocaleConfig: 	at android.app.LocaleConfig.parseLocaleConfig(LocaleConfig.java:204)
04-17 12:08:09.080  3155  3155 W LocaleConfig: 	at android.app.LocaleConfig.<init>(LocaleConfig.java:156)
04-17 12:08:09.080  3155  3155 W LocaleConfig: 	at android.app.LocaleConfig.fromContextIgnoringOverride(LocaleConfig.java:126)
04-17 12:08:09.080  3155  3155 W LocaleConfig: 	at android.app.ContextImpl.setResources(ContextImpl.java:3672)
04-17 12:08:09.080  3155  3155 W LocaleConfig: 	at android.app.ContextImpl.<init>(ContextImpl.java:3599)
04-17 12:08:09.080  3155  3155 W LocaleConfig: 	at android.app.ContextImpl.createApplicationContextAsUser(ContextImpl.java:2777)
04-17 12:08:09.080  3155  3155 W LocaleConfig: 	at android.app.ContextImpl.createApplicationContext(ContextImpl.java:2768)
04-17 12:08:09.080  3155  3155 W LocaleConfig: 	at android.content.ContextWrapper.createApplicationContext(ContextWrapper.java:1139)
04-17 12:08:09.080  3155  3155 W LocaleConfig: 	at android.app.Notification$Builder.recoverBuilder(Notification.java:7334)
04-17 12:08:09.080  3155  3155 W LocaleConfig: 	at android.ext.services.notification.NotificationEntry.<init>(go/retraceme a2165b383c7c7fbaaea02ced6998daf6ddee28de03c5f1acadd6984f59cff960:40)
04-17 12:08:09.080  3155  3155 W LocaleConfig: 	at android.ext.services.notification.Assistant.onNotificationPosted(go/retraceme a2165b383c7c7fbaaea02ced6998daf6ddee28de03c5f1acadd6984f59cff960:75)
04-17 12:08:09.080  3155  3155 W LocaleConfig: 	at android.service.notification.NotificationListenerService$MyHandler.handleMessage(NotificationListenerService.java:2476)
04-17 12:08:09.080  3155  3155 W LocaleConfig: 	at android.os.Handler.dispatchMessage(Handler.java:109)
04-17 12:08:09.080  3155  3155 W LocaleConfig: 	at android.os.Looper.loopOnce(Looper.java:232)
04-17 12:08:09.080  3155  3155 W LocaleConfig: 	at android.os.Looper.loop(Looper.java:317)
04-17 12:08:09.080  3155  3155 W LocaleConfig: 	at android.app.ActivityThread.main(ActivityThread.java:8934)
04-17 12:08:09.080  3155  3155 W LocaleConfig: 	at java.lang.reflect.Method.invoke(Native Method)
04-17 12:08:09.080  3155  3155 W LocaleConfig: 	at com.android.internal.os.RuntimeInit$MethodAndArgsCaller.run(RuntimeInit.java:591)
04-17 12:08:09.080  3155  3155 W LocaleConfig: 	at com.android.internal.os.ZygoteInit.main(ZygoteInit.java:911)
04-17 12:08:09.092  1641  8344 W ActivityManager: Foreground service started from background can not have location/camera/microphone access: service org.torproject.android/.service.OrbotService
04-17 12:08:09.097  2437  2859 E ndroid.systemui: Resource 7f140000 is a complex map type.
04-17 12:08:09.097  2437  2859 W LocaleConfig: The resource file pointed to by the given resource ID isn't found.
04-17 12:08:09.098  2437  2859 E ndroid.systemui: Resource 7f140000 is a complex map type.
04-17 12:08:09.098  2437  2859 W LocaleConfig: The resource file pointed to by the given resource ID isn't found.
04-17 12:08:09.109  2437  2859 W HWUI    : Image decoding logging dropped!
04-17 12:08:09.113  2437  2859 W HWUI    : Image decoding logging dropped!
04-17 12:08:09.160  2771  2771 E FrameTracker: force finish cuj, time out: J<LAUNCHER_APP_CLOSE_TO_HOME_FALLBACK>
04-17 12:08:09.160  2771  2771 W FrameTracker: Missing SF jank callback for vsyncId: 2807652, CUJ=J<LAUNCHER_APP_CLOSE_TO_HOME_FALLBACK>
04-17 12:08:09.237   950 23701 I resolv  : res_nsend: used send_dg 0 terrno: 110
04-17 12:08:09.238   950 23701 I resolv  : doQuery: rcode=255, ancount=0, return value=-110
04-17 12:08:09.238   950 23709 I resolv  : res_stats_usable_server: too many resolution errors, ignoring server
04-17 12:08:09.248     0     0 I         : process 4989 (ValueStore-0) no longer affine to cpu5
04-17 12:08:09.267  4780  4989 I Finsky  : [127] WM::SCH: Logging work initialize for 12-1
04-17 12:08:09.269  4780  5055 I Finsky  : [136] SCH: Scheduling phonesky job Id: 12-1, CT: 1776424079172, Constraints: [{ L: 15000, D: 86400000, C: CHARGING_NONE, I: IDLE_NONE, N: NET_ANY, B: BATTERY_ANY }]
04-17 12:08:09.265     0     0 I         : process 4991 (FileObserver) no longer affine to cpu5
04-17 12:08:09.267     0     0 I         : process 23702 (main_dumpsys.db) no longer affine to cpu5
04-17 12:08:09.270     0     0 I         : process 5012 (bgExecutor #0) no longer affine to cpu4
04-17 12:08:09.276  4780  5061 I Finsky  : [141] SCH: Scheduling 1 system job(s)
04-17 12:08:09.277  4780  5061 I Finsky  : [141] SCH: Scheduling system job Id: 9110, L: 4896, D: 58048957, C: false, I: false, N: 1
04-17 12:08:09.285  4780  4993 I Finsky  : [131] [ContentSync] finished, scheduled=true
04-17 12:08:09.346  2437  2859 W HWUI    : Image decoding logging dropped!
04-17 12:08:09.352  2437  2859 W HWUI    : Image decoding logging dropped!
04-17 12:08:10.085  3155  3155 W LocaleConfig: Failed to parse XML configuration from m3_button_group_child_size_change
04-17 12:08:10.085  3155  3155 W LocaleConfig: org.xmlpull.v1.XmlPullParserException: Unexpected start tag: found selector, expected locale-config
04-17 12:08:10.085  3155  3155 W LocaleConfig: 	at com.android.internal.util.XmlUtils.beginDocument(XmlUtils.java:1701)
04-17 12:08:10.085  3155  3155 W LocaleConfig: 	at android.app.LocaleConfig.parseLocaleConfig(LocaleConfig.java:204)
04-17 12:08:10.085  3155  3155 W LocaleConfig: 	at android.app.LocaleConfig.<init>(LocaleConfig.java:156)
04-17 12:08:10.085  3155  3155 W LocaleConfig: 	at android.app.LocaleConfig.fromContextIgnoringOverride(LocaleConfig.java:126)
04-17 12:08:10.085  3155  3155 W LocaleConfig: 	at android.app.ContextImpl.setResources(ContextImpl.java:3672)
04-17 12:08:10.085  3155  3155 W LocaleConfig: 	at android.app.ContextImpl.<init>(ContextImpl.java:3599)
04-17 12:08:10.085  3155  3155 W LocaleConfig: 	at android.app.ContextImpl.createApplicationContextAsUser(ContextImpl.java:2777)
04-17 12:08:10.085  3155  3155 W LocaleConfig: 	at android.app.ContextImpl.createApplicationContext(ContextImpl.java:2768)
04-17 12:08:10.085  3155  3155 W LocaleConfig: 	at android.content.ContextWrapper.createApplicationContext(ContextWrapper.java:1139)
04-17 12:08:10.085  3155  3155 W LocaleConfig: 	at android.app.Notification$Builder.recoverBuilder(Notification.java:7334)
04-17 12:08:10.085  3155  3155 W LocaleConfig: 	at android.ext.services.notification.NotificationEntry.<init>(go/retraceme a2165b383c7c7fbaaea02ced6998daf6ddee28de03c5f1acadd6984f59cff960:40)
04-17 12:08:10.085  3155  3155 W LocaleConfig: 	at android.ext.services.notification.Assistant.onNotificationPosted(go/retraceme a2165b383c7c7fbaaea02ced6998daf6ddee28de03c5f1acadd6984f59cff960:75)
04-17 12:08:10.085  3155  3155 W LocaleConfig: 	at android.service.notification.NotificationListenerService$MyHandler.handleMessage(NotificationListenerService.java:2476)
04-17 12:08:10.085  3155  3155 W LocaleConfig: 	at android.os.Handler.dispatchMessage(Handler.java:109)
04-17 12:08:10.085  3155  3155 W LocaleConfig: 	at android.os.Looper.loopOnce(Looper.java:232)
04-17 12:08:10.085  3155  3155 W LocaleConfig: 	at android.os.Looper.loop(Looper.java:317)
04-17 12:08:10.085  3155  3155 W LocaleConfig: 	at android.app.ActivityThread.main(ActivityThread.java:8934)
04-17 12:08:10.085  3155  3155 W LocaleConfig: 	at java.lang.reflect.Method.invoke(Native Method)
04-17 12:08:10.085  3155  3155 W LocaleConfig: 	at com.android.internal.os.RuntimeInit$MethodAndArgsCaller.run(RuntimeInit.java:591)
04-17 12:08:10.085  3155  3155 W LocaleConfig: 	at com.android.internal.os.ZygoteInit.main(ZygoteInit.java:911)
04-17 12:08:10.089  1641  3942 W ActivityManager: Foreground service started from background can not have location/camera/microphone access: service org.torproject.android/.service.OrbotService
04-17 12:08:10.104  2437  2859 E ndroid.systemui: Resource 7f140000 is a complex map type.
04-17 12:08:10.105  2437  2859 W LocaleConfig: The resource file pointed to by the given resource ID isn't found.
04-17 12:08:10.105  2437  2859 E ndroid.systemui: Resource 7f140000 is a complex map type.
04-17 12:08:10.106  2437  2859 W LocaleConfig: The resource file pointed to by the given resource ID isn't found.
04-17 12:08:10.120  2437  2859 W HWUI    : Image decoding logging dropped!
04-17 12:08:10.124  2437  2859 W HWUI    : Image decoding logging dropped!
04-17 12:08:10.356  2437  2859 W HWUI    : Image decoding logging dropped!
04-17 12:08:10.362  2437  2859 W HWUI    : Image decoding logging dropped!
04-17 12:08:10.513  1641  2328 E WifiStaIfaceAidlImpl: getCachedScanData failed with service-specific exception: android.os.ServiceSpecificException:  (code 4)
04-17 12:08:10.627 23779 23832 D ProfileInstaller: Installing profile for org.pihole.android
04-17 12:08:11.077  3155  3155 W LocaleConfig: Failed to parse XML configuration from m3_button_group_child_size_change
04-17 12:08:11.077  3155  3155 W LocaleConfig: org.xmlpull.v1.XmlPullParserException: Unexpected start tag: found selector, expected locale-config
04-17 12:08:11.077  3155  3155 W LocaleConfig: 	at com.android.internal.util.XmlUtils.beginDocument(XmlUtils.java:1701)
04-17 12:08:11.077  3155  3155 W LocaleConfig: 	at android.app.LocaleConfig.parseLocaleConfig(LocaleConfig.java:204)
04-17 12:08:11.077  3155  3155 W LocaleConfig: 	at android.app.LocaleConfig.<init>(LocaleConfig.java:156)
04-17 12:08:11.077  3155  3155 W LocaleConfig: 	at android.app.LocaleConfig.fromContextIgnoringOverride(LocaleConfig.java:126)
04-17 12:08:11.077  3155  3155 W LocaleConfig: 	at android.app.ContextImpl.setResources(ContextImpl.java:3672)
04-17 12:08:11.077  3155  3155 W LocaleConfig: 	at android.app.ContextImpl.<init>(ContextImpl.java:3599)
04-17 12:08:11.077  3155  3155 W LocaleConfig: 	at android.app.ContextImpl.createApplicationContextAsUser(ContextImpl.java:2777)
04-17 12:08:11.077  3155  3155 W LocaleConfig: 	at android.app.ContextImpl.createApplicationContext(ContextImpl.java:2768)
04-17 12:08:11.077  3155  3155 W LocaleConfig: 	at android.content.ContextWrapper.createApplicationContext(ContextWrapper.java:1139)
04-17 12:08:11.077  3155  3155 W LocaleConfig: 	at android.app.Notification$Builder.recoverBuilder(Notification.java:7334)
04-17 12:08:11.077  3155  3155 W LocaleConfig: 	at android.ext.services.notification.NotificationEntry.<init>(go/retraceme a2165b383c7c7fbaaea02ced6998daf6ddee28de03c5f1acadd6984f59cff960:40)
04-17 12:08:11.077  3155  3155 W LocaleConfig: 	at android.ext.services.notification.Assistant.onNotificationPosted(go/retraceme a2165b383c7c7fbaaea02ced6998daf6ddee28de03c5f1acadd6984f59cff960:75)
04-17 12:08:11.077  3155  3155 W LocaleConfig: 	at android.service.notification.NotificationListenerService$MyHandler.handleMessage(NotificationListenerService.java:2476)
04-17 12:08:11.077  3155  3155 W LocaleConfig: 	at android.os.Handler.dispatchMessage(Handler.java:109)
04-17 12:08:11.077  3155  3155 W LocaleConfig: 	at android.os.Looper.loopOnce(Looper.java:232)
04-17 12:08:11.077  3155  3155 W LocaleConfig: 	at android.os.Looper.loop(Looper.java:317)
04-17 12:08:11.077  3155  3155 W LocaleConfig: 	at android.app.ActivityThread.main(ActivityThread.java:8934)
04-17 12:08:11.077  3155  3155 W LocaleConfig: 	at java.lang.reflect.Method.invoke(Native Method)
04-17 12:08:11.077  3155  3155 W LocaleConfig: 	at com.android.internal.os.RuntimeInit$MethodAndArgsCaller.run(RuntimeInit.java:591)
04-17 12:08:11.077  3155  3155 W LocaleConfig: 	at com.android.internal.os.ZygoteInit.main(ZygoteInit.java:911)
04-17 12:08:11.085  1641  3942 W ActivityManager: Foreground service started from background can not have location/camera/microphone access: service org.torproject.android/.service.OrbotService
04-17 12:08:11.096  2437  2859 E ndroid.systemui: Resource 7f140000 is a complex map type.
04-17 12:08:11.096  2437  2859 W LocaleConfig: The resource file pointed to by the given resource ID isn't found.
04-17 12:08:11.097  2437  2859 E ndroid.systemui: Resource 7f140000 is a complex map type.
04-17 12:08:11.097  2437  2859 W LocaleConfig: The resource file pointed to by the given resource ID isn't found.
04-17 12:08:11.111  2437  2859 W HWUI    : Image decoding logging dropped!
04-17 12:08:11.115  2437  2859 W HWUI    : Image decoding logging dropped!
04-17 12:08:11.328  2437  2859 W HWUI    : Image decoding logging dropped!
04-17 12:08:11.332  2437  2859 W HWUI    : Image decoding logging dropped!
04-17 12:08:11.461 23779 23784 I .pihole.android: Background young concurrent copying GC freed 52MB AllocSpace bytes, 8(4620KB) LOS objects, 46% free, 45MB/84MB, paused 518us,537us total 548.095ms
04-17 12:08:12.070  3155  3155 W LocaleConfig: Failed to parse XML configuration from m3_button_group_child_size_change
04-17 12:08:12.070  3155  3155 W LocaleConfig: org.xmlpull.v1.XmlPullParserException: Unexpected start tag: found selector, expected locale-config
04-17 12:08:12.070  3155  3155 W LocaleConfig: 	at com.android.internal.util.XmlUtils.beginDocument(XmlUtils.java:1701)
04-17 12:08:12.070  3155  3155 W LocaleConfig: 	at android.app.LocaleConfig.parseLocaleConfig(LocaleConfig.java:204)
04-17 12:08:12.070  3155  3155 W LocaleConfig: 	at android.app.LocaleConfig.<init>(LocaleConfig.java:156)
04-17 12:08:12.070  3155  3155 W LocaleConfig: 	at android.app.LocaleConfig.fromContextIgnoringOverride(LocaleConfig.java:126)
04-17 12:08:12.070  3155  3155 W LocaleConfig: 	at android.app.ContextImpl.setResources(ContextImpl.java:3672)
04-17 12:08:12.070  3155  3155 W LocaleConfig: 	at android.app.ContextImpl.<init>(ContextImpl.java:3599)
04-17 12:08:12.070  3155  3155 W LocaleConfig: 	at android.app.ContextImpl.createApplicationContextAsUser(ContextImpl.java:2777)
04-17 12:08:12.070  3155  3155 W LocaleConfig: 	at android.app.ContextImpl.createApplicationContext(ContextImpl.java:2768)
04-17 12:08:12.070  3155  3155 W LocaleConfig: 	at android.content.ContextWrapper.createApplicationContext(ContextWrapper.java:1139)
04-17 12:08:12.070  3155  3155 W LocaleConfig: 	at android.app.Notification$Builder.recoverBuilder(Notification.java:7334)
04-17 12:08:12.070  3155  3155 W LocaleConfig: 	at android.ext.services.notification.NotificationEntry.<init>(go/retraceme a2165b383c7c7fbaaea02ced6998daf6ddee28de03c5f1acadd6984f59cff960:40)
04-17 12:08:12.070  3155  3155 W LocaleConfig: 	at android.ext.services.notification.Assistant.onNotificationPosted(go/retraceme a2165b383c7c7fbaaea02ced6998daf6ddee28de03c5f1acadd6984f59cff960:75)
04-17 12:08:12.070  3155  3155 W LocaleConfig: 	at android.service.notification.NotificationListenerService$MyHandler.handleMessage(NotificationListenerService.java:2476)
04-17 12:08:12.070  3155  3155 W LocaleConfig: 	at android.os.Handler.dispatchMessage(Handler.java:109)
04-17 12:08:12.070  3155  3155 W LocaleConfig: 	at android.os.Looper.loopOnce(Looper.java:232)
04-17 12:08:12.070  3155  3155 W LocaleConfig: 	at android.os.Looper.loop(Looper.java:317)
04-17 12:08:12.070  3155  3155 W LocaleConfig: 	at android.app.ActivityThread.main(ActivityThread.java:8934)
04-17 12:08:12.070  3155  3155 W LocaleConfig: 	at java.lang.reflect.Method.invoke(Native Method)
04-17 12:08:12.070  3155  3155 W LocaleConfig: 	at com.android.internal.os.RuntimeInit$MethodAndArgsCaller.run(RuntimeInit.java:591)
04-17 12:08:12.070  3155  3155 W LocaleConfig: 	at com.android.internal.os.ZygoteInit.main(ZygoteInit.java:911)
04-17 12:08:12.089  1641  3942 W ActivityManager: Foreground service started from background can not have location/camera/microphone access: service org.torproject.android/.service.OrbotService
04-17 12:08:12.090  2437  2859 E ndroid.systemui: Resource 7f140000 is a complex map type.
04-17 12:08:12.090  2437  2859 W LocaleConfig: The resource file pointed to by the given resource ID isn't found.
04-17 12:08:12.091  2437  2859 E ndroid.systemui: Resource 7f140000 is a complex map type.
04-17 12:08:12.091  2437  2859 W LocaleConfig: The resource file pointed to by the given resource ID isn't found.
04-17 12:08:12.105  2437  2859 W HWUI    : Image decoding logging dropped!
04-17 12:08:12.109  2437  2859 W HWUI    : Image decoding logging dropped!
04-17 12:08:12.339  2437  2859 W HWUI    : Image decoding logging dropped!
04-17 12:08:12.344  2437  2859 W HWUI    : Image decoding logging dropped!
04-17 12:08:13.071  3155  3155 W LocaleConfig: Failed to parse XML configuration from m3_button_group_child_size_change
04-17 12:08:13.071  3155  3155 W LocaleConfig: org.xmlpull.v1.XmlPullParserException: Unexpected start tag: found selector, expected locale-config
04-17 12:08:13.071  3155  3155 W LocaleConfig: 	at com.android.internal.util.XmlUtils.beginDocument(XmlUtils.java:1701)
04-17 12:08:13.071  3155  3155 W LocaleConfig: 	at android.app.LocaleConfig.parseLocaleConfig(LocaleConfig.java:204)
04-17 12:08:13.071  3155  3155 W LocaleConfig: 	at android.app.LocaleConfig.<init>(LocaleConfig.java:156)
04-17 12:08:13.071  3155  3155 W LocaleConfig: 	at android.app.LocaleConfig.fromContextIgnoringOverride(LocaleConfig.java:126)
04-17 12:08:13.071  3155  3155 W LocaleConfig: 	at android.app.ContextImpl.setResources(ContextImpl.java:3672)
04-17 12:08:13.071  3155  3155 W LocaleConfig: 	at android.app.ContextImpl.<init>(ContextImpl.java:3599)
04-17 12:08:13.071  3155  3155 W LocaleConfig: 	at android.app.ContextImpl.createApplicationContextAsUser(ContextImpl.java:2777)
04-17 12:08:13.071  3155  3155 W LocaleConfig: 	at android.app.ContextImpl.createApplicationContext(ContextImpl.java:2768)
04-17 12:08:13.071  3155  3155 W LocaleConfig: 	at android.content.ContextWrapper.createApplicationContext(ContextWrapper.java:1139)
04-17 12:08:13.071  3155  3155 W LocaleConfig: 	at android.app.Notification$Builder.recoverBuilder(Notification.java:7334)
04-17 12:08:13.071  3155  3155 W LocaleConfig: 	at android.ext.services.notification.NotificationEntry.<init>(go/retraceme a2165b383c7c7fbaaea02ced6998daf6ddee28de03c5f1acadd6984f59cff960:40)
04-17 12:08:13.071  3155  3155 W LocaleConfig: 	at android.ext.services.notification.Assistant.onNotificationPosted(go/retraceme a2165b383c7c7fbaaea02ced6998daf6ddee28de03c5f1acadd6984f59cff960:75)
04-17 12:08:13.071  3155  3155 W LocaleConfig: 	at android.service.notification.NotificationListenerService$MyHandler.handleMessage(NotificationListenerService.java:2476)
04-17 12:08:13.071  3155  3155 W LocaleConfig: 	at android.os.Handler.dispatchMessage(Handler.java:109)
04-17 12:08:13.071  3155  3155 W LocaleConfig: 	at android.os.Looper.loopOnce(Looper.java:232)
04-17 12:08:13.071  3155  3155 W LocaleConfig: 	at android.os.Looper.loop(Looper.java:317)
04-17 12:08:13.071  3155  3155 W LocaleConfig: 	at android.app.ActivityThread.main(ActivityThread.java:8934)
04-17 12:08:13.071  3155  3155 W LocaleConfig: 	at java.lang.reflect.Method.invoke(Native Method)
04-17 12:08:13.071  3155  3155 W LocaleConfig: 	at com.android.internal.os.RuntimeInit$MethodAndArgsCaller.run(RuntimeInit.java:591)
04-17 12:08:13.071  3155  3155 W LocaleConfig: 	at com.android.internal.os.ZygoteInit.main(ZygoteInit.java:911)
04-17 12:08:13.081  2437  2859 E ndroid.systemui: Resource 7f140000 is a complex map type.
04-17 12:08:13.081  2437  2859 W LocaleConfig: The resource file pointed to by the given resource ID isn't found.
04-17 12:08:13.082  2437  2859 E ndroid.systemui: Resource 7f140000 is a complex map type.
04-17 12:08:13.082  2437  2859 W LocaleConfig: The resource file pointed to by the given resource ID isn't found.
04-17 12:08:13.089  1641  8344 W ActivityManager: Foreground service started from background can not have location/camera/microphone access: service org.torproject.android/.service.OrbotService
04-17 12:08:13.096  2437  2859 W HWUI    : Image decoding logging dropped!
04-17 12:08:13.099  2437  2859 W HWUI    : Image decoding logging dropped!
04-17 12:08:13.283 23779 23784 I .pihole.android: Background concurrent copying GC freed 62MB AllocSpace bytes, 14(8728KB) LOS objects, 75% free, 23MB/95MB, paused 104us,131us total 485.814ms
04-17 12:08:13.349  2437  2859 W HWUI    : Image decoding logging dropped!
04-17 12:08:13.352  2437  2859 W HWUI    : Image decoding logging dropped!
04-17 12:08:13.528  1641  2328 E WifiStaIfaceAidlImpl: getCachedScanData failed with service-specific exception: android.os.ServiceSpecificException:  (code 4)
04-17 12:08:14.059   706 23756 I keystore2: system/security/keystore2/watchdog/src/lib.rs:356 - Watchdog thread idle -> terminating. Have a great day.
04-17 12:08:14.090  3155  3155 W LocaleConfig: Failed to parse XML configuration from m3_button_group_child_size_change
04-17 12:08:14.090  3155  3155 W LocaleConfig: org.xmlpull.v1.XmlPullParserException: Unexpected start tag: found selector, expected locale-config
04-17 12:08:14.090  3155  3155 W LocaleConfig: 	at com.android.internal.util.XmlUtils.beginDocument(XmlUtils.java:1701)
04-17 12:08:14.090  3155  3155 W LocaleConfig: 	at android.app.LocaleConfig.parseLocaleConfig(LocaleConfig.java:204)
04-17 12:08:14.090  3155  3155 W LocaleConfig: 	at android.app.LocaleConfig.<init>(LocaleConfig.java:156)
04-17 12:08:14.090  3155  3155 W LocaleConfig: 	at android.app.LocaleConfig.fromContextIgnoringOverride(LocaleConfig.java:126)
04-17 12:08:14.090  3155  3155 W LocaleConfig: 	at android.app.ContextImpl.setResources(ContextImpl.java:3672)
04-17 12:08:14.090  3155  3155 W LocaleConfig: 	at android.app.ContextImpl.<init>(ContextImpl.java:3599)
04-17 12:08:14.090  3155  3155 W LocaleConfig: 	at android.app.ContextImpl.createApplicationContextAsUser(ContextImpl.java:2777)
04-17 12:08:14.090  3155  3155 W LocaleConfig: 	at android.app.ContextImpl.createApplicationContext(ContextImpl.java:2768)
04-17 12:08:14.090  3155  3155 W LocaleConfig: 	at android.content.ContextWrapper.createApplicationContext(ContextWrapper.java:1139)
04-17 12:08:14.090  3155  3155 W LocaleConfig: 	at android.app.Notification$Builder.recoverBuilder(Notification.java:7334)
04-17 12:08:14.090  3155  3155 W LocaleConfig: 	at android.ext.services.notification.NotificationEntry.<init>(go/retraceme a2165b383c7c7fbaaea02ced6998daf6ddee28de03c5f1acadd6984f59cff960:40)
04-17 12:08:14.090  3155  3155 W LocaleConfig: 	at android.ext.services.notification.Assistant.onNotificationPosted(go/retraceme a2165b383c7c7fbaaea02ced6998daf6ddee28de03c5f1acadd6984f59cff960:75)
04-17 12:08:14.090  3155  3155 W LocaleConfig: 	at android.service.notification.NotificationListenerService$MyHandler.handleMessage(NotificationListenerService.java:2476)
04-17 12:08:14.090  3155  3155 W LocaleConfig: 	at android.os.Handler.dispatchMessage(Handler.java:109)
04-17 12:08:14.090  3155  3155 W LocaleConfig: 	at android.os.Looper.loopOnce(Looper.java:232)
04-17 12:08:14.090  3155  3155 W LocaleConfig: 	at android.os.Looper.loop(Looper.java:317)
04-17 12:08:14.090  3155  3155 W LocaleConfig: 	at android.app.ActivityThread.main(ActivityThread.java:8934)
04-17 12:08:14.090  3155  3155 W LocaleConfig: 	at java.lang.reflect.Method.invoke(Native Method)
04-17 12:08:14.090  3155  3155 W LocaleConfig: 	at com.android.internal.os.RuntimeInit$MethodAndArgsCaller.run(RuntimeInit.java:591)
04-17 12:08:14.090  3155  3155 W LocaleConfig: 	at com.android.internal.os.ZygoteInit.main(ZygoteInit.java:911)
04-17 12:08:14.095   950 23833 I resolv  : GetAddrInfoHandler::run: {100 100 100 983140 10461 0}
04-17 12:08:14.097   950 23834 I resolv  : res_nmkquery: (QUERY, IN, A)
04-17 12:08:14.104  1641 19389 W ActivityManager: Foreground service started from background can not have location/camera/microphone access: service org.torproject.android/.service.OrbotService
04-17 12:08:14.113  2437  2859 E ndroid.systemui: Resource 7f140000 is a complex map type.
04-17 12:08:14.113  2437  2859 W LocaleConfig: The resource file pointed to by the given resource ID isn't found.
04-17 12:08:14.114  2437  2859 E ndroid.systemui: Resource 7f140000 is a complex map type.
04-17 12:08:14.114  2437  2859 W LocaleConfig: The resource file pointed to by the given resource ID isn't found.
04-17 12:08:14.115   950 23834 I resolv  : res_nsend: used send_dg 63 terrno: 0
04-17 12:08:14.115   950 23834 I resolv  : doQuery: rcode=0, ancount=2, return value=63
04-17 12:08:14.125  2437  2859 W HWUI    : Image decoding logging dropped!
04-17 12:08:14.130  2437  2859 W HWUI    : Image decoding logging dropped!
04-17 12:08:14.246   950 23709 I resolv  : res_nsend: used send_dg 0 terrno: 110
04-17 12:08:14.381  2437  2859 W HWUI    : Image decoding logging dropped!
04-17 12:08:14.387  2437  2859 W HWUI    : Image decoding logging dropped!
04-17 12:08:14.407   950 23835 I resolv  : GetAddrInfoHandler::run: {100 100 100 983140 10461 0}
04-17 12:08:14.410   950 23836 I resolv  : res_nmkquery: (QUERY, IN, A)
04-17 12:08:14.431   950 23836 I resolv  : res_nsend: used send_dg 92 terrno: 0
04-17 12:08:14.432   950 23836 I resolv  : doQuery: rcode=0, ancount=4, return value=92
04-17 12:08:14.693  3195  3195 D BoundBrokerSvc: onUnbind: Intent { act=com.google.android.gms.feedback.internal.IFeedbackService dat=chimera-action:/... cmp=com.google.android.gms/.chimera.GmsBoundBrokerService }
04-17 12:08:14.693  3437  3437 D BoundBrokerSvc: onUnbind: Intent { act=com.google.android.gms.feedback.internal.IFeedbackService dat=chimera-action:/... cmp=com.google.android.gms/.chimera.GmsBoundBrokerService }
04-17 12:08:14.700     0     0 W select_fallback_rq: 6 callbacks suppressed
04-17 12:08:14.700     0     0 I         : process 3389 (binder:3380_2) no longer affine to cpu4
04-17 12:08:15.099  3155  3155 W LocaleConfig: Failed to parse XML configuration from m3_button_group_child_size_change
04-17 12:08:15.099  3155  3155 W LocaleConfig: org.xmlpull.v1.XmlPullParserException: Unexpected start tag: found selector, expected locale-config
04-17 12:08:15.099  3155  3155 W LocaleConfig: 	at com.android.internal.util.XmlUtils.beginDocument(XmlUtils.java:1701)
04-17 12:08:15.099  3155  3155 W LocaleConfig: 	at android.app.LocaleConfig.parseLocaleConfig(LocaleConfig.java:204)
04-17 12:08:15.099  3155  3155 W LocaleConfig: 	at android.app.LocaleConfig.<init>(LocaleConfig.java:156)
04-17 12:08:15.099  3155  3155 W LocaleConfig: 	at android.app.LocaleConfig.fromContextIgnoringOverride(LocaleConfig.java:126)
04-17 12:08:15.099  3155  3155 W LocaleConfig: 	at android.app.ContextImpl.setResources(ContextImpl.java:3672)
04-17 12:08:15.099  3155  3155 W LocaleConfig: 	at android.app.ContextImpl.<init>(ContextImpl.java:3599)
04-17 12:08:15.099  3155  3155 W LocaleConfig: 	at android.app.ContextImpl.createApplicationContextAsUser(ContextImpl.java:2777)
04-17 12:08:15.099  3155  3155 W LocaleConfig: 	at android.app.ContextImpl.createApplicationContext(ContextImpl.java:2768)
04-17 12:08:15.099  3155  3155 W LocaleConfig: 	at android.content.ContextWrapper.createApplicationContext(ContextWrapper.java:1139)
04-17 12:08:15.099  3155  3155 W LocaleConfig: 	at android.app.Notification$Builder.recoverBuilder(Notification.java:7334)
04-17 12:08:15.099  3155  3155 W LocaleConfig: 	at android.ext.services.notification.NotificationEntry.<init>(go/retraceme a2165b383c7c7fbaaea02ced6998daf6ddee28de03c5f1acadd6984f59cff960:40)
04-17 12:08:15.099  3155  3155 W LocaleConfig: 	at android.ext.services.notification.Assistant.onNotificationPosted(go/retraceme a2165b383c7c7fbaaea02ced6998daf6ddee28de03c5f1acadd6984f59cff960:75)
04-17 12:08:15.099  3155  3155 W LocaleConfig: 	at android.service.notification.NotificationListenerService$MyHandler.handleMessage(NotificationListenerService.java:2476)
04-17 12:08:15.099  3155  3155 W LocaleConfig: 	at android.os.Handler.dispatchMessage(Handler.java:109)
04-17 12:08:15.099  3155  3155 W LocaleConfig: 	at android.os.Looper.loopOnce(Looper.java:232)
04-17 12:08:15.099  3155  3155 W LocaleConfig: 	at android.os.Looper.loop(Looper.java:317)
04-17 12:08:15.099  3155  3155 W LocaleConfig: 	at android.app.ActivityThread.main(ActivityThread.java:8934)
04-17 12:08:15.099  3155  3155 W LocaleConfig: 	at java.lang.reflect.Method.invoke(Native Method)
04-17 12:08:15.099  3155  3155 W LocaleConfig: 	at com.android.internal.os.RuntimeInit$MethodAndArgsCaller.run(RuntimeInit.java:591)
04-17 12:08:15.099  3155  3155 W LocaleConfig: 	at com.android.internal.os.ZygoteInit.main(ZygoteInit.java:911)
04-17 12:08:15.102  1641  8344 W ActivityManager: Foreground service started from background can not have location/camera/microphone access: service org.torproject.android/.service.OrbotService
04-17 12:08:15.128  2437  2859 E ndroid.systemui: Resource 7f140000 is a complex map type.
04-17 12:08:15.128  2437  2859 W LocaleConfig: The resource file pointed to by the given resource ID isn't found.
04-17 12:08:15.129  2437  2859 E ndroid.systemui: Resource 7f140000 is a complex map type.
04-17 12:08:15.130  2437  2859 W LocaleConfig: The resource file pointed to by the given resource ID isn't found.
04-17 12:08:15.138  2437  2859 W HWUI    : Image decoding logging dropped!
04-17 12:08:15.143  2437  2859 W HWUI    : Image decoding logging dropped!
04-17 12:08:15.372  2437  2859 W HWUI    : Image decoding logging dropped!
04-17 12:08:15.378  2437  2859 W HWUI    : Image decoding logging dropped!
04-17 12:08:16.084  3155  3155 W LocaleConfig: Failed to parse XML configuration from m3_button_group_child_size_change
04-17 12:08:16.084  3155  3155 W LocaleConfig: org.xmlpull.v1.XmlPullParserException: Unexpected start tag: found selector, expected locale-config
04-17 12:08:16.084  3155  3155 W LocaleConfig: 	at com.android.internal.util.XmlUtils.beginDocument(XmlUtils.java:1701)
04-17 12:08:16.084  3155  3155 W LocaleConfig: 	at android.app.LocaleConfig.parseLocaleConfig(LocaleConfig.java:204)
04-17 12:08:16.084  3155  3155 W LocaleConfig: 	at android.app.LocaleConfig.<init>(LocaleConfig.java:156)
04-17 12:08:16.084  3155  3155 W LocaleConfig: 	at android.app.LocaleConfig.fromContextIgnoringOverride(LocaleConfig.java:126)
04-17 12:08:16.084  3155  3155 W LocaleConfig: 	at android.app.ContextImpl.setResources(ContextImpl.java:3672)
04-17 12:08:16.084  3155  3155 W LocaleConfig: 	at android.app.ContextImpl.<init>(ContextImpl.java:3599)
04-17 12:08:16.084  3155  3155 W LocaleConfig: 	at android.app.ContextImpl.createApplicationContextAsUser(ContextImpl.java:2777)
04-17 12:08:16.084  3155  3155 W LocaleConfig: 	at android.app.ContextImpl.createApplicationContext(ContextImpl.java:2768)
04-17 12:08:16.084  3155  3155 W LocaleConfig: 	at android.content.ContextWrapper.createApplicationContext(ContextWrapper.java:1139)
04-17 12:08:16.084  3155  3155 W LocaleConfig: 	at android.app.Notification$Builder.recoverBuilder(Notification.java:7334)
04-17 12:08:16.084  3155  3155 W LocaleConfig: 	at android.ext.services.notification.NotificationEntry.<init>(go/retraceme a2165b383c7c7fbaaea02ced6998daf6ddee28de03c5f1acadd6984f59cff960:40)
04-17 12:08:16.084  3155  3155 W LocaleConfig: 	at android.ext.services.notification.Assistant.onNotificationPosted(go/retraceme a2165b383c7c7fbaaea02ced6998daf6ddee28de03c5f1acadd6984f59cff960:75)
04-17 12:08:16.084  3155  3155 W LocaleConfig: 	at android.service.notification.NotificationListenerService$MyHandler.handleMessage(NotificationListenerService.java:2476)
04-17 12:08:16.084  3155  3155 W LocaleConfig: 	at android.os.Handler.dispatchMessage(Handler.java:109)
04-17 12:08:16.084  3155  3155 W LocaleConfig: 	at android.os.Looper.loopOnce(Looper.java:232)
04-17 12:08:16.084  3155  3155 W LocaleConfig: 	at android.os.Looper.loop(Looper.java:317)
04-17 12:08:16.084  3155  3155 W LocaleConfig: 	at android.app.ActivityThread.main(ActivityThread.java:8934)
04-17 12:08:16.084  3155  3155 W LocaleConfig: 	at java.lang.reflect.Method.invoke(Native Method)
04-17 12:08:16.084  3155  3155 W LocaleConfig: 	at com.android.internal.os.RuntimeInit$MethodAndArgsCaller.run(RuntimeInit.java:591)
04-17 12:08:16.084  3155  3155 W LocaleConfig: 	at com.android.internal.os.ZygoteInit.main(ZygoteInit.java:911)
04-17 12:08:16.095  1641  2167 W ActivityManager: Foreground service started from background can not have location/camera/microphone access: service org.torproject.android/.service.OrbotService
04-17 12:08:16.097  2437  2859 E ndroid.systemui: Resource 7f140000 is a complex map type.
04-17 12:08:16.097  2437  2859 W LocaleConfig: The resource file pointed to by the given resource ID isn't found.
04-17 12:08:16.097  2437  2859 E ndroid.systemui: Resource 7f140000 is a complex map type.
04-17 12:08:16.098  2437  2859 W LocaleConfig: The resource file pointed to by the given resource ID isn't found.
04-17 12:08:16.110  2437  2859 W HWUI    : Image decoding logging dropped!
04-17 12:08:16.115  2437  2859 W HWUI    : Image decoding logging dropped!
04-17 12:08:16.345  2437  2859 W HWUI    : Image decoding logging dropped!
04-17 12:08:16.350  2437  2859 W HWUI    : Image decoding logging dropped!
04-17 12:08:16.538  1641  2328 E WifiStaIfaceAidlImpl: getCachedScanData failed with service-specific exception: android.os.ServiceSpecificException:  (code 4)
04-17 12:08:16.742   950   994 I netd    : tetherGetStats() -> {[]} <3.12ms>
04-17 12:08:16.775   950   994 I netd    : bandwidthSetGlobalAlert(2097152) <0.45ms>
04-17 12:08:17.072  3155  3155 W LocaleConfig: Failed to parse XML configuration from m3_button_group_child_size_change
04-17 12:08:17.072  3155  3155 W LocaleConfig: org.xmlpull.v1.XmlPullParserException: Unexpected start tag: found selector, expected locale-config
04-17 12:08:17.072  3155  3155 W LocaleConfig: 	at com.android.internal.util.XmlUtils.beginDocument(XmlUtils.java:1701)
04-17 12:08:17.072  3155  3155 W LocaleConfig: 	at android.app.LocaleConfig.parseLocaleConfig(LocaleConfig.java:204)
04-17 12:08:17.072  3155  3155 W LocaleConfig: 	at android.app.LocaleConfig.<init>(LocaleConfig.java:156)
04-17 12:08:17.072  3155  3155 W LocaleConfig: 	at android.app.LocaleConfig.fromContextIgnoringOverride(LocaleConfig.java:126)
04-17 12:08:17.072  3155  3155 W LocaleConfig: 	at android.app.ContextImpl.setResources(ContextImpl.java:3672)
04-17 12:08:17.072  3155  3155 W LocaleConfig: 	at android.app.ContextImpl.<init>(ContextImpl.java:3599)
04-17 12:08:17.072  3155  3155 W LocaleConfig: 	at android.app.ContextImpl.createApplicationContextAsUser(ContextImpl.java:2777)
04-17 12:08:17.072  3155  3155 W LocaleConfig: 	at android.app.ContextImpl.createApplicationContext(ContextImpl.java:2768)
04-17 12:08:17.072  3155  3155 W LocaleConfig: 	at android.content.ContextWrapper.createApplicationContext(ContextWrapper.java:1139)
04-17 12:08:17.072  3155  3155 W LocaleConfig: 	at android.app.Notification$Builder.recoverBuilder(Notification.java:7334)
04-17 12:08:17.072  3155  3155 W LocaleConfig: 	at android.ext.services.notification.NotificationEntry.<init>(go/retraceme a2165b383c7c7fbaaea02ced6998daf6ddee28de03c5f1acadd6984f59cff960:40)
04-17 12:08:17.072  3155  3155 W LocaleConfig: 	at android.ext.services.notification.Assistant.onNotificationPosted(go/retraceme a2165b383c7c7fbaaea02ced6998daf6ddee28de03c5f1acadd6984f59cff960:75)
04-17 12:08:17.072  3155  3155 W LocaleConfig: 	at android.service.notification.NotificationListenerService$MyHandler.handleMessage(NotificationListenerService.java:2476)
04-17 12:08:17.072  3155  3155 W LocaleConfig: 	at android.os.Handler.dispatchMessage(Handler.java:109)
04-17 12:08:17.072  3155  3155 W LocaleConfig: 	at android.os.Looper.loopOnce(Looper.java:232)
04-17 12:08:17.072  3155  3155 W LocaleConfig: 	at android.os.Looper.loop(Looper.java:317)
04-17 12:08:17.072  3155  3155 W LocaleConfig: 	at android.app.ActivityThread.main(ActivityThread.java:8934)
04-17 12:08:17.072  3155  3155 W LocaleConfig: 	at java.lang.reflect.Method.invoke(Native Method)
04-17 12:08:17.072  3155  3155 W LocaleConfig: 	at com.android.internal.os.RuntimeInit$MethodAndArgsCaller.run(RuntimeInit.java:591)
04-17 12:08:17.072  3155  3155 W LocaleConfig: 	at com.android.internal.os.ZygoteInit.main(ZygoteInit.java:911)
04-17 12:08:17.088  1641  2167 W ActivityManager: Foreground service started from background can not have location/camera/microphone access: service org.torproject.android/.service.OrbotService
04-17 12:08:17.090  2437  2859 E ndroid.systemui: Resource 7f140000 is a complex map type.
04-17 12:08:17.090  2437  2859 W LocaleConfig: The resource file pointed to by the given resource ID isn't found.
04-17 12:08:17.091  2437  2859 E ndroid.systemui: Resource 7f140000 is a complex map type.
04-17 12:08:17.091  2437  2859 W LocaleConfig: The resource file pointed to by the given resource ID isn't found.
04-17 12:08:17.102  2437  2859 W HWUI    : Image decoding logging dropped!
04-17 12:08:17.106  2437  2859 W HWUI    : Image decoding logging dropped!
04-17 12:08:17.155 23779 23784 I .pihole.android: Background young concurrent copying GC freed 46MB AllocSpace bytes, 43(14MB) LOS objects, 55% free, 42MB/95MB, paused 158us,123us total 406.095ms
04-17 12:08:17.315     0     0 I         : process 6776 (Okio Watchdog) no longer affine to cpu5
04-17 12:08:17.336  2437  2859 W HWUI    : Image decoding logging dropped!
04-17 12:08:17.340  2437  2859 W HWUI    : Image decoding logging dropped!
04-17 12:08:17.459  3082 23748 I NearbyMediums: No BLE Fast/GATT advertisements found in the latest cycle.
04-17 12:08:17.459  3082 23748 I NearbyMediums: Current Tracked Scanning Clients are : {NearbyConnections.EnvironmentMonitor, NearbySharing}
04-17 12:08:17.460  3082 23605 I NearbyConnections: Processing lost BlePeripheral BlePeripheral{advertisement=BleAdvertisement { version=2, socketVersion=2, isFast=true, serviceIdHash=null, data=[ 0x23 0x47 0x31 0x36 0x47 0x11 0x32 0x10 0x1e 0xe3 0x6c 0xf0 0xca 0xda 0x15 0x26 0x43 0xaf 0x71 0x1e 0x6f 0x0e 0x5e ], deviceToken=[ 0x2e 0xf2 ], rxAdvertisement=null }, dctAdvertisement=null, address=null, psm=0, deviceToken=<ByteString@353ff7c size=2 contents=".\362">, isSecondProfile=false, rxInstantConnectionAdv=null}.
04-17 12:08:17.461  3082 23605 I NearbyConnections: Lost BleEndpoint for BlePeripheral BlePeripheral{advertisement=BleAdvertisement { version=2, socketVersion=2, isFast=true, serviceIdHash=null, data=[ 0x23 0x47 0x31 0x36 0x47 0x11 0x32 0x10 0x1e 0xe3 0x6c 0xf0 0xca 0xda 0x15 0x26 0x43 0xaf 0x71 0x1e 0x6f 0x0e 0x5e ], deviceToken=[ 0x2e 0xf2 ], rxAdvertisement=null }, dctAdvertisement=null, address=null, psm=0, deviceToken=<ByteString@353ff7c size=2 contents=".\362">, isSecondProfile=false, rxInstantConnectionAdv=null} (with EndpointId G16G and EndpointInfo [ 0x32 0x10 0x1e 0xe3 0x6c 0xf0 0xca 0xda 0x15 0x26 0x43 0xaf 0x71 0x1e 0x6f 0x0e 0x5e ]).
04-17 12:08:17.461  3082 23605 I NearbyConnections: Unable to record lost endpoint due to null currentDiscoveryPhase
04-17 12:08:17.461  3082 23605 I NearbyConnections: ClientProxy(8028911) reporting onEndpointLost(G16G)
04-17 12:08:17.462  3082 23605 I NearbySharing: NearbySharing Internal event EndpointLost(endpointId=G16G)
04-17 12:08:17.462  3082 23749 I NearbySharing: [NS_DISCOVERY] DiscoveryController reported Lost(endpointId=G16G)
04-17 12:08:17.466  7071  7071 W tor     : type=1400 audit(0.0:6740): avc:  denied  { ioctl } for  path="socket:[145709]" dev="sockfs" ino=145709 ioctlcmd=0x894b scontext=u:r:untrusted_app:s0:c170,c256,c512,c768 tcontext=u:r:untrusted_app:s0:c170,c256,c512,c768 tclass=tcp_socket permissive=0 app=org.torproject.android
04-17 12:08:17.478  6567 23607 D XmppDomainVerifier: searching for conversations.im in ValidDomains{ipAddresses=[], xmppAddresses=[], srvNames=[], domains=[account.conversations.im, compliance.conversations.im, conference.conversations.im, conversations.im, help.conversations.im, proxy.conversations.im, pubsub.conversations.im, share.conversations.im, status.conversations.im, stuns.conversations.im, web.conversations.im, www.conversations.im, xmpp.conversations.im, xmpps.conversations.im]}
04-17 12:08:17.478  6567 23607 D XmppDomainVerifier: domain conversations.im matched conversations.im
04-17 12:08:17.479  6567 23607 D conversations: testosterter@conversations.im: TLS connection established
04-17 12:08:17.480  6567 23607 D conversations: inline bind features: [urn:xmpp:carbons:2, urn:xmpp:sm:3]
04-17 12:08:17.481  6567 23607 D conversations: testosterter@conversations.im/Conversations.MnROY1rPqp: quick start with SCRAM-SHA-1-PLUS
04-17 12:08:17.466  7071  7071 W tor     : type=1400 audit(0.0:6741): avc:  denied  { ioctl } for  path="socket:[145709]" dev="sockfs" ino=145709 ioctlcmd=0x894b scontext=u:r:untrusted_app:s0:c170,c256,c512,c768 tcontext=u:r:untrusted_app:s0:c170,c256,c512,c768 tclass=tcp_socket permissive=0 app=org.torproject.android
04-17 12:08:17.511     0     0 I FG      : fg_battery_soc_smooth_tracking: soc:100, last_soc:100, raw_soc:100, soc_changed:1.
04-17 12:08:17.511     0     0 I FG      : soc_monitor_work: soc:100, raw_soc:100, c:9765, s:4
04-17 12:08:17.963  3082 23749 I NearbySharing: [NS_CONTROL] DiscoveryStateManager emitted ReportLost(id=8).
04-17 12:08:17.964  3082 23749 I NearbySharing: NearbySharing Internal event ReceiverLost(receiverId=8)
04-17 12:08:17.965  3082 23839 I NearbySharing: SendManager event Lost(receiverId=8)
04-17 12:08:17.966  3082 23838 I NearbySharing: ShareTargetDiscoveredCallback: onShareTargetLost()
04-17 12:08:17.969  1641 19389 D ShortcutService: rescanPackageIfNeeded 0@com.google.android.gms, forceRescan=false , isNewApp=false
04-17 12:08:17.971  3082  3082 I NearbySharing: ShortcutInfoManager removed shortcut motorola edge 40 neo
04-17 12:08:17.975  1641  1799 W NotificationHistory: Attempted to remove conversation for locked/gone/disabled user 0
04-17 12:08:18.073  1641  2376 D ShortcutService: Saving package item com.google.android.gms to /data/system_ce/0/shortcut_service/packages/com.google.android.gms.xml
04-17 12:08:18.073  1641  1799 D ShortcutService: Getting shortcuts for launcher= com.android.systemuiuserId=0 pkg=com.google.android.gms
04-17 12:08:18.079  3155  3155 W LocaleConfig: Failed to parse XML configuration from m3_button_group_child_size_change
04-17 12:08:18.079  3155  3155 W LocaleConfig: org.xmlpull.v1.XmlPullParserException: Unexpected start tag: found selector, expected locale-config
04-17 12:08:18.079  3155  3155 W LocaleConfig: 	at com.android.internal.util.XmlUtils.beginDocument(XmlUtils.java:1701)
04-17 12:08:18.079  3155  3155 W LocaleConfig: 	at android.app.LocaleConfig.parseLocaleConfig(LocaleConfig.java:204)
04-17 12:08:18.079  3155  3155 W LocaleConfig: 	at android.app.LocaleConfig.<init>(LocaleConfig.java:156)
04-17 12:08:18.079  3155  3155 W LocaleConfig: 	at android.app.LocaleConfig.fromContextIgnoringOverride(LocaleConfig.java:126)
04-17 12:08:18.079  3155  3155 W LocaleConfig: 	at android.app.ContextImpl.setResources(ContextImpl.java:3672)
04-17 12:08:18.079  3155  3155 W LocaleConfig: 	at android.app.ContextImpl.<init>(ContextImpl.java:3599)
04-17 12:08:18.079  3155  3155 W LocaleConfig: 	at android.app.ContextImpl.createApplicationContextAsUser(ContextImpl.java:2777)
04-17 12:08:18.079  3155  3155 W LocaleConfig: 	at android.app.ContextImpl.createApplicationContext(ContextImpl.java:2768)
04-17 12:08:18.079  3155  3155 W LocaleConfig: 	at android.content.ContextWrapper.createApplicationContext(ContextWrapper.java:1139)
04-17 12:08:18.079  3155  3155 W LocaleConfig: 	at android.app.Notification$Builder.recoverBuilder(Notification.java:7334)
04-17 12:08:18.079  3155  3155 W LocaleConfig: 	at android.ext.services.notification.NotificationEntry.<init>(go/retraceme a2165b383c7c7fbaaea02ced6998daf6ddee28de03c5f1acadd6984f59cff960:40)
04-17 12:08:18.079  3155  3155 W LocaleConfig: 	at android.ext.services.notification.Assistant.onNotificationPosted(go/retraceme a2165b383c7c7fbaaea02ced6998daf6ddee28de03c5f1acadd6984f59cff960:75)
04-17 12:08:18.079  3155  3155 W LocaleConfig: 	at android.service.notification.NotificationListenerService$MyHandler.handleMessage(NotificationListenerService.java:2476)
04-17 12:08:18.079  3155  3155 W LocaleConfig: 	at android.os.Handler.dispatchMessage(Handler.java:109)
04-17 12:08:18.079  3155  3155 W LocaleConfig: 	at android.os.Looper.loopOnce(Looper.java:232)
04-17 12:08:18.079  3155  3155 W LocaleConfig: 	at android.os.Looper.loop(Looper.java:317)
04-17 12:08:18.079  3155  3155 W LocaleConfig: 	at android.app.ActivityThread.main(ActivityThread.java:8934)
04-17 12:08:18.079  3155  3155 W LocaleConfig: 	at java.lang.reflect.Method.invoke(Native Method)
04-17 12:08:18.079  3155  3155 W LocaleConfig: 	at com.android.internal.os.RuntimeInit$MethodAndArgsCaller.run(RuntimeInit.java:591)
04-17 12:08:18.079  3155  3155 W LocaleConfig: 	at com.android.internal.os.ZygoteInit.main(ZygoteInit.java:911)
04-17 12:08:18.093  1641 19389 W ActivityManager: Foreground service started from background can not have location/camera/microphone access: service org.torproject.android/.service.OrbotService
04-17 12:08:18.096  1641  2376 D ShortcutService: Persisting shortcuts from 0@com.google.android.gms
04-17 12:08:18.098  2437  2859 E ndroid.systemui: Resource 7f140000 is a complex map type.
04-17 12:08:18.098  2437  2859 W LocaleConfig: The resource file pointed to by the given resource ID isn't found.
04-17 12:08:18.099  2437  2859 E ndroid.systemui: Resource 7f140000 is a complex map type.
04-17 12:08:18.099  2437  2859 W LocaleConfig: The resource file pointed to by the given resource ID isn't found.
04-17 12:08:18.101  1641  1799 D ShortcutService: Getting shortcuts for launcher= com.android.launcher3userId=0 pkg=com.google.android.gms
04-17 12:08:18.113  2437  2859 W HWUI    : Image decoding logging dropped!
04-17 12:08:18.116  2437  2859 W HWUI    : Image decoding logging dropped!
04-17 12:08:18.348  2437  2859 W HWUI    : Image decoding logging dropped!
04-17 12:08:18.352  2437  2859 W HWUI    : Image decoding logging dropped!
04-17 12:08:18.468  1094  3015 I vendor.qti.bluetooth@1.0-ibs_handler: ProcessIbsCmd: Received IBS_WAKE_IND: 0xFD
04-17 12:08:18.468  1094  3015 D vendor.qti.bluetooth@1.0-ibs_handler: SerialClockVote: vote for UART CLK ON
04-17 12:08:18.469  1094  3015 D vendor.qti.bluetooth@1.0-wake_lock: Acquire wakelock is acquired 
04-17 12:08:18.469  1094  3015 I vendor.qti.bluetooth@1.0-ibs_handler: ProcessIbsCmd: Writing IBS_WAKE_ACK
04-17 12:08:18.475  3082 23838 I NearbyConnections: Found BleAdvertisement [ 0x23 0x47 0x31 0x36 0x47 0x11 0x32 0x10 0x1e 0xe3 0x6c 0xf0 0xca 0xda 0x15 0x26 0x43 0xaf 0x71 0x1e 0x6f 0x0e 0x5e ] (with EndpointId G16G and EndpointInfo [ 0x32 0x10 0x1e 0xe3 0x6c 0xf0 0xca 0xda 0x15 0x26 0x43 0xaf 0x71 0x1e 0x6f 0x0e 0x5e ])
04-17 12:08:18.485  3082 23838 I NearbyConnections: Unable to record discovered endpoint due to null currentDiscoveryPhase
04-17 12:08:18.485  3082 23838 I NearbyConnections: ClientProxy(8028911 0p:com.google.android.gms.nearby.sharing) reporting onEndpointFound(G16G)
04-17 12:08:18.486  3082 23838 I NearbyConnections: ClientProxy(8028911) reporting onEndpointDistanceChanged(G16G, UNKNOWN)
04-17 12:08:18.489  3082 23605 I NearbySharing: NearbySharing Internal event EndpointDiscovered(endpointId=G16G)
04-17 12:08:18.510  1094  3015 I vendor.qti.bluetooth@1.0-ibs_handler: ProcessIbsCmd: Received IBS_SLEEP_IND: 0xFE
04-17 12:08:18.510  1094  3015 D vendor.qti.bluetooth@1.0-ibs_handler: SerialClockVote: vote for UART CLK OFF
04-17 12:08:18.528  3082 23839 I NearbySharing: [NS_DISCOVERY] DiscoveryController reported Discovered(endpointId=G16G, metadata=DeviceMetadata(version=1, deviceType=1, deviceName=motorola edge 40 neo, displayName=Serge Geek, modelName=motorola edge 40 neo, imageUri=content://com.google.android.gms.fileprovider/nearby_share_images/887584634.jpg, isSelfShare=true, isKnown=true, bluetoothMacAddress=[-56, -97, 12, 23, 52, 88], vendorId=0, matchesLocalQrCode=false))
04-17 12:08:18.528  3082 23839 I NearbySharing: [NS_DEBUG] Dedupped: same endpoint ID G16G
04-17 12:08:18.528  3082 23839 I NearbySharing: {NS_DEBUG] previous receiver info ReceiverInfo(endpointId=G16G, metadata=DeviceMetadata(version=1, deviceType=1, deviceName=motorola edge 40 neo, displayName=Serge Geek, modelName=motorola edge 40 neo, imageUri=content://com.google.android.gms.fileprovider/nearby_share_images/887584634.jpg, isSelfShare=true, isKnown=true, bluetoothMacAddress=[-56, -97, 12, 23, 52, 88], vendorId=0, matchesLocalQrCode=false), state=Tomb(delayedStateChangeJob=jrfl{Active}@7e475b9))
04-17 12:08:18.529  3082 23839 I NearbySharing: NearbySharing Internal event ReceiverEndpointMapping(endpointId=G16G, receiverId=8)
04-17 12:08:18.529  3082 23605 I NearbySharing: [NS_CONTROL] DiscoveryStateManager emitted ReportDiscovered(id=8, metadata=DeviceMetadata(version=1, deviceType=1, deviceName=motorola edge 40 neo, displayName=Serge Geek, modelName=motorola edge 40 neo, imageUri=content://com.google.android.gms.fileprovider/nearby_share_images/887584634.jpg, isSelfShare=true, isKnown=true, bluetoothMacAddress=[-56, -97, 12, 23, 52, 88], vendorId=0, matchesLocalQrCode=false)).
04-17 12:08:18.529  3082 23605 I NearbySharing: NearbySharing Internal event ReceiverDiscovered(receiverId=8, deviceName=motorola edge 40 neo, isKnown=true, isSelfShare=true, deviceType=1, hasMatchingQrCode=false, isExternal=false, providerName=null, providerId=null, cloudReceiverSessionId=null)
04-17 12:08:18.529  3082 23839 I NearbySharing: SendManager event Discovered(receiverId=8, receiverMetadata=DeviceMetadata(version=1, deviceType=1, deviceName=motorola edge 40 neo, displayName=Serge Geek, modelName=motorola edge 40 neo, imageUri=content://com.google.android.gms.fileprovider/nearby_share_images/887584634.jpg, isSelfShare=true, isKnown=true, bluetoothMacAddress=[-56, -97, 12, 23, 52, 88], vendorId=0, matchesLocalQrCode=false))
