--------- beginning of system
04-17 11:39:41.725  1641  2365 I AppWidgetServiceImpl: Updating package stopped masked state for uid 10461 package org.pihole.android isStopped false
04-17 11:39:41.726  1641  2377 D BackgroundInstallControlService: Package event received: 0
--------- beginning of main
04-17 11:39:41.746   952   952 D Zygote  : Forked child process 23319
04-17 11:39:41.747  1641  1801 I ActivityManager: Start proc 23319:org.pihole.android/u0a461 for next-top-activity {org.pihole.android/org.pihole.android.debug.DebugStartDnsActivity}
04-17 11:39:41.764 23319 23319 I .pihole.android: Late-enabling -Xcheck:jni
04-17 11:39:41.791  1094  3015 I vendor.qti.bluetooth@1.0-ibs_handler: ProcessIbsCmd: Received IBS_WAKE_IND: 0xFD
04-17 11:39:41.791 23319 23319 I .pihole.android: Using CollectorTypeCC GC.
04-17 11:39:41.791  1094  3015 D vendor.qti.bluetooth@1.0-ibs_handler: SerialClockVote: vote for UART CLK ON
04-17 11:39:41.792  1094  3015 D vendor.qti.bluetooth@1.0-wake_lock: Acquire wakelock is acquired 
04-17 11:39:41.792  1094  3015 I vendor.qti.bluetooth@1.0-ibs_handler: ProcessIbsCmd: Writing IBS_WAKE_ACK
04-17 11:39:41.795  1523  1542 I adbd    : jdwp connection from 23319
04-17 11:39:41.800 23319 23319 D nativeloader: Load libframework-connectivity-tiramisu-jni.so using APEX ns com_android_tethering for caller /apex/com.android.tethering/javalib/framework-connectivity-t.jar: ok
--------- beginning of kernel
04-17 11:39:41.801     0     0 I binder  : 23319:23319 ioctl 40046210 7fe6f84d04 returned -22
04-17 11:39:41.814  1641  2377 D BackgroundInstallControlService: Package event received: 0
04-17 11:39:41.816  3897 23073 D ForegroundUtils: Foreground UID status:
04-17 11:39:41.816  3897 23073 D ForegroundUtils: UID: 10024 is in foreground: false
04-17 11:39:41.816  3897 23073 D ForegroundUtils: UID: 10150 is in foreground: true
04-17 11:39:41.816  3897 23073 D ForegroundUtils: UID: 10161 is in foreground: true
04-17 11:39:41.816  3897 23073 D ForegroundUtils: UID: 10175 is in foreground: true
04-17 11:39:41.816  3897 23073 D ForegroundUtils: UID: 10461 is in foreground: true
04-17 11:39:41.816  3897 23073 D ForegroundUtils: UID: 1010175 is in foreground: true
04-17 11:39:41.816  3897 23073 D ForegroundUtils: UID: 1010197 is in foreground: false
04-17 11:39:41.824  4580  4580 I bvhy    : onPause
04-17 11:39:41.826  1641  2749 W ActivityTaskManager: takeTaskSnapshot: taskId=2363 not found or not visible
04-17 11:39:41.832  1094  3015 I vendor.qti.bluetooth@1.0-ibs_handler: ProcessIbsCmd: Received IBS_SLEEP_IND: 0xFE
04-17 11:39:41.832  1094  3015 D vendor.qti.bluetooth@1.0-ibs_handler: SerialClockVote: vote for UART CLK OFF
04-17 11:39:41.851 23319 23319 W ziparchive: Unable to open '/data/app/~~YYKzkKLt419pacFwCZ9pOw==/org.pihole.android-386Pb3cfYA7Q03RNhaWZ4g==/base.dm': No such file or directory
04-17 11:39:41.851 23319 23319 W ziparchive: Unable to open '/data/app/~~YYKzkKLt419pacFwCZ9pOw==/org.pihole.android-386Pb3cfYA7Q03RNhaWZ4g==/base.dm': No such file or directory
04-17 11:39:41.859  1641  2328 E WifiStaIfaceAidlImpl: getCachedScanData failed with service-specific exception: android.os.ServiceSpecificException:  (code 4)
04-17 11:39:41.870  4580  4611 V ClearcutMetricXmitter: Transmission is done.
04-17 11:39:41.941     0     0 W healthd : battery l=100 v=4350 t=25.0 h=2 st=5 c=10253 fc=4056000 cc=5 chg=a
04-17 11:39:41.945  2437  5411 D PowerUI : can't show warning due to - plugged: true status unknown: false
04-17 11:39:41.982  1094  2888 D vendor.qti.bluetooth@1.0-wake_lock: Release wakelock is released 
04-17 11:39:42.072  3155  3155 W LocaleConfig: Failed to parse XML configuration from m3_button_group_child_size_change
04-17 11:39:42.072  3155  3155 W LocaleConfig: org.xmlpull.v1.XmlPullParserException: Unexpected start tag: found selector, expected locale-config
04-17 11:39:42.072  3155  3155 W LocaleConfig: 	at com.android.internal.util.XmlUtils.beginDocument(XmlUtils.java:1701)
04-17 11:39:42.072  3155  3155 W LocaleConfig: 	at android.app.LocaleConfig.parseLocaleConfig(LocaleConfig.java:204)
04-17 11:39:42.072  3155  3155 W LocaleConfig: 	at android.app.LocaleConfig.<init>(LocaleConfig.java:156)
04-17 11:39:42.072  3155  3155 W LocaleConfig: 	at android.app.LocaleConfig.fromContextIgnoringOverride(LocaleConfig.java:126)
04-17 11:39:42.072  3155  3155 W LocaleConfig: 	at android.app.ContextImpl.setResources(ContextImpl.java:3672)
04-17 11:39:42.072  3155  3155 W LocaleConfig: 	at android.app.ContextImpl.<init>(ContextImpl.java:3599)
04-17 11:39:42.072  3155  3155 W LocaleConfig: 	at android.app.ContextImpl.createApplicationContextAsUser(ContextImpl.java:2777)
04-17 11:39:42.072  3155  3155 W LocaleConfig: 	at android.app.ContextImpl.createApplicationContext(ContextImpl.java:2768)
04-17 11:39:42.072  3155  3155 W LocaleConfig: 	at android.content.ContextWrapper.createApplicationContext(ContextWrapper.java:1139)
04-17 11:39:42.072  3155  3155 W LocaleConfig: 	at android.app.Notification$Builder.recoverBuilder(Notification.java:7334)
04-17 11:39:42.072  3155  3155 W LocaleConfig: 	at android.ext.services.notification.NotificationEntry.<init>(go/retraceme a2165b383c7c7fbaaea02ced6998daf6ddee28de03c5f1acadd6984f59cff960:40)
04-17 11:39:42.072  3155  3155 W LocaleConfig: 	at android.ext.services.notification.Assistant.onNotificationPosted(go/retraceme a2165b383c7c7fbaaea02ced6998daf6ddee28de03c5f1acadd6984f59cff960:75)
04-17 11:39:42.072  3155  3155 W LocaleConfig: 	at android.service.notification.NotificationListenerService$MyHandler.handleMessage(NotificationListenerService.java:2476)
04-17 11:39:42.072  3155  3155 W LocaleConfig: 	at android.os.Handler.dispatchMessage(Handler.java:109)
04-17 11:39:42.072  3155  3155 W LocaleConfig: 	at android.os.Looper.loopOnce(Looper.java:232)
04-17 11:39:42.072  3155  3155 W LocaleConfig: 	at android.os.Looper.loop(Looper.java:317)
04-17 11:39:42.072  3155  3155 W LocaleConfig: 	at android.app.ActivityThread.main(ActivityThread.java:8934)
04-17 11:39:42.072  3155  3155 W LocaleConfig: 	at java.lang.reflect.Method.invoke(Native Method)
04-17 11:39:42.072  3155  3155 W LocaleConfig: 	at com.android.internal.os.RuntimeInit$MethodAndArgsCaller.run(RuntimeInit.java:591)
04-17 11:39:42.072  3155  3155 W LocaleConfig: 	at com.android.internal.os.ZygoteInit.main(ZygoteInit.java:911)
04-17 11:39:42.085  2437  2859 E ndroid.systemui: Resource 7f140000 is a complex map type.
04-17 11:39:42.085  2437  2859 W LocaleConfig: The resource file pointed to by the given resource ID isn't found.
04-17 11:39:42.086  2437  2859 E ndroid.systemui: Resource 7f140000 is a complex map type.
04-17 11:39:42.086  2437  2859 W LocaleConfig: The resource file pointed to by the given resource ID isn't found.
04-17 11:39:42.099  2437  2859 W HWUI    : Image decoding logging dropped!
04-17 11:39:42.101  1641  3053 W PackageManager: resolveContentProvider: UID 1010197 requires android.permission.INTERACT_ACROSS_USERS_FULL or android.permission.INTERACT_ACROSS_USERS to access user 0.
04-17 11:39:42.103  2437  2859 W HWUI    : Image decoding logging dropped!
04-17 11:39:42.163  1641  2749 W ActivityManager: Foreground service started from background can not have location/camera/microphone access: service org.torproject.android/.service.OrbotService
04-17 11:39:42.268 23319 23319 D nativeloader: Configuring clns-7 for other apk /data/app/~~YYKzkKLt419pacFwCZ9pOw==/org.pihole.android-386Pb3cfYA7Q03RNhaWZ4g==/base.apk. target_sdk_version=35, uses_libraries=, library_path=/data/app/~~YYKzkKLt419pacFwCZ9pOw==/org.pihole.android-386Pb3cfYA7Q03RNhaWZ4g==/lib/arm64:/data/app/~~YYKzkKLt419pacFwCZ9pOw==/org.pihole.android-386Pb3cfYA7Q03RNhaWZ4g==/base.apk!/lib/arm64-v8a, permitted_path=/data:/mnt/expand:/data/user/0/org.pihole.android
04-17 11:39:42.271 23319 23319 D CompatChangeReporter: Compat change id reported: 202956589; UID 10461; state: ENABLED
04-17 11:39:42.295 23319 23319 I .pihole.android: AssetManager2(0x7e67111c58) locale list changing from [] to [en-GB]
04-17 11:39:42.302 23319 23319 V GraphicsEnvironment: Currently set values for:
04-17 11:39:42.302 23319 23319 V GraphicsEnvironment:   angle_gl_driver_selection_pkgs=[]
04-17 11:39:42.302 23319 23319 V GraphicsEnvironment:   angle_gl_driver_selection_values=[]
04-17 11:39:42.302 23319 23319 V GraphicsEnvironment: org.pihole.android is not listed in per-application setting
04-17 11:39:42.302 23319 23319 V GraphicsEnvironment: Neither updatable production driver nor prerelease driver is supported.
04-17 11:39:42.344 23319 23319 D CompatChangeReporter: Compat change id reported: 279646685; UID 10461; state: ENABLED
04-17 11:39:42.351 23319 23319 D WM-WrkMgrInitializer: Initializing WorkManager with default configuration.
04-17 11:39:42.389 23319 23319 D WM-PackageManagerHelper: Skipping component enablement for androidx.work.impl.background.systemjob.SystemJobService
04-17 11:39:42.389 23319 23319 D WM-Schedulers: Created SystemJobScheduler and enabled SystemJobService
04-17 11:39:42.405  2437  2859 W HWUI    : Image decoding logging dropped!
04-17 11:39:42.409  2437  2859 W HWUI    : Image decoding logging dropped!
04-17 11:39:42.463  1641  3053 D CompatChangeReporter: Compat change id reported: 324203798; UID 10461; state: ENABLED
04-17 11:39:42.469  1641  2377 D BackgroundInstallControlService: Package event received: 0
04-17 11:39:42.469  1641  2377 D BackgroundInstallControlService: Package event received: 0
04-17 11:39:42.480 23319 23338 D CompatChangeReporter: Compat change id reported: 311402873; UID 10461; state: ENABLED
04-17 11:39:42.480 23319 23338 D CompatChangeReporter: Compat change id reported: 323349338; UID 10461; state: ENABLED
04-17 11:39:42.594 23319 23319 I .pihole.android: AssetManager2(0x7e67113878) locale list changing from [] to [en-GB]
04-17 11:39:42.608  1641  3053 D CompatChangeReporter: Compat change id reported: 311208749; UID 10461; state: ENABLED
04-17 11:39:42.608  1641  3053 I ActivityManager: Background started FGS: Allowed [callingPackage: org.pihole.android; callingUid: 10461; uidState: TOP ; uidBFSL: [BFSL]; intent: Intent { cmp=org.pihole.android/.service.DnsForegroundService }; code:PROC_STATE_TOP; tempAllowListReason:<,reasonCode:SYSTEM_ALLOW_LISTED,duration:9223372036854775807,callingUid:-1>; targetSdkVersion:35; callerTargetSdkVersion:35; startForegroundCount:0; bindFromPackage:null: isBindService:false]
04-17 11:39:42.626 23319 23319 D CompatChangeReporter: Compat change id reported: 309578419; UID 10461; state: ENABLED
04-17 11:39:42.629 23319 23319 D DesktopModeFlagsUtil: Toggle override initialized to: OVERRIDE_UNSET
04-17 11:39:42.650 23319 23319 W HWUI    : Image decoding logging dropped!
04-17 11:39:42.653 23319 23319 D CompatChangeReporter: Compat change id reported: 63938206; UID 10461; state: ENABLED
04-17 11:39:42.658  1641  3053 I BroadcastQueue: BOOT_COMPLETED_BROADCAST_COMPLETION_LATENCY_REPORTED action:android.intent.action.BOOT_COMPLETED dispatchLatency:1 completeLatency:842 dispatchRealLatency:1 completeRealLatency:842 receiversSize:2 userId:0 userType:android.os.usertype.full.SYSTEM
04-17 11:39:42.672  1641  3053 D CompatChangeReporter: Compat change id reported: 296558535; UID 10461; state: ENABLED
04-17 11:39:42.672  1641  3053 D CompatChangeReporter: Compat change id reported: 317799821; UID 10461; state: ENABLED
04-17 11:39:42.672  1641  3053 D CompatChangeReporter: Compat change id reported: 313677553; UID 10461; state: ENABLED
04-17 11:39:42.674  1641  3053 W ForegroundServiceTypeLoggerModule: Foreground service start for UID: 10461 does not have any types
04-17 11:39:42.674  1641  2377 D BackgroundInstallControlService: Package event received: 0
04-17 11:39:42.705 23319 23319 D nativeloader: Load /data/app/~~YYKzkKLt419pacFwCZ9pOw==/org.pihole.android-386Pb3cfYA7Q03RNhaWZ4g==/base.apk!/lib/arm64-v8a/libandhole_arti_bridge.so using class loader ns clns-7 (caller=/data/app/~~YYKzkKLt419pacFwCZ9pOw==/org.pihole.android-386Pb3cfYA7Q03RNhaWZ4g==/base.apk!classes3.dex): ok
04-17 11:39:42.721  1641  2377 D BackgroundInstallControlService: Package event received: 0
04-17 11:39:42.728  2771  2771 D StatsLog: LAUNCHER_ONRESUME
04-17 11:39:42.728  4580  4580 I bvhy    : onResume
04-17 11:39:42.728  2437  2482 D WindowManagerShell: setLauncherKeepClearAreaHeight: visible=true, height=308
04-17 11:39:42.732  1641  1751 V WindowManager: Sent Transition (#36) createdAt=04-17 11:39:41.673 via request=TransitionRequestInfo { type = OPEN, triggerTask = TaskInfo{userId=0 taskId=2363 effectiveUid=10461 displayId=0 isRunning=true baseIntent=Intent { flg=0x10000000 cmp=org.pihole.android/.debug.DebugStartDnsActivity } baseActivity=ComponentInfo{org.pihole.android/org.pihole.android.debug.DebugStartDnsActivity} topActivity=ComponentInfo{org.pihole.android/org.pihole.android.debug.DebugStartDnsActivity} origActivity=null realActivity=ComponentInfo{org.pihole.android/org.pihole.android.debug.DebugStartDnsActivity} numActivities=1 lastActiveTime=40854268 supportsMultiWindow=true resizeMode=1 isResizeable=true minWidth=-1 minHeight=-1 defaultMinSize=220 token=WCT{RemoteToken{f2baf94 Task{aaa4440 #2363 type=standard A=10461:org.pihole.android}}} topActivityType=1 pictureInPictureParams=null shouldDockBigOverlays=false launchIntoPipHostTaskId=-1 lastParentTaskIdBeforePip=-1 displayCutoutSafeInsets=Rect(0, 75 - 0, 0) topActivityInfo=ActivityInfo{5910a3d org.pihole.android.debug.DebugStartDnsActivity} launchCookies=[] positionInParent=Point(0, 0) parentTaskId=-1 isFocused=false isVisible=false isVisibleRequested=false isTopActivityNoDisplay=true isSleeping=false locusId=null displayAreaFeatureId=1 isTopActivityTransparent=true isActivityStackTransparent=true lastNonFullscreenBounds=Rect(267, 602 - 814, 1682) capturedLink=null capturedLinkTimestamp=0 requestedVisibleTypes=-9 topActivityRequestOpenInBrowserEducationTimestamp=0 appCompatTaskInfo=AppCompatTaskInfo { topActivityInSizeCompat=false eligibleForLetterboxEducation= false isLetterboxEducationEnabled= false isLetterboxDoubleTapEnabled= false eligibleForUserAspectRatioButton= false topActivityBoundsLetterboxed= false isFromLetterboxDoubleTap= false topActivityLetterboxVerticalPosition= -1 topActivityLetterboxHorizontalPosition= -1 topActivityLetterboxWidth=-1 topActivityLetterboxHeight=-1 topActivityLetterboxAppWidth=-1 topActivityLetterboxAppHeight=-1 isUserFullscreenOverrideEnabled=false isSystemFullscreenOverrideEnabled=false hasMinAspectRatioOverride=false topActivityLetterboxBounds=null cameraCompatTaskInfo=CameraCompatTaskInfo { freeformCameraCompatMode=inactive}} topActivityMainWindowFrame=null}, pipChange = null, remoteTransition = null, displayChange = null, flags = 0, debugId = 36 }
04-17 11:39:42.732  2437  9489 V WindowManagerShell: onTransitionReady(transaction=7048041334283)
04-17 11:39:42.732  1641  1751 V WindowManager:     startWCT=WindowContainerTransaction { changes= {} hops= [] errorCallbackToken=null taskFragmentOrganizer=null }
04-17 11:39:42.733  1641  1751 V WindowManager:     info={id=36 t=OPEN f=0x0 trk=0 r=[0@Point(0, 0)] c=[
04-17 11:39:42.733  1641  1751 V WindowManager:         {WCT{RemoteToken{c3becfd Task{93c1e3a #2355 type=home}}} m=CHANGE f=SHOW_WALLPAPER|MOVE_TO_TOP leash=Surface(name=Task=2355)/@0x2a8bca7 sb=Rect(0, 0 - 1080, 2340) eb=Rect(0, 0 - 1080, 2340) epz=Point(1080, 2340) d=0 taskParent=-1}
04-17 11:39:42.733  1641  1751 V WindowManager:     ]}
04-17 11:39:42.733  2437  2482 V WindowManagerShell: onTransitionReady (#36) android.os.BinderProxy@2896d41: {id=36 t=OPEN f=0x0 trk=0 r=[0@Point(0, 0)] c=[
04-17 11:39:42.733  2437  2482 V WindowManagerShell:         {m=CHANGE f=SHOW_WALLPAPER|MOVE_TO_TOP leash=Surface(name=Task=2355)/@0xb0e3259 sb=Rect(0, 0 - 1080, 2340) eb=Rect(0, 0 - 1080, 2340) epz=Point(1080, 2340) d=0 taskParent=-1}
04-17 11:39:42.733  2437  2482 V WindowManagerShell:     ]}
04-17 11:39:42.733  2437  2482 V WindowManagerShell: Playing animation for (#36) android.os.BinderProxy@2896d41@0
04-17 11:39:42.733  2437  2482 V ShellRecents: RecentsTransitionHandler.startAnimation: no controller found
04-17 11:39:42.734  2437  2482 V WindowManagerShell: Transition doesn't have explicit remote, search filters for match for {id=36 t=OPEN f=0x0 trk=0 r=[0@Point(0, 0)] c=[{m=CHANGE f=SHOW_WALLPAPER|MOVE_TO_TOP leash=Surface(name=Task=2355)/@0xb0e3259 sb=Rect(0, 0 - 1080, 2340) eb=Rect(0, 0 - 1080, 2340) epz=Point(1080, 2340) d=0 taskParent=-1}]}
04-17 11:39:42.734  2437  2482 V WindowManagerShell:  Checking filter Pair{{types=[] flags=0x0] notFlags=0x100 checks=[{atype=home independent=true modes=[OPEN,TO_FRONT] flags=NONE mustBeTask=false order=TOP topActivity=ComponentInfo{com.android.launcher3/com.android.launcher3.uioverrides.QuickstepLauncher} launchCookie=null windowingMode=undefined},{atype=standard independent=true modes=[CLOSE,TO_BACK] flags=NONE mustBeTask=false order=ANY topActivity=null launchCookie=null windowingMode=undefined},{NOT atype=undefined independent=true modes=[] flags=NONE mustBeTask=true order=ANY topActivity=null launchCookie=null customAnim=true windowingMode=undefined}]} RemoteTransition { remoteTransition = android.window.IRemoteTransition$Stub$Proxy@70023d8, appThread = android.app.IApplicationThread$Stub$Proxy@70b4331, debugName = QuickstepLaunchHome }}
04-17 11:39:42.734  2437  2482 V WindowManagerShell:  Delegate animation for (#36) to null
04-17 11:39:42.734  2437  2482 V WindowManagerShell: start default transition animation, info = {id=36 t=OPEN f=0x0 trk=0 r=[0@Point(0, 0)] c=[{m=CHANGE f=SHOW_WALLPAPER|MOVE_TO_TOP leash=Surface(name=Task=2355)/@0xb0e3259 sb=Rect(0, 0 - 1080, 2340) eb=Rect(0, 0 - 1080, 2340) epz=Point(1080, 2340) d=0 taskParent=-1}]}
04-17 11:39:42.734  1641  2377 D BackgroundInstallControlService: Package event received: 0
04-17 11:39:42.735  1641  2377 D BackgroundInstallControlService: Package event received: 0
04-17 11:39:42.735  2437  2482 V WindowManagerShell: Transition animation finished (aborted=false), notifying core (#36) android.os.BinderProxy@2896d41@0
04-17 11:39:42.741  1641  1751 V WindowManager: Finish Transition (#36): created at 04-17 11:39:41.673 collect-started=0.213ms request-sent=26.813ms started=29.452ms ready=1051.834ms sent=1057.258ms finished=1063.058ms
04-17 11:39:42.741  2437  2482 V WindowManagerShell: Track 0 became idle
04-17 11:39:42.741  2437  2482 V WindowManagerShell: All active transition animations finished
04-17 11:39:42.741  2437  2482 V WindowManagerShell:  animated by com.android.wm.shell.transition.DefaultTransitionHandler@da59b7e
04-17 11:39:42.741  2437  2482 V WindowManagerShell: Track 0 became idle
04-17 11:39:42.741  2437  2482 V WindowManagerShell: All active transition animations finished
04-17 11:39:42.746   950   950 I netd    : tetherGetStats() -> {[]} <1.79ms>
04-17 11:39:42.750  3897 23073 D ForegroundUtils: Foreground UID status:
04-17 11:39:42.750  3897 23073 D ForegroundUtils: UID: 10024 is in foreground: false
04-17 11:39:42.750  3897 23073 D ForegroundUtils: UID: 10150 is in foreground: true
04-17 11:39:42.750  3897 23073 D ForegroundUtils: UID: 10161 is in foreground: true
04-17 11:39:42.750  3897 23073 D ForegroundUtils: UID: 10175 is in foreground: true
04-17 11:39:42.750  3897 23073 D ForegroundUtils: UID: 10461 is in foreground: false
04-17 11:39:42.750  3897 23073 D ForegroundUtils: UID: 1010175 is in foreground: true
04-17 11:39:42.750  3897 23073 D ForegroundUtils: UID: 1010197 is in foreground: false
04-17 11:39:42.758  1641  2208 I ImeTracker: com.android.launcher3:5b2d8c50: onRequestHide at ORIGIN_SERVER reason HIDE_SAME_WINDOW_FOCUSED_WITHOUT_EDITOR fromUser false
04-17 11:39:42.759  2771  2771 D InsetsController: hide(ime(), fromIme=false)
04-17 11:39:42.759  2771  2771 I ImeTracker: com.android.launcher3:5b2d8c50: onCancelled at PHASE_CLIENT_ALREADY_HIDDEN
04-17 11:39:42.764  1641 19372 W UserManagerService: Requested status bar icon for non-badged user 0
04-17 11:39:42.764  1641  2377 D BackgroundInstallControlService: Package event received: 0
04-17 11:39:42.766  1641 19372 W UserManagerService: Requested status bar icon for non-badged user 0
04-17 11:39:42.775  2771  2771 D RecentsView: onTaskRemoved: 2363, not handling task stack changes
04-17 11:39:42.775  2771  2771 D RecentsView: onTaskRemoved: 2363, not handling task stack changes
04-17 11:39:42.871  1641 19372 W HWUI    : Image decoding logging dropped!
04-17 11:39:42.875  1641  8694 I AdrenoGLES-0: QUALCOMM build                   : 95db91f, Ifbc588260a
04-17 11:39:42.875  1641  8694 I AdrenoGLES-0: Build Date                       : 09/24/20
04-17 11:39:42.875  1641  8694 I AdrenoGLES-0: OpenGL ES Shader Compiler Version: EV031.32.02.01
04-17 11:39:42.875  1641  8694 I AdrenoGLES-0: Local Branch                     : mybrancheafe5b6d-fb5b-f1b0-b904-5cb90179c3e0
04-17 11:39:42.875  1641  8694 I AdrenoGLES-0: Remote Branch                    : quic/gfx-adreno.lnx.1.0.r114-rel
04-17 11:39:42.875  1641  8694 I AdrenoGLES-0: Remote Branch                    : NONE
04-17 11:39:42.875  1641  8694 I AdrenoGLES-0: Reconstruct Branch               : NOTHING
04-17 11:39:42.875  1641  8694 I AdrenoGLES-0: Build Config                     : S P 10.0.7 AArch64
04-17 11:39:42.875  1641  8694 I AdrenoGLES-0: Driver Path                      : /vendor/lib64/egl/libGLESv2_adreno.so
04-17 11:39:42.883  1641  8694 I AdrenoGLES-0: PFP: 0x016ee190, ME: 0x00000000
04-17 11:39:43.086  3155  3155 W LocaleConfig: Failed to parse XML configuration from m3_button_group_child_size_change
04-17 11:39:43.086  3155  3155 W LocaleConfig: org.xmlpull.v1.XmlPullParserException: Unexpected start tag: found selector, expected locale-config
04-17 11:39:43.086  3155  3155 W LocaleConfig: 	at com.android.internal.util.XmlUtils.beginDocument(XmlUtils.java:1701)
04-17 11:39:43.086  3155  3155 W LocaleConfig: 	at android.app.LocaleConfig.parseLocaleConfig(LocaleConfig.java:204)
04-17 11:39:43.086  3155  3155 W LocaleConfig: 	at android.app.LocaleConfig.<init>(LocaleConfig.java:156)
04-17 11:39:43.086  3155  3155 W LocaleConfig: 	at android.app.LocaleConfig.fromContextIgnoringOverride(LocaleConfig.java:126)
04-17 11:39:43.086  3155  3155 W LocaleConfig: 	at android.app.ContextImpl.setResources(ContextImpl.java:3672)
04-17 11:39:43.086  3155  3155 W LocaleConfig: 	at android.app.ContextImpl.<init>(ContextImpl.java:3599)
04-17 11:39:43.086  3155  3155 W LocaleConfig: 	at android.app.ContextImpl.createApplicationContextAsUser(ContextImpl.java:2777)
04-17 11:39:43.086  3155  3155 W LocaleConfig: 	at android.app.ContextImpl.createApplicationContext(ContextImpl.java:2768)
04-17 11:39:43.086  3155  3155 W LocaleConfig: 	at android.content.ContextWrapper.createApplicationContext(ContextWrapper.java:1139)
04-17 11:39:43.086  3155  3155 W LocaleConfig: 	at android.app.Notification$Builder.recoverBuilder(Notification.java:7334)
04-17 11:39:43.086  3155  3155 W LocaleConfig: 	at android.ext.services.notification.NotificationEntry.<init>(go/retraceme a2165b383c7c7fbaaea02ced6998daf6ddee28de03c5f1acadd6984f59cff960:40)
04-17 11:39:43.086  3155  3155 W LocaleConfig: 	at android.ext.services.notification.Assistant.onNotificationPosted(go/retraceme a2165b383c7c7fbaaea02ced6998daf6ddee28de03c5f1acadd6984f59cff960:75)
04-17 11:39:43.086  3155  3155 W LocaleConfig: 	at android.service.notification.NotificationListenerService$MyHandler.handleMessage(NotificationListenerService.java:2476)
04-17 11:39:43.086  3155  3155 W LocaleConfig: 	at android.os.Handler.dispatchMessage(Handler.java:109)
04-17 11:39:43.086  3155  3155 W LocaleConfig: 	at android.os.Looper.loopOnce(Looper.java:232)
04-17 11:39:43.086  3155  3155 W LocaleConfig: 	at android.os.Looper.loop(Looper.java:317)
04-17 11:39:43.086  3155  3155 W LocaleConfig: 	at android.app.ActivityThread.main(ActivityThread.java:8934)
04-17 11:39:43.086  3155  3155 W LocaleConfig: 	at java.lang.reflect.Method.invoke(Native Method)
04-17 11:39:43.086  3155  3155 W LocaleConfig: 	at com.android.internal.os.RuntimeInit$MethodAndArgsCaller.run(RuntimeInit.java:591)
04-17 11:39:43.086  3155  3155 W LocaleConfig: 	at com.android.internal.os.ZygoteInit.main(ZygoteInit.java:911)
04-17 11:39:43.096  2437  2859 E ndroid.systemui: Resource 7f140000 is a complex map type.
04-17 11:39:43.096  2437  2859 W LocaleConfig: The resource file pointed to by the given resource ID isn't found.
04-17 11:39:43.097  2437  2859 E ndroid.systemui: Resource 7f140000 is a complex map type.
04-17 11:39:43.097  2437  2859 W LocaleConfig: The resource file pointed to by the given resource ID isn't found.
04-17 11:39:43.109  2437  2859 W HWUI    : Image decoding logging dropped!
04-17 11:39:43.115  2437  2859 W HWUI    : Image decoding logging dropped!
04-17 11:39:43.180  1641 19372 W ActivityManager: Foreground service started from background can not have location/camera/microphone access: service org.torproject.android/.service.OrbotService
04-17 11:39:43.455  2437  2859 W HWUI    : Image decoding logging dropped!
04-17 11:39:43.462  2437  2859 W HWUI    : Image decoding logging dropped!
04-17 11:39:44.078  3155  3155 W LocaleConfig: Failed to parse XML configuration from m3_button_group_child_size_change
04-17 11:39:44.078  3155  3155 W LocaleConfig: org.xmlpull.v1.XmlPullParserException: Unexpected start tag: found selector, expected locale-config
04-17 11:39:44.078  3155  3155 W LocaleConfig: 	at com.android.internal.util.XmlUtils.beginDocument(XmlUtils.java:1701)
04-17 11:39:44.078  3155  3155 W LocaleConfig: 	at android.app.LocaleConfig.parseLocaleConfig(LocaleConfig.java:204)
04-17 11:39:44.078  3155  3155 W LocaleConfig: 	at android.app.LocaleConfig.<init>(LocaleConfig.java:156)
04-17 11:39:44.078  3155  3155 W LocaleConfig: 	at android.app.LocaleConfig.fromContextIgnoringOverride(LocaleConfig.java:126)
04-17 11:39:44.078  3155  3155 W LocaleConfig: 	at android.app.ContextImpl.setResources(ContextImpl.java:3672)
04-17 11:39:44.078  3155  3155 W LocaleConfig: 	at android.app.ContextImpl.<init>(ContextImpl.java:3599)
04-17 11:39:44.078  3155  3155 W LocaleConfig: 	at android.app.ContextImpl.createApplicationContextAsUser(ContextImpl.java:2777)
04-17 11:39:44.078  3155  3155 W LocaleConfig: 	at android.app.ContextImpl.createApplicationContext(ContextImpl.java:2768)
04-17 11:39:44.078  3155  3155 W LocaleConfig: 	at android.content.ContextWrapper.createApplicationContext(ContextWrapper.java:1139)
04-17 11:39:44.078  3155  3155 W LocaleConfig: 	at android.app.Notification$Builder.recoverBuilder(Notification.java:7334)
04-17 11:39:44.078  3155  3155 W LocaleConfig: 	at android.ext.services.notification.NotificationEntry.<init>(go/retraceme a2165b383c7c7fbaaea02ced6998daf6ddee28de03c5f1acadd6984f59cff960:40)
04-17 11:39:44.078  3155  3155 W LocaleConfig: 	at android.ext.services.notification.Assistant.onNotificationPosted(go/retraceme a2165b383c7c7fbaaea02ced6998daf6ddee28de03c5f1acadd6984f59cff960:75)
04-17 11:39:44.078  3155  3155 W LocaleConfig: 	at android.service.notification.NotificationListenerService$MyHandler.handleMessage(NotificationListenerService.java:2476)
04-17 11:39:44.078  3155  3155 W LocaleConfig: 	at android.os.Handler.dispatchMessage(Handler.java:109)
04-17 11:39:44.078  3155  3155 W LocaleConfig: 	at android.os.Looper.loopOnce(Looper.java:232)
04-17 11:39:44.078  3155  3155 W LocaleConfig: 	at android.os.Looper.loop(Looper.java:317)
04-17 11:39:44.078  3155  3155 W LocaleConfig: 	at android.app.ActivityThread.main(ActivityThread.java:8934)
04-17 11:39:44.078  3155  3155 W LocaleConfig: 	at java.lang.reflect.Method.invoke(Native Method)
04-17 11:39:44.078  3155  3155 W LocaleConfig: 	at com.android.internal.os.RuntimeInit$MethodAndArgsCaller.run(RuntimeInit.java:591)
04-17 11:39:44.078  3155  3155 W LocaleConfig: 	at com.android.internal.os.ZygoteInit.main(ZygoteInit.java:911)
04-17 11:39:44.085  2437  2859 E ndroid.systemui: Resource 7f140000 is a complex map type.
04-17 11:39:44.085  2437  2859 W LocaleConfig: The resource file pointed to by the given resource ID isn't found.
04-17 11:39:44.086  2437  2859 E ndroid.systemui: Resource 7f140000 is a complex map type.
04-17 11:39:44.086  2437  2859 W LocaleConfig: The resource file pointed to by the given resource ID isn't found.
04-17 11:39:44.102  2437  2859 W HWUI    : Image decoding logging dropped!
04-17 11:39:44.106  2437  2859 W HWUI    : Image decoding logging dropped!
04-17 11:39:44.166  1641 19372 W ActivityManager: Foreground service started from background can not have location/camera/microphone access: service org.torproject.android/.service.OrbotService
04-17 11:39:44.193  3082 23155 I .gms.persistent: Explicit concurrent copying GC freed 5715KB AllocSpace bytes, 0(0B) LOS objects, 75% free, 22MB/90MB, paused 282us,70us total 267.674ms
04-17 11:39:44.430  2437  2859 W HWUI    : Image decoding logging dropped!
04-17 11:39:44.438  2437  2859 W HWUI    : Image decoding logging dropped!
04-17 11:39:44.702  1094  3015 I vendor.qti.bluetooth@1.0-ibs_handler: ProcessIbsCmd: Received IBS_WAKE_IND: 0xFD
04-17 11:39:44.702  1094  3015 D vendor.qti.bluetooth@1.0-ibs_handler: SerialClockVote: vote for UART CLK ON
04-17 11:39:44.703  1094  3015 D vendor.qti.bluetooth@1.0-wake_lock: Acquire wakelock is acquired 
04-17 11:39:44.703  1094  3015 I vendor.qti.bluetooth@1.0-ibs_handler: ProcessIbsCmd: Writing IBS_WAKE_ACK
04-17 11:39:44.744  1094  3015 I vendor.qti.bluetooth@1.0-ibs_handler: ProcessIbsCmd: Received IBS_SLEEP_IND: 0xFE
04-17 11:39:44.744  1094  3015 D vendor.qti.bluetooth@1.0-ibs_handler: SerialClockVote: vote for UART CLK OFF
04-17 11:39:44.872  1641  2328 E WifiStaIfaceAidlImpl: getCachedScanData failed with service-specific exception: android.os.ServiceSpecificException:  (code 4)
04-17 11:39:44.894  1094  2888 D vendor.qti.bluetooth@1.0-wake_lock: Release wakelock is released 
04-17 11:39:45.073  3155  3155 W LocaleConfig: Failed to parse XML configuration from m3_button_group_child_size_change
04-17 11:39:45.073  3155  3155 W LocaleConfig: org.xmlpull.v1.XmlPullParserException: Unexpected start tag: found selector, expected locale-config
04-17 11:39:45.073  3155  3155 W LocaleConfig: 	at com.android.internal.util.XmlUtils.beginDocument(XmlUtils.java:1701)
04-17 11:39:45.073  3155  3155 W LocaleConfig: 	at android.app.LocaleConfig.parseLocaleConfig(LocaleConfig.java:204)
04-17 11:39:45.073  3155  3155 W LocaleConfig: 	at android.app.LocaleConfig.<init>(LocaleConfig.java:156)
04-17 11:39:45.073  3155  3155 W LocaleConfig: 	at android.app.LocaleConfig.fromContextIgnoringOverride(LocaleConfig.java:126)
04-17 11:39:45.073  3155  3155 W LocaleConfig: 	at android.app.ContextImpl.setResources(ContextImpl.java:3672)
04-17 11:39:45.073  3155  3155 W LocaleConfig: 	at android.app.ContextImpl.<init>(ContextImpl.java:3599)
04-17 11:39:45.073  3155  3155 W LocaleConfig: 	at android.app.ContextImpl.createApplicationContextAsUser(ContextImpl.java:2777)
04-17 11:39:45.073  3155  3155 W LocaleConfig: 	at android.app.ContextImpl.createApplicationContext(ContextImpl.java:2768)
04-17 11:39:45.073  3155  3155 W LocaleConfig: 	at android.content.ContextWrapper.createApplicationContext(ContextWrapper.java:1139)
04-17 11:39:45.073  3155  3155 W LocaleConfig: 	at android.app.Notification$Builder.recoverBuilder(Notification.java:7334)
04-17 11:39:45.073  3155  3155 W LocaleConfig: 	at android.ext.services.notification.NotificationEntry.<init>(go/retraceme a2165b383c7c7fbaaea02ced6998daf6ddee28de03c5f1acadd6984f59cff960:40)
04-17 11:39:45.073  3155  3155 W LocaleConfig: 	at android.ext.services.notification.Assistant.onNotificationPosted(go/retraceme a2165b383c7c7fbaaea02ced6998daf6ddee28de03c5f1acadd6984f59cff960:75)
04-17 11:39:45.073  3155  3155 W LocaleConfig: 	at android.service.notification.NotificationListenerService$MyHandler.handleMessage(NotificationListenerService.java:2476)
04-17 11:39:45.073  3155  3155 W LocaleConfig: 	at android.os.Handler.dispatchMessage(Handler.java:109)
04-17 11:39:45.073  3155  3155 W LocaleConfig: 	at android.os.Looper.loopOnce(Looper.java:232)
04-17 11:39:45.073  3155  3155 W LocaleConfig: 	at android.os.Looper.loop(Looper.java:317)
04-17 11:39:45.073  3155  3155 W LocaleConfig: 	at android.app.ActivityThread.main(ActivityThread.java:8934)
04-17 11:39:45.073  3155  3155 W LocaleConfig: 	at java.lang.reflect.Method.invoke(Native Method)
04-17 11:39:45.073  3155  3155 W LocaleConfig: 	at com.android.internal.os.RuntimeInit$MethodAndArgsCaller.run(RuntimeInit.java:591)
04-17 11:39:45.073  3155  3155 W LocaleConfig: 	at com.android.internal.os.ZygoteInit.main(ZygoteInit.java:911)
04-17 11:39:45.097  2437  2859 E ndroid.systemui: Resource 7f140000 is a complex map type.
04-17 11:39:45.097  2437  2859 W LocaleConfig: The resource file pointed to by the given resource ID isn't found.
04-17 11:39:45.098  2437  2859 E ndroid.systemui: Resource 7f140000 is a complex map type.
04-17 11:39:45.098  2437  2859 W LocaleConfig: The resource file pointed to by the given resource ID isn't found.
04-17 11:39:45.111  2437  2859 W HWUI    : Image decoding logging dropped!
04-17 11:39:45.115  2437  2859 W HWUI    : Image decoding logging dropped!
04-17 11:39:45.143 23319 23324 W .pihole.android: Cleared Reference was only reachable from finalizer (only reported once)
04-17 11:39:45.156 23319 23324 I .pihole.android: Background concurrent copying GC freed 25MB AllocSpace bytes, 15(20MB) LOS objects, 72% free, 36MB/132MB, paused 239us,132us total 616.040ms
04-17 11:39:45.165  1641 19372 W ActivityManager: Foreground service started from background can not have location/camera/microphone access: service org.torproject.android/.service.OrbotService
04-17 11:39:45.220  1641  5204 E TaskPersister: File error accessing recents directory (directory doesn't exist?).
04-17 11:39:45.420  2437  2859 W HWUI    : Image decoding logging dropped!
04-17 11:39:45.426  2437  2859 W HWUI    : Image decoding logging dropped!
04-17 11:39:46.091  3155  3155 W LocaleConfig: Failed to parse XML configuration from m3_button_group_child_size_change
04-17 11:39:46.091  3155  3155 W LocaleConfig: org.xmlpull.v1.XmlPullParserException: Unexpected start tag: found selector, expected locale-config
04-17 11:39:46.091  3155  3155 W LocaleConfig: 	at com.android.internal.util.XmlUtils.beginDocument(XmlUtils.java:1701)
04-17 11:39:46.091  3155  3155 W LocaleConfig: 	at android.app.LocaleConfig.parseLocaleConfig(LocaleConfig.java:204)
04-17 11:39:46.091  3155  3155 W LocaleConfig: 	at android.app.LocaleConfig.<init>(LocaleConfig.java:156)
04-17 11:39:46.091  3155  3155 W LocaleConfig: 	at android.app.LocaleConfig.fromContextIgnoringOverride(LocaleConfig.java:126)
04-17 11:39:46.091  3155  3155 W LocaleConfig: 	at android.app.ContextImpl.setResources(ContextImpl.java:3672)
04-17 11:39:46.091  3155  3155 W LocaleConfig: 	at android.app.ContextImpl.<init>(ContextImpl.java:3599)
04-17 11:39:46.091  3155  3155 W LocaleConfig: 	at android.app.ContextImpl.createApplicationContextAsUser(ContextImpl.java:2777)
04-17 11:39:46.091  3155  3155 W LocaleConfig: 	at android.app.ContextImpl.createApplicationContext(ContextImpl.java:2768)
04-17 11:39:46.091  3155  3155 W LocaleConfig: 	at android.content.ContextWrapper.createApplicationContext(ContextWrapper.java:1139)
04-17 11:39:46.091  3155  3155 W LocaleConfig: 	at android.app.Notification$Builder.recoverBuilder(Notification.java:7334)
04-17 11:39:46.091  3155  3155 W LocaleConfig: 	at android.ext.services.notification.NotificationEntry.<init>(go/retraceme a2165b383c7c7fbaaea02ced6998daf6ddee28de03c5f1acadd6984f59cff960:40)
04-17 11:39:46.091  3155  3155 W LocaleConfig: 	at android.ext.services.notification.Assistant.onNotificationPosted(go/retraceme a2165b383c7c7fbaaea02ced6998daf6ddee28de03c5f1acadd6984f59cff960:75)
04-17 11:39:46.091  3155  3155 W LocaleConfig: 	at android.service.notification.NotificationListenerService$MyHandler.handleMessage(NotificationListenerService.java:2476)
04-17 11:39:46.091  3155  3155 W LocaleConfig: 	at android.os.Handler.dispatchMessage(Handler.java:109)
04-17 11:39:46.091  3155  3155 W LocaleConfig: 	at android.os.Looper.loopOnce(Looper.java:232)
04-17 11:39:46.091  3155  3155 W LocaleConfig: 	at android.os.Looper.loop(Looper.java:317)
04-17 11:39:46.091  3155  3155 W LocaleConfig: 	at android.app.ActivityThread.main(ActivityThread.java:8934)
04-17 11:39:46.091  3155  3155 W LocaleConfig: 	at java.lang.reflect.Method.invoke(Native Method)
04-17 11:39:46.091  3155  3155 W LocaleConfig: 	at com.android.internal.os.RuntimeInit$MethodAndArgsCaller.run(RuntimeInit.java:591)
04-17 11:39:46.091  3155  3155 W LocaleConfig: 	at com.android.internal.os.ZygoteInit.main(ZygoteInit.java:911)
04-17 11:39:46.112  1094  3015 I vendor.qti.bluetooth@1.0-ibs_handler: ProcessIbsCmd: Received IBS_WAKE_IND: 0xFD
04-17 11:39:46.112  1094  3015 D vendor.qti.bluetooth@1.0-ibs_handler: SerialClockVote: vote for UART CLK ON
04-17 11:39:46.113  2437  2859 E ndroid.systemui: Resource 7f140000 is a complex map type.
04-17 11:39:46.113  1094  3015 D vendor.qti.bluetooth@1.0-wake_lock: Acquire wakelock is acquired 
04-17 11:39:46.113  1094  3015 I vendor.qti.bluetooth@1.0-ibs_handler: ProcessIbsCmd: Writing IBS_WAKE_ACK
04-17 11:39:46.113  2437  2859 W LocaleConfig: The resource file pointed to by the given resource ID isn't found.
04-17 11:39:46.115  2437  2859 E ndroid.systemui: Resource 7f140000 is a complex map type.
04-17 11:39:46.115  2437  2859 W LocaleConfig: The resource file pointed to by the given resource ID isn't found.
04-17 11:39:46.125  2437  2859 W HWUI    : Image decoding logging dropped!
04-17 11:39:46.133  2437  2859 W HWUI    : Image decoding logging dropped!
04-17 11:39:46.154  1094  3015 I vendor.qti.bluetooth@1.0-ibs_handler: ProcessIbsCmd: Received IBS_SLEEP_IND: 0xFE
04-17 11:39:46.154  1094  3015 D vendor.qti.bluetooth@1.0-ibs_handler: SerialClockVote: vote for UART CLK OFF
04-17 11:39:46.154     0     0 I FG      : soc_work_fn: adjust_soc: s 100 r 141601 i 10253 v 4350818 t 250 cc 5 m 0xff
04-17 11:39:46.154     0     0 I FG      : soc_work_fn: adjust_soc: 000: 5f, fe, 16, 29
04-17 11:39:46.154     0     0 I FG      : soc_work_fn: adjust_soc: 019: bf, ff, 00, 00
04-17 11:39:46.154     0     0 I FG      : soc_work_fn: adjust_soc: 079: 02, c7, c2, 03
04-17 11:39:46.168  1641 19372 W ActivityManager: Foreground service started from background can not have location/camera/microphone access: service org.torproject.android/.service.OrbotService
04-17 11:39:46.307  1094  2888 D vendor.qti.bluetooth@1.0-wake_lock: Release wakelock is released 
04-17 11:39:46.410  3082 22550 I NearbyMediums: Found Fast Ble Advertisements :
04-17 11:39:46.410  3082 22550 I NearbyMediums: BleAdvertisement { version=2, socketVersion=2, isFast=true, serviceIdHash=null, data=[ 0x23 0x50 0x52 0x58 0x4e 0x11 0x32 0x0f 0xf4 0x4f 0x78 0x70 0x3c 0xe8 0x14 0xf4 0xad 0x92 0xa8 0x2d 0x33 0x45 0xc0 ], deviceToken=[ 0xe7 0xbf ], rxAdvertisement=null } : 7 times.
04-17 11:39:46.410  3082 22550 I NearbyMediums: Total 7 fast advertisements from 1 unique advertisers.
04-17 11:39:46.411  3082 22550 I NearbyMediums: Current Tracked Scanning Clients are : {NearbyConnections.EnvironmentMonitor, NearbySharing}
04-17 11:39:46.450  2437  2859 W HWUI    : Image decoding logging dropped!
04-17 11:39:46.458  2437  2859 W HWUI    : Image decoding logging dropped!
04-17 11:39:46.790     0     0 I binder  : 23374:23374 ioctl 40046210 7fe01ea8b4 returned -22
04-17 11:39:46.797  1641 19372 W ActivityTaskManager: callingPackage for (uid=2000, pid=23374) has no WPC
04-17 11:39:46.799  1641 19372 V GrammaticalInflectionUtils: AttributionSource: AttributionSource { uid = 10461, packageName = null, attributionTag = null, token = android.os.Binder@766bdc4, deviceId = 0, next = null } does not have READ_SYSTEM_GRAMMATICAL_GENDER permission.
04-17 11:39:46.800  1641 19372 W OptProp : Cannot read opt property android.window.PROPERTY_COMPAT_ALLOW_RESIZEABLE_ACTIVITY_OVERRIDES
04-17 11:39:46.800  1641 19372 W OptProp : Cannot read opt property android.window.PROPERTY_COMPAT_ALLOW_MIN_ASPECT_RATIO_OVERRIDE
04-17 11:39:46.808  1641 19372 W OptProp : Cannot read opt property android.window.PROPERTY_COMPAT_ALLOW_ORIENTATION_OVERRIDE
04-17 11:39:46.813  1641 19372 V SplashScreenExceptionList: SplashScreen checking exception for package org.pihole.android (target sdk:35) -> false
04-17 11:39:46.818  2437  2513 I ndroid.systemui: AssetManager2(0x7e671b8918) locale list changing from [] to [en-GB]
04-17 11:39:46.819  1641 19372 I ActivityTaskManager: START u0 {flg=0x10000000 cmp=org.pihole.android/.MainActivity} with LAUNCH_MULTIPLE from uid 2000 (BAL_ALLOW_PERMISSION) result code=0
04-17 11:39:46.819  2437  2482 V WindowManagerShell: Transition requested (#37): android.os.BinderProxy@32fce77 TransitionRequestInfo { type = OPEN, triggerTask = TaskInfo{userId=0 taskId=2364 effectiveUid=10461 displayId=0 isRunning=true baseIntent=Intent { flg=0x10000000 cmp=org.pihole.android/.MainActivity } baseActivity=ComponentInfo{org.pihole.android/org.pihole.android.MainActivity} topActivity=ComponentInfo{org.pihole.android/org.pihole.android.MainActivity} origActivity=null realActivity=ComponentInfo{org.pihole.android/org.pihole.android.MainActivity} numActivities=1 lastActiveTime=40859385 supportsMultiWindow=true resizeMode=1 isResizeable=true minWidth=-1 minHeight=-1 defaultMinSize=220 token=WCT{android.window.IWindowContainerToken$Stub$Proxy@34d5ae4} topActivityType=1 pictureInPictureParams=null shouldDockBigOverlays=false launchIntoPipHostTaskId=-1 lastParentTaskIdBeforePip=-1 displayCutoutSafeInsets=Rect(0, 75 - 0, 0) topActivityInfo=ActivityInfo{9f95b4d org.pihole.android.MainActivity} launchCookies=[] positionInParent=Point(0, 0) parentTaskId=-1 isFocused=false isVisible=false isVisibleRequested=false isTopActivityNoDisplay=false isSleeping=false locusId=null displayAreaFeatureId=1 isTopActivityTransparent=false isActivityStackTransparent=false lastNonFullscreenBounds=Rect(267, 602 - 814, 1682) capturedLink=null capturedLinkTimestamp=0 requestedVisibleTypes=-9 topActivityRequestOpenInBrowserEducationTimestamp=0 appCompatTaskInfo=AppCompatTaskInfo { topActivityInSizeCompat=false eligibleForLetterboxEducation= false isLetterboxEducationEnabled= false isLetterboxDoubleTapEnabled= false eligibleForUserAspectRatioButton= false topActivityBoundsLetterboxed= false isFromLetterboxDoubleTap= false topActivityLetterboxVerticalPosition= -1 topActivityLetterboxHorizontalPosition= -1 topActivityLetterboxWidth=-1 topActivityLetterboxHeight=-1 topActivityLetterboxAppWidth=-1 topActivityLetterboxAppHeight=-1 isUserFullscreenOverrideEnabled=false isSystemFullscreenOverrideEnabled=false hasMinAspectRatioOverride=false topActivityLetterboxBounds=null cameraCompatTaskInfo=CameraCompatTaskInfo { freeformCameraCompatMode=inactive}} topActivityMainWindowFrame=null}, pipChange = null, remoteTransition = null, displayChange = null, flags = 0, debugId = 37 }
04-17 11:39:46.819  2437  2482 D ShellSplitScreen: logExit: no-op, mLoggerSessionId is null
04-17 11:39:46.820  1641  2167 D CompatChangeReporter: Compat change id reported: 309578419; UID 10461; state: ENABLED
04-17 11:39:46.821  2771  2771 W SplitSelectStateCtor: Missing session instanceIds
04-17 11:39:46.821  2771  2771 D StatsLog: LAUNCHER_SPLIT_SELECTION_EXIT_INTERRUPTED
04-17 11:39:46.824  2437  2482 D WindowManagerShell: setLauncherKeepClearAreaHeight: visible=false, height=308
04-17 11:39:46.826  1641  2377 D BackgroundInstallControlService: Package event received: 0
04-17 11:39:46.828   950   950 I netd    : tetherGetStats() -> {[]} <1.18ms>
04-17 11:39:46.839  1182  1182 I BpBinder: onLastStrongRef automatically unlinking death recipients: 
04-17 11:39:46.840  1641  2377 D BackgroundInstallControlService: Package event received: 0
04-17 11:39:46.842  3897 23073 D ForegroundUtils: Foreground UID status:
04-17 11:39:46.842  3897 23073 D ForegroundUtils: UID: 10024 is in foreground: false
04-17 11:39:46.842  3897 23073 D ForegroundUtils: UID: 10150 is in foreground: true
04-17 11:39:46.842  3897 23073 D ForegroundUtils: UID: 10161 is in foreground: true
04-17 11:39:46.842  3897 23073 D ForegroundUtils: UID: 10175 is in foreground: true
04-17 11:39:46.842  3897 23073 D ForegroundUtils: UID: 10461 is in foreground: true
04-17 11:39:46.842  3897 23073 D ForegroundUtils: UID: 1010175 is in foreground: true
04-17 11:39:46.842  3897 23073 D ForegroundUtils: UID: 1010197 is in foreground: false
04-17 11:39:46.842  1641  2377 D BackgroundInstallControlService: Package event received: 0
04-17 11:39:46.842  1641  2377 D BackgroundInstallControlService: Package event received: 0
04-17 11:39:46.847 23319 23319 I .pihole.android: AssetManager2(0x7e6711d198) locale list changing from [] to [en-GB]
04-17 11:39:46.852  2437  2514 D SplashScreenView: Build android.window.SplashScreenView{4efacb9 V.E...... ......ID 0,0-0,0}
04-17 11:39:46.852  2437  2514 D SplashScreenView: Icon: view: android.widget.ImageView{c318fe V.ED..... ......I. 0,0-0,0 #1020525 android:id/splashscreen_icon_view} drawable: com.android.wm.shell.startingsurface.SplashscreenIconDrawableFactory$ImmobileIconDrawable@723385f size: 440
04-17 11:39:46.852  2437  2514 D SplashScreenView: Branding: view: android.view.View{da622ac G.ED..... ......I. 0,0-0,0 #1020524 android:id/splashscreen_branding_view} drawable: null size w: 0 h: 0
04-17 11:39:46.858  1641 19372 D CoreBackPreview: Window{aa18e u0 Splash Screen org.pihole.android}: Setting back callback OnBackInvokedCallbackInfo{mCallback=android.window.IOnBackInvokedCallback$Stub$Proxy@96581a8, mPriority=0, mIsAnimationCallback=false, mOverrideBehavior=0}
04-17 11:39:46.865  3740  3740 I SetupWizard: [fis] getDeferredSetupAvailabilityOfUser
04-17 11:39:46.865  3740  3740 I SetupWizard: [fis] return cached deferredSetupEnabledForUserFuture
04-17 11:39:46.877  1641  1751 V WindowManager: Sent Transition (#37) createdAt=04-17 11:39:46.801 via request=TransitionRequestInfo { type = OPEN, triggerTask = TaskInfo{userId=0 taskId=2364 effectiveUid=10461 displayId=0 isRunning=true baseIntent=Intent { flg=0x10000000 cmp=org.pihole.android/.MainActivity } baseActivity=ComponentInfo{org.pihole.android/org.pihole.android.MainActivity} topActivity=ComponentInfo{org.pihole.android/org.pihole.android.MainActivity} origActivity=null realActivity=ComponentInfo{org.pihole.android/org.pihole.android.MainActivity} numActivities=1 lastActiveTime=40859385 supportsMultiWindow=true resizeMode=1 isResizeable=true minWidth=-1 minHeight=-1 defaultMinSize=220 token=WCT{RemoteToken{b651054 Task{4e29342 #2364 type=standard A=10461:org.pihole.android}}} topActivityType=1 pictureInPictureParams=null shouldDockBigOverlays=false launchIntoPipHostTaskId=-1 lastParentTaskIdBeforePip=-1 displayCutoutSafeInsets=Rect(0, 75 - 0, 0) topActivityInfo=ActivityInfo{9f9bbfd org.pihole.android.MainActivity} launchCookies=[] positionInParent=Point(0, 0) parentTaskId=-1 isFocused=false isVisible=false isVisibleRequested=false isTopActivityNoDisplay=false isSleeping=false locusId=null displayAreaFeatureId=1 isTopActivityTransparent=false isActivityStackTransparent=false lastNonFullscreenBounds=Rect(267, 602 - 814, 1682) capturedLink=null capturedLinkTimestamp=0 requestedVisibleTypes=-9 topActivityRequestOpenInBrowserEducationTimestamp=0 appCompatTaskInfo=AppCompatTaskInfo { topActivityInSizeCompat=false eligibleForLetterboxEducation= false isLetterboxEducationEnabled= false isLetterboxDoubleTapEnabled= false eligibleForUserAspectRatioButton= false topActivityBoundsLetterboxed= false isFromLetterboxDoubleTap= false topActivityLetterboxVerticalPosition= -1 topActivityLetterboxHorizontalPosition= -1 topActivityLetterboxWidth=-1 topActivityLetterboxHeight=-1 topActivityLetterboxAppWidth=-1 topActivityLetterboxAppHeight=-1 isUserFullscreenOverrideEnabled=false isSystemFullscreenOverrideEnabled=false hasMinAspectRatioOverride=false topActivityLetterboxBounds=null cameraCompatTaskInfo=CameraCompatTaskInfo { freeformCameraCompatMode=inactive}} topActivityMainWindowFrame=null}, pipChange = null, remoteTransition = null, displayChange = null, flags = 0, debugId = 37 }
04-17 11:39:46.877  1641  1751 V WindowManager:     startWCT=WindowContainerTransaction { changes= {} hops= [] errorCallbackToken=null taskFragmentOrganizer=null }
04-17 11:39:46.877  1641  1751 V WindowManager:     info={id=37 t=OPEN f=0x0 trk=0 r=[0@Point(0, 0)] c=[
04-17 11:39:46.877  1641  1751 V WindowManager:         {WCT{RemoteToken{b651054 Task{4e29342 #2364 type=standard A=10461:org.pihole.android}}} m=OPEN f=NONE leash=Surface(name=Task=2364)/@0xacd5466 sb=Rect(0, 0 - 1080, 2340) eb=Rect(0, 0 - 1080, 2340) epz=Point(1080, 2340) d=0 taskParent=-1},
04-17 11:39:46.877  1641  1751 V WindowManager:         {WCT{RemoteToken{c3becfd Task{93c1e3a #2355 type=home}}} m=TO_BACK f=SHOW_WALLPAPER leash=Surface(name=Task=2355)/@0x2a8bca7 sb=Rect(0, 0 - 1080, 2340) eb=Rect(0, 0 - 1080, 2340) epz=Point(1080, 2340) d=0 taskParent=-1}
04-17 11:39:46.877  1641  1751 V WindowManager:     ]}
04-17 11:39:46.879  2437  3359 V WindowManagerShell: onTransitionReady(transaction=7048041334302)
04-17 11:39:46.879  2437  2482 V WindowManagerShell: onTransitionReady (#37) android.os.BinderProxy@32fce77: {id=37 t=OPEN f=0x0 trk=0 r=[0@Point(0, 0)] c=[
04-17 11:39:46.879  2437  2482 V WindowManagerShell:         {m=OPEN f=NONE leash=Surface(name=Task=2364)/@0xe4e2d62 sb=Rect(0, 0 - 1080, 2340) eb=Rect(0, 0 - 1080, 2340) epz=Point(1080, 2340) d=0 taskParent=-1},
04-17 11:39:46.879  2437  2482 V WindowManagerShell:         {m=TO_BACK f=SHOW_WALLPAPER leash=Surface(name=Task=2355)/@0x4e95ef3 sb=Rect(0, 0 - 1080, 2340) eb=Rect(0, 0 - 1080, 2340) epz=Point(1080, 2340) d=0 taskParent=-1}
04-17 11:39:46.879  2437  2482 V WindowManagerShell:     ]}
