04-17 11:40:12.118  2437  2859 W LocaleConfig: The resource file pointed to by the given resource ID isn't found.
04-17 11:40:12.131  2437  2859 W HWUI    : Image decoding logging dropped!
04-17 11:40:12.140  2437  2859 W HWUI    : Image decoding logging dropped!
04-17 11:40:12.183  1641  8345 W ActivityManager: Foreground service started from background can not have location/camera/microphone access: service org.torproject.android/.service.OrbotService
04-17 11:40:12.459  2437  2859 W HWUI    : Image decoding logging dropped!
04-17 11:40:12.465  2437  2859 W HWUI    : Image decoding logging dropped!
04-17 11:40:12.596  1094  3015 I vendor.qti.bluetooth@1.0-ibs_handler: ProcessIbsCmd: Received IBS_WAKE_IND: 0xFD
04-17 11:40:12.597  1094  3015 D vendor.qti.bluetooth@1.0-ibs_handler: SerialClockVote: vote for UART CLK ON
04-17 11:40:12.598  1094  3015 D vendor.qti.bluetooth@1.0-wake_lock: Acquire wakelock is acquired 
04-17 11:40:12.598  1094  3015 I vendor.qti.bluetooth@1.0-ibs_handler: ProcessIbsCmd: Writing IBS_WAKE_ACK
04-17 11:40:12.643  1094  3015 I vendor.qti.bluetooth@1.0-ibs_handler: ProcessIbsCmd: Received IBS_SLEEP_IND: 0xFE
04-17 11:40:12.643  1094  3015 D vendor.qti.bluetooth@1.0-ibs_handler: SerialClockVote: vote for UART CLK OFF
04-17 11:40:12.798  1094  2888 D vendor.qti.bluetooth@1.0-wake_lock: Release wakelock is released 
04-17 11:40:12.971  5671  5728 I id.gms.unstable: Explicit concurrent copying GC freed 299KB AllocSpace bytes, 0(0B) LOS objects, 49% free, 11MB/23MB, paused 341us,40us total 146.981ms
04-17 11:40:13.109  3155  3155 W LocaleConfig: Failed to parse XML configuration from m3_button_group_child_size_change
04-17 11:40:13.109  3155  3155 W LocaleConfig: org.xmlpull.v1.XmlPullParserException: Unexpected start tag: found selector, expected locale-config
04-17 11:40:13.109  3155  3155 W LocaleConfig: 	at com.android.internal.util.XmlUtils.beginDocument(XmlUtils.java:1701)
04-17 11:40:13.109  3155  3155 W LocaleConfig: 	at android.app.LocaleConfig.parseLocaleConfig(LocaleConfig.java:204)
04-17 11:40:13.109  3155  3155 W LocaleConfig: 	at android.app.LocaleConfig.<init>(LocaleConfig.java:156)
04-17 11:40:13.109  3155  3155 W LocaleConfig: 	at android.app.LocaleConfig.fromContextIgnoringOverride(LocaleConfig.java:126)
04-17 11:40:13.109  3155  3155 W LocaleConfig: 	at android.app.ContextImpl.setResources(ContextImpl.java:3672)
04-17 11:40:13.109  3155  3155 W LocaleConfig: 	at android.app.ContextImpl.<init>(ContextImpl.java:3599)
04-17 11:40:13.109  3155  3155 W LocaleConfig: 	at android.app.ContextImpl.createApplicationContextAsUser(ContextImpl.java:2777)
04-17 11:40:13.109  3155  3155 W LocaleConfig: 	at android.app.ContextImpl.createApplicationContext(ContextImpl.java:2768)
04-17 11:40:13.109  3155  3155 W LocaleConfig: 	at android.content.ContextWrapper.createApplicationContext(ContextWrapper.java:1139)
04-17 11:40:13.109  3155  3155 W LocaleConfig: 	at android.app.Notification$Builder.recoverBuilder(Notification.java:7334)
04-17 11:40:13.109  3155  3155 W LocaleConfig: 	at android.ext.services.notification.NotificationEntry.<init>(go/retraceme a2165b383c7c7fbaaea02ced6998daf6ddee28de03c5f1acadd6984f59cff960:40)
04-17 11:40:13.109  3155  3155 W LocaleConfig: 	at android.ext.services.notification.Assistant.onNotificationPosted(go/retraceme a2165b383c7c7fbaaea02ced6998daf6ddee28de03c5f1acadd6984f59cff960:75)
04-17 11:40:13.109  3155  3155 W LocaleConfig: 	at android.service.notification.NotificationListenerService$MyHandler.handleMessage(NotificationListenerService.java:2476)
04-17 11:40:13.109  3155  3155 W LocaleConfig: 	at android.os.Handler.dispatchMessage(Handler.java:109)
04-17 11:40:13.109  3155  3155 W LocaleConfig: 	at android.os.Looper.loopOnce(Looper.java:232)
04-17 11:40:13.109  3155  3155 W LocaleConfig: 	at android.os.Looper.loop(Looper.java:317)
04-17 11:40:13.109  3155  3155 W LocaleConfig: 	at android.app.ActivityThread.main(ActivityThread.java:8934)
04-17 11:40:13.109  3155  3155 W LocaleConfig: 	at java.lang.reflect.Method.invoke(Native Method)
04-17 11:40:13.109  3155  3155 W LocaleConfig: 	at com.android.internal.os.RuntimeInit$MethodAndArgsCaller.run(RuntimeInit.java:591)
04-17 11:40:13.109  3155  3155 W LocaleConfig: 	at com.android.internal.os.ZygoteInit.main(ZygoteInit.java:911)
04-17 11:40:13.128  2437  2859 E ndroid.systemui: Resource 7f140000 is a complex map type.
04-17 11:40:13.128  2437  2859 W LocaleConfig: The resource file pointed to by the given resource ID isn't found.
04-17 11:40:13.129  2437  2859 E ndroid.systemui: Resource 7f140000 is a complex map type.
04-17 11:40:13.130  2437  2859 W LocaleConfig: The resource file pointed to by the given resource ID isn't found.
04-17 11:40:13.138  2437  2859 W HWUI    : Image decoding logging dropped!
04-17 11:40:13.144  2437  2859 W HWUI    : Image decoding logging dropped!
04-17 11:40:13.183  1641  8345 W ActivityManager: Foreground service started from background can not have location/camera/microphone access: service org.torproject.android/.service.OrbotService
04-17 11:40:13.442  2437  2859 W HWUI    : Image decoding logging dropped!
04-17 11:40:13.446  2437  2859 W HWUI    : Image decoding logging dropped!
04-17 11:40:14.109  3155  3155 W LocaleConfig: Failed to parse XML configuration from m3_button_group_child_size_change
04-17 11:40:14.109  3155  3155 W LocaleConfig: org.xmlpull.v1.XmlPullParserException: Unexpected start tag: found selector, expected locale-config
04-17 11:40:14.109  3155  3155 W LocaleConfig: 	at com.android.internal.util.XmlUtils.beginDocument(XmlUtils.java:1701)
04-17 11:40:14.109  3155  3155 W LocaleConfig: 	at android.app.LocaleConfig.parseLocaleConfig(LocaleConfig.java:204)
04-17 11:40:14.109  3155  3155 W LocaleConfig: 	at android.app.LocaleConfig.<init>(LocaleConfig.java:156)
04-17 11:40:14.109  3155  3155 W LocaleConfig: 	at android.app.LocaleConfig.fromContextIgnoringOverride(LocaleConfig.java:126)
04-17 11:40:14.109  3155  3155 W LocaleConfig: 	at android.app.ContextImpl.setResources(ContextImpl.java:3672)
04-17 11:40:14.109  3155  3155 W LocaleConfig: 	at android.app.ContextImpl.<init>(ContextImpl.java:3599)
04-17 11:40:14.109  3155  3155 W LocaleConfig: 	at android.app.ContextImpl.createApplicationContextAsUser(ContextImpl.java:2777)
04-17 11:40:14.109  3155  3155 W LocaleConfig: 	at android.app.ContextImpl.createApplicationContext(ContextImpl.java:2768)
04-17 11:40:14.109  3155  3155 W LocaleConfig: 	at android.content.ContextWrapper.createApplicationContext(ContextWrapper.java:1139)
04-17 11:40:14.109  3155  3155 W LocaleConfig: 	at android.app.Notification$Builder.recoverBuilder(Notification.java:7334)
04-17 11:40:14.109  3155  3155 W LocaleConfig: 	at android.ext.services.notification.NotificationEntry.<init>(go/retraceme a2165b383c7c7fbaaea02ced6998daf6ddee28de03c5f1acadd6984f59cff960:40)
04-17 11:40:14.109  3155  3155 W LocaleConfig: 	at android.ext.services.notification.Assistant.onNotificationPosted(go/retraceme a2165b383c7c7fbaaea02ced6998daf6ddee28de03c5f1acadd6984f59cff960:75)
04-17 11:40:14.109  3155  3155 W LocaleConfig: 	at android.service.notification.NotificationListenerService$MyHandler.handleMessage(NotificationListenerService.java:2476)
04-17 11:40:14.109  3155  3155 W LocaleConfig: 	at android.os.Handler.dispatchMessage(Handler.java:109)
04-17 11:40:14.109  3155  3155 W LocaleConfig: 	at android.os.Looper.loopOnce(Looper.java:232)
04-17 11:40:14.109  3155  3155 W LocaleConfig: 	at android.os.Looper.loop(Looper.java:317)
04-17 11:40:14.109  3155  3155 W LocaleConfig: 	at android.app.ActivityThread.main(ActivityThread.java:8934)
04-17 11:40:14.109  3155  3155 W LocaleConfig: 	at java.lang.reflect.Method.invoke(Native Method)
04-17 11:40:14.109  3155  3155 W LocaleConfig: 	at com.android.internal.os.RuntimeInit$MethodAndArgsCaller.run(RuntimeInit.java:591)
04-17 11:40:14.109  3155  3155 W LocaleConfig: 	at com.android.internal.os.ZygoteInit.main(ZygoteInit.java:911)
04-17 11:40:14.130  1094  3015 I vendor.qti.bluetooth@1.0-ibs_handler: ProcessIbsCmd: Received IBS_WAKE_IND: 0xFD
04-17 11:40:14.130  1094  3015 D vendor.qti.bluetooth@1.0-ibs_handler: SerialClockVote: vote for UART CLK ON
04-17 11:40:14.131  1094  3015 D vendor.qti.bluetooth@1.0-wake_lock: Acquire wakelock is acquired 
04-17 11:40:14.131  1094  3015 I vendor.qti.bluetooth@1.0-ibs_handler: ProcessIbsCmd: Writing IBS_WAKE_ACK
04-17 11:40:14.137  2437  2859 E ndroid.systemui: Resource 7f140000 is a complex map type.
04-17 11:40:14.138  2437  2859 W LocaleConfig: The resource file pointed to by the given resource ID isn't found.
04-17 11:40:14.139  2437  2859 E ndroid.systemui: Resource 7f140000 is a complex map type.
04-17 11:40:14.139  2437  2859 W LocaleConfig: The resource file pointed to by the given resource ID isn't found.
04-17 11:40:14.148  2437  2859 W HWUI    : Image decoding logging dropped!
04-17 11:40:14.154  2437  2859 W HWUI    : Image decoding logging dropped!
04-17 11:40:14.173  1094  3015 I vendor.qti.bluetooth@1.0-ibs_handler: ProcessIbsCmd: Received IBS_SLEEP_IND: 0xFE
04-17 11:40:14.173  1094  3015 D vendor.qti.bluetooth@1.0-ibs_handler: SerialClockVote: vote for UART CLK OFF
04-17 11:40:14.186  1641  8345 W ActivityManager: Foreground service started from background can not have location/camera/microphone access: service org.torproject.android/.service.OrbotService
04-17 11:40:14.323  1094  2888 D vendor.qti.bluetooth@1.0-wake_lock: Release wakelock is released 
04-17 11:40:14.460  2437  2859 W HWUI    : Image decoding logging dropped!
04-17 11:40:14.466  2437  2859 W HWUI    : Image decoding logging dropped!
04-17 11:40:15.108  3155  3155 W LocaleConfig: Failed to parse XML configuration from m3_button_group_child_size_change
04-17 11:40:15.108  3155  3155 W LocaleConfig: org.xmlpull.v1.XmlPullParserException: Unexpected start tag: found selector, expected locale-config
04-17 11:40:15.108  3155  3155 W LocaleConfig: 	at com.android.internal.util.XmlUtils.beginDocument(XmlUtils.java:1701)
04-17 11:40:15.108  3155  3155 W LocaleConfig: 	at android.app.LocaleConfig.parseLocaleConfig(LocaleConfig.java:204)
04-17 11:40:15.108  3155  3155 W LocaleConfig: 	at android.app.LocaleConfig.<init>(LocaleConfig.java:156)
04-17 11:40:15.108  3155  3155 W LocaleConfig: 	at android.app.LocaleConfig.fromContextIgnoringOverride(LocaleConfig.java:126)
04-17 11:40:15.108  3155  3155 W LocaleConfig: 	at android.app.ContextImpl.setResources(ContextImpl.java:3672)
04-17 11:40:15.108  3155  3155 W LocaleConfig: 	at android.app.ContextImpl.<init>(ContextImpl.java:3599)
04-17 11:40:15.108  3155  3155 W LocaleConfig: 	at android.app.ContextImpl.createApplicationContextAsUser(ContextImpl.java:2777)
04-17 11:40:15.108  3155  3155 W LocaleConfig: 	at android.app.ContextImpl.createApplicationContext(ContextImpl.java:2768)
04-17 11:40:15.108  3155  3155 W LocaleConfig: 	at android.content.ContextWrapper.createApplicationContext(ContextWrapper.java:1139)
04-17 11:40:15.108  3155  3155 W LocaleConfig: 	at android.app.Notification$Builder.recoverBuilder(Notification.java:7334)
04-17 11:40:15.108  3155  3155 W LocaleConfig: 	at android.ext.services.notification.NotificationEntry.<init>(go/retraceme a2165b383c7c7fbaaea02ced6998daf6ddee28de03c5f1acadd6984f59cff960:40)
04-17 11:40:15.108  3155  3155 W LocaleConfig: 	at android.ext.services.notification.Assistant.onNotificationPosted(go/retraceme a2165b383c7c7fbaaea02ced6998daf6ddee28de03c5f1acadd6984f59cff960:75)
04-17 11:40:15.108  3155  3155 W LocaleConfig: 	at android.service.notification.NotificationListenerService$MyHandler.handleMessage(NotificationListenerService.java:2476)
04-17 11:40:15.108  3155  3155 W LocaleConfig: 	at android.os.Handler.dispatchMessage(Handler.java:109)
04-17 11:40:15.108  3155  3155 W LocaleConfig: 	at android.os.Looper.loopOnce(Looper.java:232)
04-17 11:40:15.108  3155  3155 W LocaleConfig: 	at android.os.Looper.loop(Looper.java:317)
04-17 11:40:15.108  3155  3155 W LocaleConfig: 	at android.app.ActivityThread.main(ActivityThread.java:8934)
04-17 11:40:15.108  3155  3155 W LocaleConfig: 	at java.lang.reflect.Method.invoke(Native Method)
04-17 11:40:15.108  3155  3155 W LocaleConfig: 	at com.android.internal.os.RuntimeInit$MethodAndArgsCaller.run(RuntimeInit.java:591)
04-17 11:40:15.108  3155  3155 W LocaleConfig: 	at com.android.internal.os.ZygoteInit.main(ZygoteInit.java:911)
04-17 11:40:15.109  1641  2328 E WifiStaIfaceAidlImpl: getCachedScanData failed with service-specific exception: android.os.ServiceSpecificException:  (code 4)
04-17 11:40:15.127  2437  2859 E ndroid.systemui: Resource 7f140000 is a complex map type.
04-17 11:40:15.128  2437  2859 W LocaleConfig: The resource file pointed to by the given resource ID isn't found.
04-17 11:40:15.129  2437  2859 E ndroid.systemui: Resource 7f140000 is a complex map type.
04-17 11:40:15.129  2437  2859 W LocaleConfig: The resource file pointed to by the given resource ID isn't found.
04-17 11:40:15.140  2437  2859 W HWUI    : Image decoding logging dropped!
04-17 11:40:15.147  2437  2859 W HWUI    : Image decoding logging dropped!
04-17 11:40:15.158     0     0 I         : process 9166 (ThreadPoolServi) no longer affine to cpu7
04-17 11:40:15.179  1641  8345 W ActivityManager: Foreground service started from background can not have location/camera/microphone access: service org.torproject.android/.service.OrbotService
04-17 11:40:15.317  1094  3015 I vendor.qti.bluetooth@1.0-ibs_handler: ProcessIbsCmd: Received IBS_WAKE_IND: 0xFD
04-17 11:40:15.317  1094  3015 D vendor.qti.bluetooth@1.0-ibs_handler: SerialClockVote: vote for UART CLK ON
04-17 11:40:15.321  1094  3015 D vendor.qti.bluetooth@1.0-wake_lock: Acquire wakelock is acquired 
04-17 11:40:15.321  1094  3015 I vendor.qti.bluetooth@1.0-ibs_handler: ProcessIbsCmd: Writing IBS_WAKE_ACK
04-17 11:40:15.362  1094  3015 I vendor.qti.bluetooth@1.0-ibs_handler: ProcessIbsCmd: Received IBS_SLEEP_IND: 0xFE
04-17 11:40:15.362  1094  3015 D vendor.qti.bluetooth@1.0-ibs_handler: SerialClockVote: vote for UART CLK OFF
04-17 11:40:15.443  2437  2859 W HWUI    : Image decoding logging dropped!
04-17 11:40:15.448  3082 22822 I NearbySharing: [RECEIVE_PROVIDER] stop called.
04-17 11:40:15.449  2437  2859 W HWUI    : Image decoding logging dropped!
04-17 11:40:15.449  3082 22822 I NearbySharing: Advertising has stopped
04-17 11:40:15.451  3082 22550 I NearbySharing: NearbySharing Internal event ReceiveManagerStopBroadcast
04-17 11:40:15.452  3082 22550 I NearbySharing: NearbySharing Internal event ReceiveManagerEnd
04-17 11:40:15.471  3082 21153 I NearbySharing: [ClearcutLog] ADVERTISE_DEVICE_PRESENCE_END sessionId=0 flowId=2849296496527915177 
04-17 11:40:15.472  3082  3103 I NearbyConnections: Client 8028911 requested advertising to stop.
04-17 11:40:15.480  2632  3038 I bluetooth_core::gatt:..: removing server (if any) associated with advertiser AdvertiserId(1)
04-17 11:40:15.480  3082 23396 I NearbySharing: Failed to log ADVERTISE_DEVICE_PRESENCE_END, due to clearcutLogger is null.
04-17 11:40:15.482  2632  2646 I bt_shim_advertiser: system/main/shim/le_advertising_manager.cc:80 Unregister: in shim layer
04-17 11:40:15.482  1094  1094 D vendor.qti.bluetooth@1.0-ibs_handler: SerialClockVote: vote for UART CLK ON
04-17 11:40:15.483  1094  1094 I vendor.qti.bluetooth@1.0-ibs_handler: DeviceWakeUp: Writing IBS_WAKE_IND
04-17 11:40:15.484  3082 21153 I NearbyMediums: Device token rotated, old deviceToken : [ 0x81 0x33 ].
04-17 11:40:15.485  3082 21153 D BluetoothAdapter: isLeEnabled(): ON
04-17 11:40:15.485  3082 22822 I NearbySharing: Start advertising with mode BACKGROUND certificate visibility SELF_SHARE data usage preference ONLINE, and bt advertising false with vendorId 0
04-17 11:40:15.485  3082 22822 I NearbySharing: Uwb feature is off.
04-17 11:40:15.485  3082 22822 I NearbySharing: Updating advertising options for [duea@905d0a4] providers
04-17 11:40:15.486  1094  3015 I vendor.qti.bluetooth@1.0-ibs_handler: ProcessIbsCmd: Received IBS_WAKE_ACK: 0xFC
04-17 11:40:15.486  2632  2884 I bluetooth: system/gd/hci/le_address_manager.cc:289 unregister_client: Client unregistered
04-17 11:40:15.487  3082 22822 I NearbySharing: [RECEIVE_PROVIDER] start called.
04-17 11:40:15.487  1094  3015 I vendor.qti.bluetooth@1.0-ibs_handler: ProcessIbsCmd: Received IBS_WAKE_IND: 0xFD
04-17 11:40:15.487  1094  3015 I vendor.qti.bluetooth@1.0-ibs_handler: ProcessIbsCmd: Writing IBS_WAKE_ACK
04-17 11:40:15.488  3082 22822 I NearbySharing: Advertising has started with mode BACKGROUND, Bt enabled : false
04-17 11:40:15.489  2632  2646 I bt_shim_advertiser: system/main/shim/le_advertising_manager.cc:155 StartAdvertisingSet: in shim layer
04-17 11:40:15.490  2632  2646 I bt_shim_advertiser: system/main/shim/le_advertising_manager.cc:174 StartAdvertisingSet: create advertising set, client_id:255, reg_id:-103
04-17 11:40:15.490  2632  2884 I bluetooth: system/gd/hci/le_advertising_manager.cc:663 create_extended_advertiser_with_id: Scheduling address rotation for advertiser_id=0
04-17 11:40:15.490  2632  2884 I bluetooth: system/gd/hci/le_address_manager.cc:593 GetNextPrivateAddressIntervalRange: client=advertising_set_0, nonwake=7m40s, wake=14m39s
04-17 11:40:15.490  2632  2884 I bluetooth: system/gd/hci/le_address_manager.cc:274 register_client: Client registered
04-17 11:40:15.492  2632  2884 I bluetooth: system/gd/hci/le_advertising_manager.cc:1709 on_set_advertising_set_random_address_complete: update random address for advertising set 0 : xx:xx:xx:xx:9d:d4
04-17 11:40:15.495  3082  3082 I NearbyMediums: [InstantOnLostManager] Start instant onLost extended advertising, hashes = [ 0x76 0x0c 0x0f 0x64 ].
04-17 11:40:15.495  3082 21153 I NearbyMediums: Successfully stopped BLE advertising for service NearbySharing
04-17 11:40:15.495  3082 21153 I NearbyMediums: Device token rotated, old deviceToken : null.
04-17 11:40:15.496  3082 21153 D BluetoothSocket: close() this: XX:XX:XX:XX:59:1C, channel: 12, mSocketIS: android.net.LocalSocketImpl$SocketInputStream@8b368ce, mSocketOS: android.net.LocalSocketImpl$SocketOutputStream@ba693ef, mSocket: android.net.LocalSocket@d9fefc impl:android.net.LocalSocketImpl@b6a8985 fd:java.io.FileDescriptor@42143da, mSocketState: LISTENING
04-17 11:40:15.496  3082 21153 I NearbyMediums: Stopped accepting Bluetooth Classic connections for NearbySharing.
04-17 11:40:15.496  3082 21153 I NearbyMediums: Can't stop accepting Wifi connections because it was never started.
04-17 11:40:15.496  3082 22484 D BluetoothSocket: close() this: XX:XX:XX:XX:59:1C, channel: 12, mSocketIS: android.net.LocalSocketImpl$SocketInputStream@8b368ce, mSocketOS: android.net.LocalSocketImpl$SocketOutputStream@ba693ef, mSocket: null, mSocketState: CLOSED
04-17 11:40:15.496  3082 21153 I NearbyMediums: Can't stop accepting WiFi connections because it was never started.
04-17 11:40:15.496  3082 21153 I NearbyMediums: Can't stop NFC advertising because it was never started.
04-17 11:40:15.497  3082 21153 I NearbyMediums: Skipping stop accepting connections: we are not currently accepting WebRTC connections for NearbySharing.
04-17 11:40:15.497  2632  3036 I bt_btif_sock_rfcomm: system/btif/src/btif_sock_rfc.cc:452 cleanup_rfc_slot: disconnected from RFCOMM socket connections for device: 00:00:00:00:00:00, scn: 12, app_uid: 10122, id: 54
04-17 11:40:15.497  2632  3036 I bt_bta_dm: system/bta/dm/bta_dm_act.cc:1257 bta_dm_set_eir: Generating extended inquiry response packet EIR
04-17 11:40:15.498  2632  2879 I bt_port_api: system/stack/rfcomm/port_api.cc:344 RFCOMM_RemoveServer: handle=25
04-17 11:40:15.502  3082 21153 I Nearby  : Successfully shutdown executor AnalyticsRecorder.analyticsExecutor. [CONTEXT service_id=49 ]
04-17 11:40:15.539  1094  3015 I vendor.qti.bluetooth@1.0-ibs_handler: ProcessIbsCmd: Received IBS_SLEEP_IND: 0xFE
04-17 11:40:15.542  3082 23397 I NearbySharing: Loading certificates with visibility SELF_SHARE
04-17 11:40:15.545  3082 23397 I NearbySharing: Saving the private certificate to file nearby_sharing_private_certificate_file_for_self.
04-17 11:40:15.575  3082 23397 I NearbySharing: Network state changed: NetworkState(isRestricted=false, isOnline=true, isCongested=false, isMetered=false, isWifiConnected=true)
04-17 11:40:15.576  3082 23397 I NearbySharing: Network state changed: NetworkState(isRestricted=false, isOnline=true, isCongested=false, isMetered=false, isWifiConnected=true)
04-17 11:40:15.580  3082  3103 I NearbyConnections: ClientProxy(0p:com.google.android.gms.nearby.sharing) allow WebRtc to use mobile data.
04-17 11:40:15.580  3082  3103 I NearbyConnections: Client 8028911 requested advertising to start.
04-17 11:40:15.580  3082 23397 I NearbyConnections: 8028911 0p:com.google.android.gms.nearby.sharing startAdvertising in nc mode.
04-17 11:40:15.581  3082 22484 I Nearby  : Note nearby client com.google.android.gms for operation android:bluetooth_advertise [CONTEXT service_id=49 ]
04-17 11:40:15.586  3082 22484 I NearbyConnections: [PcpManager] In startAdvertising() advertisingMediums:[BLE] upgradeMediums:[USB, WIFI_LAN, WIFI_DIRECT, WIFI_AWARE, WIFI_HOTSPOT, WEB_RTC, BLE_L2CAP, BLUETOOTH, BLE, NFC] listener:21398129
04-17 11:40:15.587  3082 22484 I NearbyConnections: Get local endpoint id from random generation WNEF (last:null) for client 8028911
04-17 11:40:15.587  3082 22484 I NearbyConnections: generateRxInstantConnectionAdvBytes() returns null due to supportInstantConnection not enabled.
04-17 11:40:15.594  2632  2646 I BtSocketManagerBinder: createSocketChannel: type=1, serviceName=NearbySharing, uuid=a82efa21-ae5c-3dde-9bbc-f16da7b16c5a, port=-1, from uid/pid=10122/3082
04-17 11:40:15.595  2632  2646 I bt_btif_sock: system/btif/src/btif_sock.cc:173 btsock_listen: Attempting listen for socket connections for device: 00:00:00:00:00:00, type: 1, channel: -1, app_uid: 10122, data_path: 0, hub_id: 0, endpoint_id: 0, max_rx_packet_size: 0
04-17 11:40:15.596  2632  2646 I bt_btif_sock_rfcomm: system/btif/src/btif_sock_rfc.cc:344 btsock_rfc_listen: Adding listening socket service_name: NearbySharing - channel: -1
04-17 11:40:15.596  2632  2879 I bt_btif_sock_rfcomm: system/btif/src/btif_sock_rfc.cc:736 jv_dm_cback: handling event:BTA_JV_GET_SCN_EVT, id:55
04-17 11:40:15.596  2632  2879 I bt_btif_sock_rfcomm: system/btif/src/btif_sock_rfc.cc:736 jv_dm_cback: handling event:BTA_JV_CREATE_RECORD_EVT, id:55
04-17 11:40:15.596  2632  2879 I bt_bta_dm: system/bta/dm/bta_dm_act.cc:1257 bta_dm_set_eir: Generating extended inquiry response packet EIR
04-17 11:40:15.596  2632  2879 W rfcomm_port_utils: system/stack/rfcomm/port_utils.cc:288 port_find_mcb: not found, bd_addr:ff:ff:ff:ff:ff:ff
04-17 11:40:15.597  2632  2879 I bt_port_api: system/stack/rfcomm/port_api.cc:214 RFCOMM_CreateConnectionWithSecurity: bd_addr=ff:ff:ff:ff:ff:ff, scn=13, is_server=true, mtu=990, uuid=0x0, dlci=26, signal_state=0xb, p_port=0x7c284d9b98
04-17 11:40:15.597  2632  2879 I bt_btif_sock_rfcomm: system/btif/src/btif_sock_rfc.cc:688 rfcomm_cback: handling BTA_JV_RFCOMM_START_EVT, rfcomm_slot_id:55
04-17 11:40:15.597  2632  2879 I bt_btif_sock_rfcomm: system/btif/src/btif_sock_rfc.cc:550 on_srv_rfc_listen_started: listening for RFCOMM socket connections for device: 00:00:00:00:00:00, scn: 13, app_uid: 10122, id: 55
04-17 11:40:15.598  3082 22484 I NearbyMediums: Started accepting Bluetooth Classic connections for NearbySharing.
04-17 11:40:15.598  3082 22550 D BluetoothSocket: accept(), timeout (ms):-1
04-17 11:40:15.599  1094  3015 I vendor.qti.bluetooth@1.0-ibs_handler: ProcessIbsCmd: Received IBS_WAKE_IND: 0xFD
04-17 11:40:15.599  1094  3015 I vendor.qti.bluetooth@1.0-ibs_handler: ProcessIbsCmd: Writing IBS_WAKE_ACK
04-17 11:40:15.615  3082 22484 I NearbyMediums: BLE extended advertising not started.
04-17 11:40:15.619  3082 22484 D BluetoothAdapter: isLeEnabled(): ON
04-17 11:40:15.626  2632  2646 I bt_shim_advertiser: system/main/shim/le_advertising_manager.cc:155 StartAdvertisingSet: in shim layer
04-17 11:40:15.627  2632  2646 I bt_shim_advertiser: system/main/shim/le_advertising_manager.cc:174 StartAdvertisingSet: create advertising set, client_id:255, reg_id:-104
04-17 11:40:15.627  2632  2884 I bluetooth: system/gd/hci/le_advertising_manager.cc:663 create_extended_advertiser_with_id: Scheduling address rotation for advertiser_id=1
04-17 11:40:15.627  2632  2884 I bluetooth: system/gd/hci/le_address_manager.cc:593 GetNextPrivateAddressIntervalRange: client=advertising_set_1, nonwake=7m53s, wake=13m54s
04-17 11:40:15.631  2632  2884 I bluetooth: system/gd/hci/le_advertising_manager.cc:1709 on_set_advertising_set_random_address_complete: update random address for advertising set 1 : xx:xx:xx:xx:00:08
04-17 11:40:15.639  3082 22484 I NearbyMediums: Started BLE Legacy advertising. Regular Header Advertised : false, Fast Advertised : true, AdvertisingSettings : BleAdvertisingSetting{powerLevel= BALANCED_POWER, isConnectable= false, isPrivateGatt= true}, isAcceptingConnection : false
04-17 11:40:15.639  3082 22484 I NearbyMediums: Successfully started BLE advertising of size 23 for service NearbySharing, deviceToken : [ 0x69 0xd1 ].
04-17 11:40:15.647  3082 22484 I NearbySharing: [broadcast provider] advertising started.
04-17 11:40:15.647  3082 22484 I NearbySharing: [broadcast controller] started.
04-17 11:40:15.647  3082 22484 I NearbySharing: [ReceiveManager] started.
04-17 11:40:15.648  3082 22484 I NearbySharing: NearbySharing Internal event ReceiveManagerStart(mode=2, isEveryoneMode=false, dataUsage=2, useQrCode=false, success=true)
04-17 11:40:15.650  3082 23397 I NearbySharing: [ClearcutLog] ADVERTISE_DEVICE_PRESENCE_START sessionId=0 flowId=2931998775166785876 sessionStatus: 1, visibility: 4
04-17 11:40:15.657  3082 22484 I NearbySharing: Failed to log ADVERTISE_DEVICE_PRESENCE_START, due to clearcutLogger is null.
04-17 11:40:15.674  1094  3015 I vendor.qti.bluetooth@1.0-ibs_handler: ProcessIbsCmd: Received IBS_SLEEP_IND: 0xFE
04-17 11:40:16.100  3155  3155 W LocaleConfig: Failed to parse XML configuration from m3_button_group_child_size_change
04-17 11:40:16.100  3155  3155 W LocaleConfig: org.xmlpull.v1.XmlPullParserException: Unexpected start tag: found selector, expected locale-config
04-17 11:40:16.100  3155  3155 W LocaleConfig: 	at com.android.internal.util.XmlUtils.beginDocument(XmlUtils.java:1701)
04-17 11:40:16.100  3155  3155 W LocaleConfig: 	at android.app.LocaleConfig.parseLocaleConfig(LocaleConfig.java:204)
04-17 11:40:16.100  3155  3155 W LocaleConfig: 	at android.app.LocaleConfig.<init>(LocaleConfig.java:156)
04-17 11:40:16.100  3155  3155 W LocaleConfig: 	at android.app.LocaleConfig.fromContextIgnoringOverride(LocaleConfig.java:126)
04-17 11:40:16.100  3155  3155 W LocaleConfig: 	at android.app.ContextImpl.setResources(ContextImpl.java:3672)
04-17 11:40:16.100  3155  3155 W LocaleConfig: 	at android.app.ContextImpl.<init>(ContextImpl.java:3599)
04-17 11:40:16.100  3155  3155 W LocaleConfig: 	at android.app.ContextImpl.createApplicationContextAsUser(ContextImpl.java:2777)
04-17 11:40:16.100  3155  3155 W LocaleConfig: 	at android.app.ContextImpl.createApplicationContext(ContextImpl.java:2768)
04-17 11:40:16.100  3155  3155 W LocaleConfig: 	at android.content.ContextWrapper.createApplicationContext(ContextWrapper.java:1139)
04-17 11:40:16.100  3155  3155 W LocaleConfig: 	at android.app.Notification$Builder.recoverBuilder(Notification.java:7334)
04-17 11:40:16.100  3155  3155 W LocaleConfig: 	at android.ext.services.notification.NotificationEntry.<init>(go/retraceme a2165b383c7c7fbaaea02ced6998daf6ddee28de03c5f1acadd6984f59cff960:40)
04-17 11:40:16.100  3155  3155 W LocaleConfig: 	at android.ext.services.notification.Assistant.onNotificationPosted(go/retraceme a2165b383c7c7fbaaea02ced6998daf6ddee28de03c5f1acadd6984f59cff960:75)
04-17 11:40:16.100  3155  3155 W LocaleConfig: 	at android.service.notification.NotificationListenerService$MyHandler.handleMessage(NotificationListenerService.java:2476)
04-17 11:40:16.100  3155  3155 W LocaleConfig: 	at android.os.Handler.dispatchMessage(Handler.java:109)
04-17 11:40:16.100  3155  3155 W LocaleConfig: 	at android.os.Looper.loopOnce(Looper.java:232)
04-17 11:40:16.100  3155  3155 W LocaleConfig: 	at android.os.Looper.loop(Looper.java:317)
04-17 11:40:16.100  3155  3155 W LocaleConfig: 	at android.app.ActivityThread.main(ActivityThread.java:8934)
04-17 11:40:16.100  3155  3155 W LocaleConfig: 	at java.lang.reflect.Method.invoke(Native Method)
04-17 11:40:16.100  3155  3155 W LocaleConfig: 	at com.android.internal.os.RuntimeInit$MethodAndArgsCaller.run(RuntimeInit.java:591)
04-17 11:40:16.100  3155  3155 W LocaleConfig: 	at com.android.internal.os.ZygoteInit.main(ZygoteInit.java:911)
04-17 11:40:16.121  2437  2859 E ndroid.systemui: Resource 7f140000 is a complex map type.
04-17 11:40:16.121  2437  2859 W LocaleConfig: The resource file pointed to by the given resource ID isn't found.
04-17 11:40:16.124  2437  2859 E ndroid.systemui: Resource 7f140000 is a complex map type.
04-17 11:40:16.124  2437  2859 W LocaleConfig: The resource file pointed to by the given resource ID isn't found.
04-17 11:40:16.133  2437  2859 W HWUI    : Image decoding logging dropped!
04-17 11:40:16.140  2437  2859 W HWUI    : Image decoding logging dropped!
04-17 11:40:16.180  1641  8345 W ActivityManager: Foreground service started from background can not have location/camera/microphone access: service org.torproject.android/.service.OrbotService
04-17 11:40:16.422  3082 22484 I NearbyMediums: Found Fast Ble Advertisements :
04-17 11:40:16.422  3082 22484 I NearbyMediums: BleAdvertisement { version=2, socketVersion=2, isFast=true, serviceIdHash=null, data=[ 0x23 0x50 0x52 0x58 0x4e 0x11 0x32 0x0f 0xf4 0x4f 0x78 0x70 0x3c 0xe8 0x14 0xf4 0xad 0x92 0xa8 0x2d 0x33 0x45 0xc0 ], deviceToken=[ 0xe7 0xbf ], rxAdvertisement=null } : 4 times.
04-17 11:40:16.422  3082 22484 I NearbyMediums: Total 4 fast advertisements from 1 unique advertisers.
04-17 11:40:16.422  3082 22484 I NearbyMediums: Current Tracked Scanning Clients are : {NearbyConnections.EnvironmentMonitor, NearbySharing}
04-17 11:40:16.453  2437  2859 W HWUI    : Image decoding logging dropped!
04-17 11:40:16.459  2437  2859 W HWUI    : Image decoding logging dropped!
04-17 11:40:16.633  1094  3018 I vendor.qti.bluetooth@1.0-ibs_handler: DeviceSleep: TX Awake, Sending SLEEP_IND
04-17 11:40:16.634  1094  3018 D vendor.qti.bluetooth@1.0-ibs_handler: SerialClockVote: vote for UART CLK OFF
04-17 11:40:16.796  1094  2888 D vendor.qti.bluetooth@1.0-wake_lock: Release wakelock is released 
04-17 11:40:16.937  1094  3015 I vendor.qti.bluetooth@1.0-ibs_handler: ProcessIbsCmd: Received IBS_WAKE_IND: 0xFD
04-17 11:40:16.937  1094  3015 D vendor.qti.bluetooth@1.0-ibs_handler: SerialClockVote: vote for UART CLK ON
04-17 11:40:16.940  1094  3015 D vendor.qti.bluetooth@1.0-wake_lock: Acquire wakelock is acquired 
04-17 11:40:16.940  1094  3015 I vendor.qti.bluetooth@1.0-ibs_handler: ProcessIbsCmd: Writing IBS_WAKE_ACK
04-17 11:40:16.982  1094  3015 I vendor.qti.bluetooth@1.0-ibs_handler: ProcessIbsCmd: Received IBS_SLEEP_IND: 0xFE
04-17 11:40:16.983  1094  3015 D vendor.qti.bluetooth@1.0-ibs_handler: SerialClockVote: vote for UART CLK OFF
04-17 11:40:17.101  3155  3155 W LocaleConfig: Failed to parse XML configuration from m3_button_group_child_size_change
04-17 11:40:17.101  3155  3155 W LocaleConfig: org.xmlpull.v1.XmlPullParserException: Unexpected start tag: found selector, expected locale-config
04-17 11:40:17.101  3155  3155 W LocaleConfig: 	at com.android.internal.util.XmlUtils.beginDocument(XmlUtils.java:1701)
04-17 11:40:17.101  3155  3155 W LocaleConfig: 	at android.app.LocaleConfig.parseLocaleConfig(LocaleConfig.java:204)
04-17 11:40:17.101  3155  3155 W LocaleConfig: 	at android.app.LocaleConfig.<init>(LocaleConfig.java:156)
04-17 11:40:17.101  3155  3155 W LocaleConfig: 	at android.app.LocaleConfig.fromContextIgnoringOverride(LocaleConfig.java:126)
04-17 11:40:17.101  3155  3155 W LocaleConfig: 	at android.app.ContextImpl.setResources(ContextImpl.java:3672)
04-17 11:40:17.101  3155  3155 W LocaleConfig: 	at android.app.ContextImpl.<init>(ContextImpl.java:3599)
04-17 11:40:17.101  3155  3155 W LocaleConfig: 	at android.app.ContextImpl.createApplicationContextAsUser(ContextImpl.java:2777)
04-17 11:40:17.101  3155  3155 W LocaleConfig: 	at android.app.ContextImpl.createApplicationContext(ContextImpl.java:2768)
04-17 11:40:17.101  3155  3155 W LocaleConfig: 	at android.content.ContextWrapper.createApplicationContext(ContextWrapper.java:1139)
04-17 11:40:17.101  3155  3155 W LocaleConfig: 	at android.app.Notification$Builder.recoverBuilder(Notification.java:7334)
04-17 11:40:17.101  3155  3155 W LocaleConfig: 	at android.ext.services.notification.NotificationEntry.<init>(go/retraceme a2165b383c7c7fbaaea02ced6998daf6ddee28de03c5f1acadd6984f59cff960:40)
04-17 11:40:17.101  3155  3155 W LocaleConfig: 	at android.ext.services.notification.Assistant.onNotificationPosted(go/retraceme a2165b383c7c7fbaaea02ced6998daf6ddee28de03c5f1acadd6984f59cff960:75)
04-17 11:40:17.101  3155  3155 W LocaleConfig: 	at android.service.notification.NotificationListenerService$MyHandler.handleMessage(NotificationListenerService.java:2476)
04-17 11:40:17.101  3155  3155 W LocaleConfig: 	at android.os.Handler.dispatchMessage(Handler.java:109)
04-17 11:40:17.101  3155  3155 W LocaleConfig: 	at android.os.Looper.loopOnce(Looper.java:232)
04-17 11:40:17.101  3155  3155 W LocaleConfig: 	at android.os.Looper.loop(Looper.java:317)
04-17 11:40:17.101  3155  3155 W LocaleConfig: 	at android.app.ActivityThread.main(ActivityThread.java:8934)
04-17 11:40:17.101  3155  3155 W LocaleConfig: 	at java.lang.reflect.Method.invoke(Native Method)
04-17 11:40:17.101  3155  3155 W LocaleConfig: 	at com.android.internal.os.RuntimeInit$MethodAndArgsCaller.run(RuntimeInit.java:591)
04-17 11:40:17.101  3155  3155 W LocaleConfig: 	at com.android.internal.os.ZygoteInit.main(ZygoteInit.java:911)
04-17 11:40:17.131  2437  2859 E ndroid.systemui: Resource 7f140000 is a complex map type.
04-17 11:40:17.132  2437  2859 W LocaleConfig: The resource file pointed to by the given resource ID isn't found.
04-17 11:40:17.133  1094  2888 D vendor.qti.bluetooth@1.0-wake_lock: Release wakelock is released 
04-17 11:40:17.133  2437  2859 E ndroid.systemui: Resource 7f140000 is a complex map type.
04-17 11:40:17.133  2437  2859 W LocaleConfig: The resource file pointed to by the given resource ID isn't found.
04-17 11:40:17.144  2437  2859 W HWUI    : Image decoding logging dropped!
04-17 11:40:17.152  2437  2859 W HWUI    : Image decoding logging dropped!
04-17 11:40:17.184  1641  8345 W ActivityManager: Foreground service started from background can not have location/camera/microphone access: service org.torproject.android/.service.OrbotService
04-17 11:40:17.463  2437  2859 W HWUI    : Image decoding logging dropped!
04-17 11:40:17.470  2437  2859 W HWUI    : Image decoding logging dropped!
04-17 11:40:17.501  2632  2646 I bt_shim_advertiser: system/main/shim/le_advertising_manager.cc:80 Unregister: in shim layer
04-17 11:40:17.501  2632  3038 I bluetooth_core::gatt:..: removing server (if any) associated with advertiser AdvertiserId(0)
04-17 11:40:17.502  1094  1094 D vendor.qti.bluetooth@1.0-ibs_handler: SerialClockVote: vote for UART CLK ON
04-17 11:40:17.503  1094  1094 D vendor.qti.bluetooth@1.0-wake_lock: Acquire wakelock is acquired 
04-17 11:40:17.504  1094  1094 I vendor.qti.bluetooth@1.0-ibs_handler: DeviceWakeUp: Writing IBS_WAKE_IND
04-17 11:40:17.507  1094  3015 I vendor.qti.bluetooth@1.0-ibs_handler: ProcessIbsCmd: Received IBS_WAKE_ACK: 0xFC
04-17 11:40:17.508  1094  3015 I vendor.qti.bluetooth@1.0-ibs_handler: ProcessIbsCmd: Received IBS_WAKE_IND: 0xFD
04-17 11:40:17.508  1094  3015 I vendor.qti.bluetooth@1.0-ibs_handler: ProcessIbsCmd: Writing IBS_WAKE_ACK
04-17 11:40:17.553  1094  3015 I vendor.qti.bluetooth@1.0-ibs_handler: ProcessIbsCmd: Received IBS_SLEEP_IND: 0xFE
04-17 11:40:18.121  3155  3155 W LocaleConfig: Failed to parse XML configuration from m3_button_group_child_size_change
04-17 11:40:18.121  3155  3155 W LocaleConfig: org.xmlpull.v1.XmlPullParserException: Unexpected start tag: found selector, expected locale-config
04-17 11:40:18.121  3155  3155 W LocaleConfig: 	at com.android.internal.util.XmlUtils.beginDocument(XmlUtils.java:1701)
04-17 11:40:18.121  3155  3155 W LocaleConfig: 	at android.app.LocaleConfig.parseLocaleConfig(LocaleConfig.java:204)
04-17 11:40:18.121  3155  3155 W LocaleConfig: 	at android.app.LocaleConfig.<init>(LocaleConfig.java:156)
04-17 11:40:18.121  3155  3155 W LocaleConfig: 	at android.app.LocaleConfig.fromContextIgnoringOverride(LocaleConfig.java:126)
04-17 11:40:18.121  3155  3155 W LocaleConfig: 	at android.app.ContextImpl.setResources(ContextImpl.java:3672)
04-17 11:40:18.121  3155  3155 W LocaleConfig: 	at android.app.ContextImpl.<init>(ContextImpl.java:3599)
04-17 11:40:18.121  3155  3155 W LocaleConfig: 	at android.app.ContextImpl.createApplicationContextAsUser(ContextImpl.java:2777)
04-17 11:40:18.121  3155  3155 W LocaleConfig: 	at android.app.ContextImpl.createApplicationContext(ContextImpl.java:2768)
04-17 11:40:18.121  3155  3155 W LocaleConfig: 	at android.content.ContextWrapper.createApplicationContext(ContextWrapper.java:1139)
04-17 11:40:18.121  3155  3155 W LocaleConfig: 	at android.app.Notification$Builder.recoverBuilder(Notification.java:7334)
04-17 11:40:18.121  3155  3155 W LocaleConfig: 	at android.ext.services.notification.NotificationEntry.<init>(go/retraceme a2165b383c7c7fbaaea02ced6998daf6ddee28de03c5f1acadd6984f59cff960:40)
04-17 11:40:18.121  3155  3155 W LocaleConfig: 	at android.ext.services.notification.Assistant.onNotificationPosted(go/retraceme a2165b383c7c7fbaaea02ced6998daf6ddee28de03c5f1acadd6984f59cff960:75)
04-17 11:40:18.121  3155  3155 W LocaleConfig: 	at android.service.notification.NotificationListenerService$MyHandler.handleMessage(NotificationListenerService.java:2476)
04-17 11:40:18.121  3155  3155 W LocaleConfig: 	at android.os.Handler.dispatchMessage(Handler.java:109)
04-17 11:40:18.121  3155  3155 W LocaleConfig: 	at android.os.Looper.loopOnce(Looper.java:232)
04-17 11:40:18.121  3155  3155 W LocaleConfig: 	at android.os.Looper.loop(Looper.java:317)
04-17 11:40:18.121  3155  3155 W LocaleConfig: 	at android.app.ActivityThread.main(ActivityThread.java:8934)
04-17 11:40:18.121  3155  3155 W LocaleConfig: 	at java.lang.reflect.Method.invoke(Native Method)
04-17 11:40:18.121  3155  3155 W LocaleConfig: 	at com.android.internal.os.RuntimeInit$MethodAndArgsCaller.run(RuntimeInit.java:591)
04-17 11:40:18.121  3155  3155 W LocaleConfig: 	at com.android.internal.os.ZygoteInit.main(ZygoteInit.java:911)
04-17 11:40:18.127  1641  2328 E WifiStaIfaceAidlImpl: getCachedScanData failed with service-specific exception: android.os.ServiceSpecificException:  (code 4)
04-17 11:40:18.133  2437  2859 E ndroid.systemui: Resource 7f140000 is a complex map type.
04-17 11:40:18.134  2437  2859 W LocaleConfig: The resource file pointed to by the given resource ID isn't found.
04-17 11:40:18.135  2437  2859 E ndroid.systemui: Resource 7f140000 is a complex map type.
04-17 11:40:18.135  2437  2859 W LocaleConfig: The resource file pointed to by the given resource ID isn't found.
04-17 11:40:18.147  2437  2859 W HWUI    : Image decoding logging dropped!
04-17 11:40:18.154  2437  2859 W HWUI    : Image decoding logging dropped!
04-17 11:40:18.152     0     0 I FG      : fg_battery_soc_smooth_tracking: soc:100, last_soc:100, raw_soc:100, soc_changed:1.
04-17 11:40:18.152     0     0 I FG      : soc_monitor_work: soc:100, raw_soc:100, c:9765, s:4
04-17 11:40:18.169  1094  3015 I vendor.qti.bluetooth@1.0-ibs_handler: ProcessIbsCmd: Received IBS_WAKE_IND: 0xFD
04-17 11:40:18.169  1094  3015 I vendor.qti.bluetooth@1.0-ibs_handler: ProcessIbsCmd: Writing IBS_WAKE_ACK
04-17 11:40:18.186  1641  8345 W ActivityManager: Foreground service started from background can not have location/camera/microphone access: service org.torproject.android/.service.OrbotService
04-17 11:40:18.210  1094  3015 I vendor.qti.bluetooth@1.0-ibs_handler: ProcessIbsCmd: Received IBS_SLEEP_IND: 0xFE
04-17 11:40:18.480  2437  2859 W HWUI    : Image decoding logging dropped!
04-17 11:40:18.487  2437  2859 W HWUI    : Image decoding logging dropped!
04-17 11:40:18.510  1094  3018 I vendor.qti.bluetooth@1.0-ibs_handler: DeviceSleep: TX Awake, Sending SLEEP_IND
04-17 11:40:18.510  1094  3018 D vendor.qti.bluetooth@1.0-ibs_handler: SerialClockVote: vote for UART CLK OFF
04-17 11:40:18.663  1094  2888 D vendor.qti.bluetooth@1.0-wake_lock: Release wakelock is released 
04-17 11:40:19.106  3155  3155 W LocaleConfig: Failed to parse XML configuration from m3_button_group_child_size_change
04-17 11:40:19.106  3155  3155 W LocaleConfig: org.xmlpull.v1.XmlPullParserException: Unexpected start tag: found selector, expected locale-config
04-17 11:40:19.106  3155  3155 W LocaleConfig: 	at com.android.internal.util.XmlUtils.beginDocument(XmlUtils.java:1701)
04-17 11:40:19.106  3155  3155 W LocaleConfig: 	at android.app.LocaleConfig.parseLocaleConfig(LocaleConfig.java:204)
04-17 11:40:19.106  3155  3155 W LocaleConfig: 	at android.app.LocaleConfig.<init>(LocaleConfig.java:156)
04-17 11:40:19.106  3155  3155 W LocaleConfig: 	at android.app.LocaleConfig.fromContextIgnoringOverride(LocaleConfig.java:126)
04-17 11:40:19.106  3155  3155 W LocaleConfig: 	at android.app.ContextImpl.setResources(ContextImpl.java:3672)
04-17 11:40:19.106  3155  3155 W LocaleConfig: 	at android.app.ContextImpl.<init>(ContextImpl.java:3599)
04-17 11:40:19.106  3155  3155 W LocaleConfig: 	at android.app.ContextImpl.createApplicationContextAsUser(ContextImpl.java:2777)
04-17 11:40:19.106  3155  3155 W LocaleConfig: 	at android.app.ContextImpl.createApplicationContext(ContextImpl.java:2768)
04-17 11:40:19.106  3155  3155 W LocaleConfig: 	at android.content.ContextWrapper.createApplicationContext(ContextWrapper.java:1139)
04-17 11:40:19.106  3155  3155 W LocaleConfig: 	at android.app.Notification$Builder.recoverBuilder(Notification.java:7334)
04-17 11:40:19.106  3155  3155 W LocaleConfig: 	at android.ext.services.notification.NotificationEntry.<init>(go/retraceme a2165b383c7c7fbaaea02ced6998daf6ddee28de03c5f1acadd6984f59cff960:40)
04-17 11:40:19.106  3155  3155 W LocaleConfig: 	at android.ext.services.notification.Assistant.onNotificationPosted(go/retraceme a2165b383c7c7fbaaea02ced6998daf6ddee28de03c5f1acadd6984f59cff960:75)
04-17 11:40:19.106  3155  3155 W LocaleConfig: 	at android.service.notification.NotificationListenerService$MyHandler.handleMessage(NotificationListenerService.java:2476)
04-17 11:40:19.106  3155  3155 W LocaleConfig: 	at android.os.Handler.dispatchMessage(Handler.java:109)
04-17 11:40:19.106  3155  3155 W LocaleConfig: 	at android.os.Looper.loopOnce(Looper.java:232)
04-17 11:40:19.106  3155  3155 W LocaleConfig: 	at android.os.Looper.loop(Looper.java:317)
04-17 11:40:19.106  3155  3155 W LocaleConfig: 	at android.app.ActivityThread.main(ActivityThread.java:8934)
04-17 11:40:19.106  3155  3155 W LocaleConfig: 	at java.lang.reflect.Method.invoke(Native Method)
04-17 11:40:19.106  3155  3155 W LocaleConfig: 	at com.android.internal.os.RuntimeInit$MethodAndArgsCaller.run(RuntimeInit.java:591)
04-17 11:40:19.106  3155  3155 W LocaleConfig: 	at com.android.internal.os.ZygoteInit.main(ZygoteInit.java:911)
04-17 11:40:19.127  2437  2859 E ndroid.systemui: Resource 7f140000 is a complex map type.
04-17 11:40:19.128  2437  2859 W LocaleConfig: The resource file pointed to by the given resource ID isn't found.
04-17 11:40:19.129  2437  2859 E ndroid.systemui: Resource 7f140000 is a complex map type.
04-17 11:40:19.129  2437  2859 W LocaleConfig: The resource file pointed to by the given resource ID isn't found.
04-17 11:40:19.139  2437  2859 W HWUI    : Image decoding logging dropped!
04-17 11:40:19.146  2437  2859 W HWUI    : Image decoding logging dropped!
04-17 11:40:19.186  1641 19372 W ActivityManager: Foreground service started from background can not have location/camera/microphone access: service org.torproject.android/.service.OrbotService
04-17 11:40:19.465  2437  2859 W HWUI    : Image decoding logging dropped!
04-17 11:40:19.472  2437  2859 W HWUI    : Image decoding logging dropped!
04-17 11:40:20.121  3155  3155 W LocaleConfig: Failed to parse XML configuration from m3_button_group_child_size_change
04-17 11:40:20.121  3155  3155 W LocaleConfig: org.xmlpull.v1.XmlPullParserException: Unexpected start tag: found selector, expected locale-config
04-17 11:40:20.121  3155  3155 W LocaleConfig: 	at com.android.internal.util.XmlUtils.beginDocument(XmlUtils.java:1701)
04-17 11:40:20.121  3155  3155 W LocaleConfig: 	at android.app.LocaleConfig.parseLocaleConfig(LocaleConfig.java:204)
04-17 11:40:20.121  3155  3155 W LocaleConfig: 	at android.app.LocaleConfig.<init>(LocaleConfig.java:156)
04-17 11:40:20.121  3155  3155 W LocaleConfig: 	at android.app.LocaleConfig.fromContextIgnoringOverride(LocaleConfig.java:126)
04-17 11:40:20.121  3155  3155 W LocaleConfig: 	at android.app.ContextImpl.setResources(ContextImpl.java:3672)
04-17 11:40:20.121  3155  3155 W LocaleConfig: 	at android.app.ContextImpl.<init>(ContextImpl.java:3599)
04-17 11:40:20.121  3155  3155 W LocaleConfig: 	at android.app.ContextImpl.createApplicationContextAsUser(ContextImpl.java:2777)
04-17 11:40:20.121  3155  3155 W LocaleConfig: 	at android.app.ContextImpl.createApplicationContext(ContextImpl.java:2768)
04-17 11:40:20.121  3155  3155 W LocaleConfig: 	at android.content.ContextWrapper.createApplicationContext(ContextWrapper.java:1139)
04-17 11:40:20.121  3155  3155 W LocaleConfig: 	at android.app.Notification$Builder.recoverBuilder(Notification.java:7334)
04-17 11:40:20.121  3155  3155 W LocaleConfig: 	at android.ext.services.notification.NotificationEntry.<init>(go/retraceme a2165b383c7c7fbaaea02ced6998daf6ddee28de03c5f1acadd6984f59cff960:40)
04-17 11:40:20.121  3155  3155 W LocaleConfig: 	at android.ext.services.notification.Assistant.onNotificationPosted(go/retraceme a2165b383c7c7fbaaea02ced6998daf6ddee28de03c5f1acadd6984f59cff960:75)
04-17 11:40:20.121  3155  3155 W LocaleConfig: 	at android.service.notification.NotificationListenerService$MyHandler.handleMessage(NotificationListenerService.java:2476)
04-17 11:40:20.121  3155  3155 W LocaleConfig: 	at android.os.Handler.dispatchMessage(Handler.java:109)
04-17 11:40:20.121  3155  3155 W LocaleConfig: 	at android.os.Looper.loopOnce(Looper.java:232)
04-17 11:40:20.121  3155  3155 W LocaleConfig: 	at android.os.Looper.loop(Looper.java:317)
04-17 11:40:20.121  3155  3155 W LocaleConfig: 	at android.app.ActivityThread.main(ActivityThread.java:8934)
04-17 11:40:20.121  3155  3155 W LocaleConfig: 	at java.lang.reflect.Method.invoke(Native Method)
04-17 11:40:20.121  3155  3155 W LocaleConfig: 	at com.android.internal.os.RuntimeInit$MethodAndArgsCaller.run(RuntimeInit.java:591)
04-17 11:40:20.121  3155  3155 W LocaleConfig: 	at com.android.internal.os.ZygoteInit.main(ZygoteInit.java:911)
04-17 11:40:20.136  2437  2859 E ndroid.systemui: Resource 7f140000 is a complex map type.
04-17 11:40:20.137  2437  2859 W LocaleConfig: The resource file pointed to by the given resource ID isn't found.
04-17 11:40:20.138  2437  2859 E ndroid.systemui: Resource 7f140000 is a complex map type.
04-17 11:40:20.138  2437  2859 W LocaleConfig: The resource file pointed to by the given resource ID isn't found.
04-17 11:40:20.150  2437  2859 W HWUI    : Image decoding logging dropped!
04-17 11:40:20.158  2437  2859 W HWUI    : Image decoding logging dropped!
04-17 11:40:20.187  1641 19372 W ActivityManager: Foreground service started from background can not have location/camera/microphone access: service org.torproject.android/.service.OrbotService
04-17 11:40:20.457  2437  2859 W HWUI    : Image decoding logging dropped!
04-17 11:40:20.464  2437  2859 W HWUI    : Image decoding logging dropped!
04-17 11:40:20.797     0     0 I         : process 9170 (Chrome_IOThread) no longer affine to cpu6
04-17 11:40:21.125  3155  3155 W LocaleConfig: Failed to parse XML configuration from m3_button_group_child_size_change
04-17 11:40:21.125  3155  3155 W LocaleConfig: org.xmlpull.v1.XmlPullParserException: Unexpected start tag: found selector, expected locale-config
04-17 11:40:21.125  3155  3155 W LocaleConfig: 	at com.android.internal.util.XmlUtils.beginDocument(XmlUtils.java:1701)
04-17 11:40:21.125  3155  3155 W LocaleConfig: 	at android.app.LocaleConfig.parseLocaleConfig(LocaleConfig.java:204)
04-17 11:40:21.125  3155  3155 W LocaleConfig: 	at android.app.LocaleConfig.<init>(LocaleConfig.java:156)
04-17 11:40:21.125  3155  3155 W LocaleConfig: 	at android.app.LocaleConfig.fromContextIgnoringOverride(LocaleConfig.java:126)
04-17 11:40:21.125  3155  3155 W LocaleConfig: 	at android.app.ContextImpl.setResources(ContextImpl.java:3672)
04-17 11:40:21.125  3155  3155 W LocaleConfig: 	at android.app.ContextImpl.<init>(ContextImpl.java:3599)
04-17 11:40:21.125  3155  3155 W LocaleConfig: 	at android.app.ContextImpl.createApplicationContextAsUser(ContextImpl.java:2777)
04-17 11:40:21.125  3155  3155 W LocaleConfig: 	at android.app.ContextImpl.createApplicationContext(ContextImpl.java:2768)
04-17 11:40:21.125  3155  3155 W LocaleConfig: 	at android.content.ContextWrapper.createApplicationContext(ContextWrapper.java:1139)
04-17 11:40:21.125  3155  3155 W LocaleConfig: 	at android.app.Notification$Builder.recoverBuilder(Notification.java:7334)
04-17 11:40:21.125  3155  3155 W LocaleConfig: 	at android.ext.services.notification.NotificationEntry.<init>(go/retraceme a2165b383c7c7fbaaea02ced6998daf6ddee28de03c5f1acadd6984f59cff960:40)
